***** External Functions *****
1    Advapi32.CloseServiceHandle                        isrt.obl(Service.obs)
2    Advapi32.OpenSCManagerA                            isrt.obl(Service.obs)
3    Advapi32.OpenServiceA                              isrt.obl(Service.obs)
4    Advapi32.QueryServiceStatus                        isrt.obl(Service.obs)
5    AppSearch                                          isrt.obl(Driver.obs)
6    CCPSearch                                          isrt.obl(Driver.obs)
7    CloseFile                                          isrt.obl(Files.obs)
8    CmdGetHwndDlg                                      isrt.obl(CustomDialog.obs)
9    ComponentAddFileToLog                              isrt.obl(component.obs)
10   ComponentCompareSizeRequired                       isrt.obl(component.obs)
11   ComponentErrorInfo                                 isrt.obl(component.obs)
12   ComponentFilterLanguage                            isrt.obl(component.obs)
13   ComponentFilterOS                                  isrt.obl(component.obs)
14   ComponentGetData                                   isrt.obl(component.obs)
15   ComponentGetTotalCost                              isrt.obl(component.obs)
16   ComponentIsItemSelected                            isrt.obl(component.obs)
17   ComponentListItems                                 isrt.obl(component.obs)
18   ComponentPatch                                     isrt.obl(component.obs)
19   ComponentReinstall                                 isrt.obl(component.obs)
20   ComponentRemoveAllInLogOnly                        isrt.obl(component.obs)
21   ComponentRemoveAllInMedia                          isrt.obl(component.obs)
22   ComponentRemoveAllInMediaAndLog                    isrt.obl(component.obs)
23   ComponentSaveTarget                                isrt.obl(component.obs)
24   ComponentSelectItem                                isrt.obl(component.obs)
25   ComponentSelectNew                                 isrt.obl(component.obs)
26   ComponentSetTarget                                 isrt.obl(component.obs)
27   ComponentSetupTypeSet                              isrt.obl(component.obs)
28   ComponentTransferData                              isrt.obl(component.obs)
29   ComponentTreeInit                                  isrt.obl(Dialogs.obs)
30   CreateDir                                          isrt.obl(Files.obs)
31   CreateFile                                         isrt.obl(Files.obs)
32   CreateInstallationInfo                             isrt.obl(Registry.obs)
33   CreateRegistrySet                                  isrt.obl(component.obs)
34   CtrlGetNotificationCode                            isrt.obl(CustomDialog.obs)
35   CtrlGetState                                       isrt.obl(CustomDialog.obs)
36   CtrlGetSubCommand                                  isrt.obl(CustomDialog.obs)
37   CtrlGetText                                        isrt.obl(CustomDialog.obs)
38   CtrlSelectText                                     isrt.obl(CustomDialog.obs)
39   CtrlSetState                                       isrt.obl(CustomDialog.obs)
40   CtrlSetText                                        isrt.obl(CustomDialog.obs)
41   DefineDialog                                       isrt.obl(CustomDialog.obs)
42   DeleteFile                                         isrt.obl(Files.obs)
43   DialogSetDefaultFont                               isrt.obl(Dialogs.obs)
44   DialogSetFont                                      isrt.obl(Dialogs.obs)
45   DialogSetInfo                                      isrt.obl(Dialogs.obs)
46   Disable                                            isrt.obl(Enable.obs)
47   DllSizeOf                                          isrt.obl(Str.obs)
48   Do                                                 isrt.obl(Misc.obs)
49   Enable                                             isrt.obl(Enable.obs)
50   EndCurrentDialog                                   isrt.obl(Dialogs.obs)
51   EndDialog                                          isrt.obl(CustomDialog.obs)
52   EnterDisk                                          isrt.obl(EnterDisk.obs)
53   ExistsDir                                          isrt.obl(Files.obs)
54   ExistsDisk                                         isrt.obl(Files.obs)
55   ExitInstall                                        isrt.obl(Driver.obs)
56   EzDefineDialog                                     isrt.obl(CustomDialog.obs)
57   FinalConstruct                                     ifx.obl(EventsPriv.obs)
58   FinalRelease                                       ifx.obl(EventsPriv.obs)
59   FindFile                                           isrt.obl(Files.obs)
60   FormatMessage                                      isrt.obl(Misc.obs)
61   GDI32.CreateRectRgn                                isrt.obl(AskDestPathDlg.obs)
62   GDI32.GetDeviceCaps                                isrt.obl(AskDestPathDlg.obs)
63   GetAppDataFolder                                   isrt.obl(SysVars.obs)
64   GetBillboard                                       isrt.obl(SysVars.obs)
65   GetCommonFiles                                     isrt.obl(SysVars.obs)
66   GetCurrentDialogName                               isrt.obl(Dialogs.obs)
67   GetDialogTitle                                     isrt.obl(Dialogs.obs)
68   GetDir                                             isrt.obl(Str.obs)
69   GetDisk                                            isrt.obl(Str.obs)
70   GetDiskSpace                                       isrt.obl(GSI.obs)
71   GetDiskSpaceEx                                     isrt.obl(GSI.obs)
72   GetEnabledIServices                                isrt.obl(SysVars.obs)
73   GetEngineDir                                       isrt.obl(SysVars.obs)
74   GetErrorMsg                                        isrt.obl(Dialogs.obs)
75   GetErrorTitle                                      isrt.obl(Dialogs.obs)
76   GetExtents                                         isrt.obl(GSI.obs)
77   GetISRes                                           isrt.obl(SysVars.obs)
78   GetInstanceGUID                                    isrt.obl(SysVars.obs)
79   GetLog                                             isrt.obl(SysVars.obs)
80   GetMaintOption                                     isrt.obl(SysVars.obs)
81   GetMaintenance                                     isrt.obl(SysVars.obs)
82   GetMultiInstanceCount                              isrt.obl(SysVars.obs)
83   GetOpenFileMode                                    isrt.obl(Files.obs)
84   GetProductGUID                                     isrt.obl(SysVars.obs)
85   GetProfSectionKeyCount                             isrt.obl(Profile.obs)
86   GetProfString                                      isrt.obl(Profile.obs)
87   GetProfStringList                                  isrt.obl(Profile.obs)
88   GetProgramFiles                                    isrt.obl(SysVars.obs)
89   GetRemoveAllMode                                   isrt.obl(SysVars.obs)
90   GetSelectedLanguage                                isrt.obl(SysVars.obs)
91   GetSelectedTreeComponent                           isrt.obl(CmptView.obs)
92   GetSupportDir                                      isrt.obl(SysVars.obs)
93   GetSystemInfo                                      isrt.obl(GSI.obs)
94   GetTempFolder                                      isrt.obl(SysVars.obs)
95   GetWinDir                                          isrt.obl(SysVars.obs)
96   GetWinSysDir                                       isrt.obl(SysVars.obs)
97   GetWindowHandle                                    isrt.obl(Misc.obs)
98   HIWORD                                             isrt.obl(Misc.obs)
99   ISDeterminePlatform                                isrt.obl(OsInfo.obs)
100  ISMIF32.InstallStatusMIF                           isrt.obl(MIF.obs)
101  ISRT.ComponentViewSetInfoEx                        isrt.obl(Dialogs.obs)
102  ISRT.EnableHourGlass                               isrt.obl(Enable.obs)
103  ISRT.GetCPUType                                    isrt.obl(GSI.obs)
104  ISRT.GetFontSub                                    isrt.obl(Dialogs.obs)
105  ISRT.GetHandle                                     setup.obs
106  ISRT.GetPorts                                      isrt.obl(GSI.obs)
107  ISRT.IsEmpty                                       setup.obs
108  ISRT.IsNTAdmin                                     isrt.obl(Is.obs)
109  ISRT.IsObject                                      setup.obs
110  ISRT.IsPowerUser                                   isrt.obl(Is.obs)
111  ISRT.LangLoadString                                isrt.obl(SDINT.obs)
112  ISRT.MessageBeepP                                  setup.obs
113  ISRT.PathCompactPathPixel                          isrt.obl(CustomDialog.obs)
114  ISRT.PathGetDir                                    isrt.obl(Str.obs)
115  ISRT.PathGetDrive                                  isrt.obl(Str.obs)
116  ISRT.PathGetFile                                   isrt.obl(Files.obs)
117  ISRT.PathGetFileExt                                isrt.obl(Str.obs)
118  ISRT.PathGetFileName                               isrt.obl(Str.obs)
119  ISRT.PathGetLongFromShort                          isrt.obl(Str.obs)
120  ISRT.PathGetPath                                   isrt.obl(Str.obs)
121  ISRT.PathGetSpecialFolder                          isrt.obl(SysVars.obs)
122  ISRT.PathIsValidSyntax                             isrt.obl(Is.obs)
123  ISRT._AppSearch                                    setup.obs
124  ISRT._BrowseForFolder                              isrt.obl(SelectDir.obs)
125  ISRT._CCPSearch                                    setup.obs
126  ISRT._CleanupInet                                  isrt.obl(MIO.obs)
127  ISRT._CloseFile                                    isrt.obl(Files.obs)
128  ISRT._CmdGetHwndDlg                                isrt.obl(CustomDialog.obs)
129  ISRT._ComponentCompareSizeRequired                 isrt.obl(component.obs)
130  ISRT._ComponentErrorInfo                           isrt.obl(component.obs)
131  ISRT._ComponentFilterLanguage                      isrt.obl(component.obs)
132  ISRT._ComponentFilterOS                            isrt.obl(component.obs)
133  ISRT._ComponentGetData                             isrt.obl(component.obs)
134  ISRT._ComponentGetTotalCost                        isrt.obl(component.obs)
135  ISRT._ComponentGetTotalCostEx                      isrt.obl(SdComponentTreeDlg.obs)
136  ISRT._ComponentIsItemSelected                      isrt.obl(component.obs)
137  ISRT._ComponentListItems                           isrt.obl(component.obs)
138  ISRT._ComponentPatch                               isrt.obl(component.obs)
139  ISRT._ComponentReinstall                           isrt.obl(component.obs)
140  ISRT._ComponentRemoveAll                           isrt.obl(component.obs)
141  ISRT._ComponentRemoveAllInLogOnly                  isrt.obl(component.obs)
142  ISRT._ComponentSaveTarget                          isrt.obl(component.obs)
143  ISRT._ComponentSelectItem                          isrt.obl(component.obs)
144  ISRT._ComponentSelectNew                           isrt.obl(component.obs)
145  ISRT._ComponentSetupTypeSet                        isrt.obl(component.obs)
146  ISRT._ComponentTransferData                        isrt.obl(component.obs)
147  ISRT._CreateDir                                    isrt.obl(Files.obs)
148  ISRT._CreateRegistrySet                            isrt.obl(component.obs)
149  ISRT._CtrlGetNotificationCode                      isrt.obl(CustomDialog.obs)
150  ISRT._CtrlGetSubCommand                            isrt.obl(CustomDialog.obs)
151  ISRT._DefineDialog                                 isrt.obl(CustomDialog.obs)
152  ISRT._DialogSetFont                                isrt.obl(Dialogs.obs)
153  ISRT._DisableStatus                                isrt.obl(Enable.obs)
154  ISRT._DoSprintf                                    isrt.obl(MsgBox.obs)
155  ISRT._EnableDialogCache                            isrt.obl(Enable.obs)
156  ISRT._EnablePrevDialog                             isrt.obl(AskDestPathDlg.obs)
157  ISRT._EnableSkins                                  isrt.obl(Enable.obs)
158  ISRT._EnableStatus                                 isrt.obl(Enable.obs)
159  ISRT._EndDialog                                    isrt.obl(CustomDialog.obs)
160  ISRT._ExistsDir                                    isrt.obl(Files.obs)
161  ISRT._ExistsDisk                                   isrt.obl(Files.obs)
162  ISRT._ExistsFile                                   isrt.obl(Files.obs)
163  ISRT._ExitInstall                                  setup.obs
164  ISRT._GetCurrentDialogName                         isrt.obl(Dialogs.obs)
165  ISRT._GetDiskSpaceEx                               isrt.obl(GSI.obs)
166  ISRT._GetDiskSpaceExEx                             isrt.obl(SdComponentTreeDlg.obs)
167  ISRT._GetGlobalMemorySize                          isrt.obl(GSI.obs)
168  ISRT._GetSelectedTreeComponent                     isrt.obl(CmptView.obs)
169  ISRT._GetSupportDir                                isrt.obl(SysVars.obs)
170  ISRT._InetEndofTransfer                            isrt.obl(iftw.obs)
171  ISRT._InetGetNextDisk                              isrt.obl(iftw.obs)
172  ISRT._InitInstall                                  setup.obs
173  ISRT._IsSkinLoaded                                 isrt.obl(Is.obs)
174  ISRT._IsWindowsME                                  isrt.obl(GSI.obs)
175  ISRT._ListAddItem                                  isrt.obl(scrlist.obs)
176  ISRT._ListAddString                                isrt.obl(scrlist.obs)
177  ISRT._ListCount                                    isrt.obl(scrlist.obs)
178  ISRT._ListCreate                                   isrt.obl(scrlist.obs)
179  ISRT._ListCurrentString                            isrt.obl(scrlist.obs)
180  ISRT._ListDeleteString                             isrt.obl(scrlist.obs)
181  ISRT._ListDestroy                                  isrt.obl(scrlist.obs)
182  ISRT._ListFindString                               isrt.obl(scrlist.obs)
183  ISRT._ListGetFirstItem                             isrt.obl(scrlist.obs)
184  ISRT._ListGetFirstString                           isrt.obl(scrlist.obs)
185  ISRT._ListGetNextItem                              isrt.obl(scrlist.obs)
186  ISRT._ListGetNextString                            isrt.obl(scrlist.obs)
187  ISRT._ListGetType                                  isrt.obl(scrlist.obs)
188  ISRT._ListSetIndex                                 isrt.obl(scrlist.obs)
189  ISRT._MediaGetInfo                                 isrt.obl(component.obs)
190  ISRT._OpenFile                                     isrt.obl(Files.obs)
191  ISRT._Preprogram                                   setup.obs
192  ISRT._Rebooted                                     setup.obs
193  ISRT._RegCreateKey                                 isrt.obl(Registry.obs)
194  ISRT._RegEnum                                      isrt.obl(Registry.obs)
195  ISRT._RegQueryKeyBinaryValue                       isrt.obl(Registry.obs)
196  ISRT._RegQueryKeyValue                             isrt.obl(Registry.obs)
197  ISRT._RegSetKeyBinaryValue                         isrt.obl(Registry.obs)
198  ISRT._RegSetKeyValue                               isrt.obl(Registry.obs)
199  ISRT._ReleaseDialog                                isrt.obl(CustomDialog.obs)
200  ISRT._SdShowMsg                                    isrt.obl(SDSMSG.obs)
201  ISRT._SetAltMainImage                              isrt.obl(Dialogs.obs)
202  ISRT._SetDisplayEffect                             isrt.obl(ui.obs)
203  ISRT._SetPaletteFile                               isrt.obl(MIO.obs)
204  ISRT._SetTitle                                     isrt.obl(ui.obs)
205  ISRT._SetupInet                                    isrt.obl(MIO.obs)
206  ISRT._ShowObjWizardPages                           isrt.obl(Objects.obs)
207  ISRT._ShowWizardPages                              setup.obs
208  ISRT._StatusUpdate                                 isrt.obl(ui.obs)
209  ISRT._TreeViewCreate                               isrt.obl(CmptView.obs)
210  ISRT._WaitOnDialog                                 isrt.obl(CustomDialog.obs)
211  ISRT._WriteLine                                    isrt.obl(Files.obs)
212  ISRT.__CreateObjectContext                         isrt.obl(ISRTInit.obs)
213  ISRT.__GetCmdLineOptions                           isrt.obl(ISRTInit.obs)
214  ISRT.__GetContextGUID                              isrt.obl(ISRTInit.obs)
215  ISRT.__GetEnabledIServices                         isrt.obl(SysVars.obs)
216  ISRT.__GetFileRegistrar                            isrt.obl(ISRTInit.obs)
217  ISRT.__GetInfo                                     isrt.obl(ISRTInit.obs)
218  ISRT.__GetInstallGuid                              isrt.obl(SysVars.obs)
219  ISRT.__GetLog                                      isrt.obl(SysVars.obs)
220  ISRT.__GetLogDB                                    isrt.obl(ISRTInit.obs)
221  ISRT.__GetMainWindow                               setup.obs
222  ISRT.__GetMaintOption                              isrt.obl(SysVars.obs)
223  ISRT.__GetMaintenanceMode                          isrt.obl(SysVars.obs)
224  ISRT.__GetObjects                                  isrt.obl(ISRTInit.obs)
225  ISRT.__GetProductGuid                              isrt.obl(SysVars.obs)
226  ISRT.__GetProgress                                 setup.obs
227  ISRT.__GetReboot                                   isrt.obl(ISRTInit.obs)
228  ISRT.__GetRemoveAllMode                            isrt.obl(SysVars.obs)
229  ISRT.__GetTextSub                                  isrt.obl(ISRTInit.obs)
230  ISRT.__GetUpdateMode                               isrt.obl(SysVars.obs)
231  ISRT.__GetUser                                     isrt.obl(MIO.obs)
232  ISRT.__ISRTGetPropertyBag                          ifx.obl(PersistPropertyBag.obs)
233  ISRT.__ISRTReleasePropertyBag                      ifx.obl(PersistPropertyBag.obs)
234  ISRT.__LoadString                                  isrt.obl(LoadStr.obs)
235  ISRT.__ReleaseObjectContext                        isrt.obl(ISRTInit.obs)
236  ISRT.__RestoreMainLog                              isrt.obl(ISRTInit.obs)
237  ISRT.__SetComponentLog                             isrt.obl(ISRTInit.obs)
238  ISRT.__SetUpdateMode                               isrt.obl(SysVars.obs)
239  ISRTPreprogram                                     isrt.obl(Driver.obs)
240  IfxFilterComponents                                ifx.obl(EventsSetupPriv.obs)
241  IfxFinalConstruct                                  ifx.obl(EventsSetupPriv.obs)
242  IfxFinalRelease                                    ifx.obl(EventsSetupPriv.obs)
243  IfxInitProperties                                  ifx.obl(PersistPropertyBag.obs)
244  IfxOnAbortInstall                                  ifx.obl(EventsPriv.obs)
245  IfxOnAppSearch                                     ifx.obl(EventsPriv.obs)
246  IfxOnCCPSearch                                     ifx.obl(EventsPriv.obs)
247  IfxOnCanceling                                     ifx.obl(EventsPriv.obs)
248  IfxOnDisk1Installed                                ifx.obl(EventsSetupPriv.obs)
249  IfxOnDisk1Installing                               ifx.obl(EventsSetupPriv.obs)
250  IfxOnExitInstall                                   ifx.obl(EventsSetupPriv.obs)
251  IfxOnFileError                                     ifx.obl(EventsSetupPriv.obs)
252  IfxOnFileLocked                                    ifx.obl(EventsSetupPriv.obs)
253  IfxOnFileReadOnly                                  ifx.obl(EventsSetupPriv.obs)
254  IfxOnHelp                                          ifx.obl(EventsPriv.obs)
255  IfxOnInitInstall                                   ifx.obl(EventsSetupPriv.obs)
256  IfxOnInternetError                                 ifx.obl(EventsSetupPriv.obs)
257  IfxOnMD5Error                                      ifx.obl(EventsSetupPriv.obs)
258  IfxOnNextDisk                                      ifx.obl(EventsSetupPriv.obs)
259  IfxOnRebooted                                      ifx.obl(EventsPriv.obs)
260  IfxOnRemovingSharedFile                            ifx.obl(EventsSetupPriv.obs)
261  IfxOnShowWizardPages                               ifx.obl(EventsSetupPriv.obs)
262  IfxOnTransferred                                   ifx.obl(EventsPriv.obs)
263  IfxOnTransferring                                  ifx.obl(EventsSetupPriv.obs)
264  IfxOnUnhandledException                            ifx.obl(EventsPriv.obs)
265  IfxPostprogram                                     ifx.obl(EventsSetupPriv.obs)
266  IfxPreprogram                                      ifx.obl(EventsSetupPriv.obs)
267  IfxReadProperties                                  ifx.obl(PersistPropertyBag.obs)
268  IfxRunAfterReboot                                  ifx.obl(EventsSetupPriv.obs)
269  IfxWriteProperties                                 ifx.obl(PersistPropertyBag.obs)
270  InetEndofTransfer                                  isrt.obl(iftw.obs)
271  InetNextDisk                                       isrt.obl(iftw.obs)
272  InitInstall                                        isrt.obl(Driver.obs)
273  InitProperties                                     ifx.obl(PersistPropertyBag.obs)
274  Is                                                 isrt.obl(Is.obs)
275  IsInetInstall                                      isrt.obl(iftw.obs)
276  KERNEL.GetModuleHandle                             setup.obs
277  KERNEL32.CloseHandle                               isrt.obl(AskDestPathDlg.obs)
278  KERNEL32.CreateFileA                               isrt.obl(AskDestPathDlg.obs)
279  KERNEL32.CreateProcess                             isrt.obl(AskDestPathDlg.obs)
280  KERNEL32.DeleteFileA                               isrt.obl(AskDestPathDlg.obs)
281  KERNEL32.FindClose                                 isrt.obl(AskDestPathDlg.obs)
282  KERNEL32.FindFirstFileA                            isrt.obl(AskDestPathDlg.obs)
283  KERNEL32.FindNextFileA                             isrt.obl(AskDestPathDlg.obs)
284  KERNEL32.FormatMessageA                            isrt.obl(AskDestPathDlg.obs)
285  KERNEL32.FreeLibrary                               isrt.obl(AskDestPathDlg.obs)
286  KERNEL32.GetDriveType                              isrt.obl(AskDestPathDlg.obs)
287  KERNEL32.GetExitCodeProcess                        isrt.obl(AskDestPathDlg.obs)
288  KERNEL32.GetFileAttributesA                        isrt.obl(AskDestPathDlg.obs)
289  KERNEL32.GetLocalTime                              isrt.obl(AskDestPathDlg.obs)
290  KERNEL32.GetLocaleInfo                             isrt.obl(AskDestPathDlg.obs)
291  KERNEL32.GetPrivateProfileSectionA                 isrt.obl(AskDestPathDlg.obs)
292  KERNEL32.GetPrivateProfileString                   isrt.obl(AskDestPathDlg.obs)
293  KERNEL32.GetPrivateProfileStringA                  isrt.obl(AskDestPathDlg.obs)
294  KERNEL32.GetProcAddress                            isrt.obl(AskDestPathDlg.obs)
295  KERNEL32.GetProfileStringA                         isrt.obl(AskDestPathDlg.obs)
296  KERNEL32.GetShortPathNameA                         isrt.obl(AskDestPathDlg.obs)
297  KERNEL32.GetSystemDefaultLCID                      isrt.obl(AskDestPathDlg.obs)
298  KERNEL32.GetUserDefaultLangID                      isrt.obl(AskDestPathDlg.obs)
299  KERNEL32.GetVersion                                isrt.obl(AskDestPathDlg.obs)
300  KERNEL32.GetVersionEx                              isrt.obl(AskDestPathDlg.obs)
301  KERNEL32.GetVolumeInformation                      isrt.obl(AskDestPathDlg.obs)
302  KERNEL32.GetWindowsDirectory                       isrt.obl(AskDestPathDlg.obs)
303  KERNEL32.LoadLibraryA                              isrt.obl(AskDestPathDlg.obs)
304  KERNEL32.SetFileAttributesA                        isrt.obl(AskDestPathDlg.obs)
305  KERNEL32.WritePrivateProfileString                 isrt.obl(AskDestPathDlg.obs)
306  KERNEL32.WritePrivateProfileStringA                isrt.obl(AskDestPathDlg.obs)
307  KERNEL32.WriteProfileStringA                       isrt.obl(AskDestPathDlg.obs)
308  KERNEL32.lstrlen                                   isrt.obl(AskDestPathDlg.obs)
309  LOWORD                                             isrt.obl(Misc.obs)
310  LaunchApp                                          isrt.obl(Extend.obs)
311  LaunchAppAndWait                                   isrt.obl(Extend.obs)
312  LaunchAppAndWaitInitStartupInfo                    isrt.obl(Extend.obs)
313  ListAddItem                                        isrt.obl(scrlist.obs)
314  ListAddString                                      isrt.obl(scrlist.obs)
315  ListCount                                          isrt.obl(scrlist.obs)
316  ListCreate                                         isrt.obl(scrlist.obs)
317  ListCurrentString                                  isrt.obl(scrlist.obs)
318  ListDeleteString                                   isrt.obl(scrlist.obs)
319  ListDestroy                                        isrt.obl(scrlist.obs)
320  ListFindString                                     isrt.obl(scrlist.obs)
321  ListGetFirstItem                                   isrt.obl(scrlist.obs)
322  ListGetFirstString                                 isrt.obl(scrlist.obs)
323  ListGetNextItem                                    isrt.obl(scrlist.obs)
324  ListGetNextString                                  isrt.obl(scrlist.obs)
325  ListGetType                                        isrt.obl(scrlist.obs)
326  ListSetIndex                                       isrt.obl(scrlist.obs)
327  LoadStringFromStringTable                          isrt.obl(Str.obs)
328  LongPathFromShortPath                              isrt.obl(Str.obs)
329  LongPathToQuote                                    isrt.obl(Str.obs)
330  LongPathToShortPath                                isrt.obl(Str.obs)
331  MAKELONG                                           isrt.obl(Misc.obs)
332  MIFCreateMIFFile                                   isrt.obl(MIF.obs)
333  MIFDeleteMIFFile                                   isrt.obl(MIF.obs)
334  MIFInitialize                                      isrt.obl(MIF.obs)
335  MIFSetInformation                                  isrt.obl(MIF.obs)
336  MIFUnInitialize                                    isrt.obl(MIF.obs)
337  MIFWasSetInformationCalled                         isrt.obl(MIF.obs)
338  MIOShutdown                                        isrt.obl(MIO.obs)
339  MIOStartup                                         isrt.obl(MIO.obs)
340  Main_Install                                       setup.obs
341  Main_UnInstall                                     setup.obs
342  MaintenanceStart                                   isrt.obl(Registry.obs)
343  MediaGetData                                       isrt.obl(component.obs)
344  MessageBeep                                        isrt.obl(Misc.obs)
345  MessageBox                                         isrt.obl(MsgBox.obs)
346  MessageBoxEx                                       isrt.obl(MsgBox.obs)
347  OnAbort                                            ifx.obl(EventsSetup.obs)
348  OnAppSearch                                        ifx.obl(EventsSetup.obs)
349  OnBegin                                            ifx.obl(EventsSetup.obs)
350  OnCCPSearch                                        ifx.obl(EventsSetup.obs)
351  OnCanceling                                        ifx.obl(EventsSetup.obs)
352  OnComponentError                                   ifx.obl(EventsSetup.obs)
353  OnEnd                                              ifx.obl(EventsSetup.obs)
354  OnFileError                                        ifx.obl(EventsSetup.obs)
355  OnFileLocked                                       ifx.obl(EventsSetup.obs)
356  OnFileReadOnly                                     ifx.obl(EventsSetup.obs)
357  OnFilterComponents                                 ifx.obl(EventsSetup.obs)
358  OnFirstUIAfter                                     ifx.obl(EventsSetup.obs)
359  OnFirstUIBefore                                    setup.obs
360  OnHelp                                             ifx.obl(EventsSetup.obs)
361  OnInstallingFile                                   ifx.obl(EventsSetup.obs)
362  OnInternetError                                    ifx.obl(EventsSetup.obs)
363  OnMD5Error                                         ifx.obl(EventsSetup.obs)
364  OnMaintUIAfter                                     ifx.obl(EventsSetup.obs)
365  OnMaintUIBefore                                    setup.obs
366  OnMoveData                                         ifx.obl(EventsSetup.obs)
367  OnMoved                                            ifx.obl(EventsSetup.obs)
368  OnMoving                                           ifx.obl(EventsSetup.obs)
369  OnNextDisk                                         ifx.obl(EventsSetup.obs)
370  OnRebooted                                         ifx.obl(EventsSetup.obs)
371  OnRemovingSharedFile                               ifx.obl(EventsSetup.obs)
372  OnSelfRegistrationError                            ifx.obl(EventsSetup.obs)
373  OnSetUpdateMode                                    ifx.obl(EventsSetup.obs)
374  OnShowUI                                           ifx.obl(EventsSetup.obs)
375  OnUnhandledException                               ifx.obl(EventsPriv.obs)
376  OnUninstallingFile                                 ifx.obl(EventsSetup.obs)
377  OnUpdateUIAfter                                    ifx.obl(EventsSetup.obs)
378  OnUpdateUIBefore                                   setup.obs
379  OpenFileMode                                       isrt.obl(Files.obs)
380  PCRestoreInit                                      isrt.obl(PCRestore.obs)
381  PCRestoreOnAbort                                   isrt.obl(PCRestore.obs)
382  PCRestoreOnBegin                                   isrt.obl(PCRestore.obs)
383  PCRestoreOnExit                                    isrt.obl(PCRestore.obs)
384  ParsePath                                          isrt.obl(Str.obs)
385  Postprogram                                        ifx.obl(EventsSetupPriv.obs)
386  Preprogram                                         ifx.obl(EventsSetupPriv.obs)
387  ProgDefGroupType                                   isrt.obl(Shell.obs)
388  ProgGetGroupType                                   isrt.obl(Shell.obs)
389  PthFixPath                                         isrt.obl(Pth.obs)
390  PthIsAbsPath                                       isrt.obl(Pth.obs)
391  ReadProperties                                     ifx.obl(PersistPropertyBag.obs)
392  Rebooted                                           isrt.obl(Driver.obs)
393  RegDBGetDefaultRoot                                isrt.obl(Registry.obs)
394  RegDBGetItem                                       isrt.obl(Registry.obs)
395  RegDBGetKeyValueEx                                 isrt.obl(Registry.obs)
396  RegDBInit                                          isrt.obl(Registry.obs)
397  RegDBQueryKey                                      isrt.obl(Registry.obs)
398  RegDBQueryKeyCount                                 isrt.obl(Registry.obs)
399  RegDBQueryStringMultiStringCount                   isrt.obl(Registry.obs)
400  RegDBQueryValue                                    isrt.obl(Registry.obs)
401  RegDBSetDefaultRoot                                isrt.obl(Registry.obs)
402  RegDBSetItem                                       isrt.obl(Registry.obs)
403  RegDBSetKeyValueEx                                 isrt.obl(Registry.obs)
404  RegDBSetValue                                      isrt.obl(Registry.obs)
405  RegDBSetVersion                                    isrt.obl(Registry.obs)
406  ReleaseDialog                                      isrt.obl(CustomDialog.obs)
407  SdAskDestPath2                                     isrt.obl(SdAskDestPath2Dlg.obs)
408  SdCloseDlg                                         isrt.obl(SDINT.obs)
409  SdComponentDlgCheckSpace                           isrt.obl(SDINT.obs)
410  SdComponentTree                                    isrt.obl(SdComponentTreeDlg.obs)
411  SdDlgToTop                                         isrt.obl(SDINT.obs)
412  SdDoStdButton                                      isrt.obl(SDINT.obs)
413  SdEnablement                                       isrt.obl(SDINT.obs)
414  SdError                                            isrt.obl(SDINT.obs)
415  SdFinish                                           isrt.obl(SdFinishDlg.obs)
416  SdFinishReboot                                     isrt.obl(SdFinishRebootDlg.obs)
417  SdFinishUpdateEx                                   isrt.obl(SdFinishUpdate.obs)
418  SdGeneralInit                                      isrt.obl(SDINT.obs)
419  SdGetUserCompanyInfo                               isrt.obl(SDINT.obs)
420  SdInit                                             isrt.obl(SDINT.obs)
421  SdIsStdButton                                      isrt.obl(SDINT.obs)
422  SdLoadString                                       isrt.obl(SDINT.obs)
423  SdMakeName                                         isrt.obl(SDINT.obs)
424  SdPlugInProductName                                isrt.obl(SDINT.obs)
425  SdRegisterUser                                     isrt.obl(SdRegisterUserDlg.obs)
426  SdSetDlgTitle                                      isrt.obl(SDINT.obs)
427  SdSetStatic                                        isrt.obl(SDINT.obs)
428  SdShowMsg                                          isrt.obl(SDSMSG.obs)
429  SdStartCopy2                                       isrt.obl(SdStartCopy2Dlg.obs)
430  SdSubstituteProductInfo                            isrt.obl(SDINT.obs)
431  SdUnInit                                           isrt.obl(SDINT.obs)
432  SdWelcome                                          isrt.obl(SdWelcomeDlg.obs)
433  SdWelcomeMaint                                     isrt.obl(SdWelcomeMaintDlg.obs)
434  SelectDir                                          isrt.obl(SelectDir.obs)
435  SelectDirNoLog                                     isrt.obl(SelectDir.obs)
436  SendMessage                                        isrt.obl(Misc.obs)
437  ServiceGetServiceState                             isrt.obl(Service.obs)
438  ServiceInitParams                                  isrt.obl(Service.obs)
439  SetCmdLine                                         isrt.obl(SysVars.obs)
440  SetDialogTitle                                     isrt.obl(Dialogs.obs)
441  SetDisplayEffect                                   isrt.obl(ui.obs)
442  SetExtendedErrInfo                                 isrt.obl(IsUtil.obs)
443  SetFolderDesktop                                   isrt.obl(SysVars.obs)
444  SetFolderPrograms                                  isrt.obl(SysVars.obs)
445  SetFolderStartMenu                                 isrt.obl(SysVars.obs)
446  SetFolderStartup                                   isrt.obl(SysVars.obs)
447  SetStatusWindow                                    isrt.obl(ui.obs)
448  SetTitle                                           isrt.obl(ui.obs)
449  SetupType2                                         isrt.obl(SetupType2Dlg.obs)
450  ShowObjWizardPages                                 isrt.obl(Objects.obs)
451  ShowWizardPages                                    isrt.obl(Driver.obs)
452  SilentCreateFile                                   isrt.obl(Silent.obs)
453  SilentDoGeneralInfo                                isrt.obl(Silent.obs)
454  SilentFailed                                       isrt.obl(Silent.obs)
455  SilentFinish                                       isrt.obl(Silent.obs)
456  SilentGetMode                                      isrt.obl(Silent.obs)
457  SilentInit                                         isrt.obl(Silent.obs)
458  SilentLogWriteData                                 isrt.obl(Silent.obs)
459  SilentReadData                                     isrt.obl(Silent.obs)
460  SilentSetInfo                                      isrt.obl(Silent.obs)
461  SilentSetMode                                      isrt.obl(Silent.obs)
462  SilentWriteData                                    isrt.obl(Silent.obs)
463  Sprintf                                            isrt.obl(Str.obs)
464  SprintfBox                                         isrt.obl(MsgBox.obs)
465  StatusUpdate                                       isrt.obl(ui.obs)
466  StrAddLastSlash                                    isrt.obl(Str.obs)
467  StrFindEx                                          isrt.obl(Str.obs)
468  StrGetTokens                                       isrt.obl(Str.obs)
469  StrLength                                          isrt.obl(Str.obs)
470  StrRemoveLastSlash                                 isrt.obl(Str.obs)
471  StrRemoveSpaces                                    isrt.obl(Str.obs)
472  StrReplace                                         isrt.obl(Str.obs)
473  StrToNumHex                                        isrt.obl(Str.obs)
474  StrToUpper                                         isrt.obl(Str.obs)
475  SysVarsInit                                        isrt.obl(SysVars.obs)
476  SysVarsUnInit                                      isrt.obl(SysVars.obs)
477  System                                             isrt.obl(Misc.obs)
478  TreeViewCreate                                     isrt.obl(CmptView.obs)
479  USER.EnableWindow                                  setup.obs
480  USER.GetClassName                                  setup.obs
481  USER.GetDC                                         setup.obs
482  USER.GetDlgItem                                    setup.obs
483  USER.GetFocus                                      setup.obs
484  USER.GetWindowLong                                 setup.obs
485  USER.IsIconic                                      setup.obs
486  USER.IsWindow                                      setup.obs
487  USER.IsWindowVisible                               isrt.obl(AskDestPathDlg.obs)
488  USER.LoadString                                    setup.obs
489  USER.ReleaseDC                                     setup.obs
490  USER.SendMessageA                                  isrt.obl(AskDestPathDlg.obs)
491  USER.SetFocus                                      setup.obs
492  USER.SetForegroundWindow                           isrt.obl(AskDestPathDlg.obs)
493  USER.SetWindowPos                                  setup.obs
494  USER.SetWindowText                                 setup.obs
495  USER.ShowWindow                                    setup.obs
496  USER32.CharUpperBuffA                              isrt.obl(AskDestPathDlg.obs)
497  USER32.GetSystemMetrics                            isrt.obl(AskDestPathDlg.obs)
498  USER32.GetWindowText                               isrt.obl(AskDestPathDlg.obs)
499  USER32.GetWindowTextLength                         isrt.obl(AskDestPathDlg.obs)
500  USER32.MessageBoxA                                 isrt.obl(AskDestPathDlg.obs)
501  USER32.MsgWaitForMultipleObjects                   isrt.obl(AskDestPathDlg.obs)
502  USER32.PeekMessageA                                isrt.obl(AskDestPathDlg.obs)
503  USER32.SendMessageA                                isrt.obl(AskDestPathDlg.obs)
504  USER32.SetWindowLong                               isrt.obl(AskDestPathDlg.obs)
505  USER32.SetWindowRgn                                isrt.obl(AskDestPathDlg.obs)
506  UpdateServiceCheckForUpdates                       isrt.obl(ISUpdateService.obs)
507  UpdateServiceInitTargets                           isrt.obl(ISUpdateService.obs)
508  UpdateServiceRegisterProduct                       isrt.obl(ISUpdateService.obs)
509  VarRestore                                         isrt.obl(SysVars.obs)
510  VarSave                                            isrt.obl(SysVars.obs)
511  VerProductCompareVersions                          isrt.obl(version.obs)
512  VerProductGetInstalledVersion                      isrt.obl(version.obs)
513  VerProductIsVersionSupported                       isrt.obl(version.obs)
514  VerProductNumToStr                                 isrt.obl(version.obs)
515  VerProductStrToNum                                 isrt.obl(version.obs)
516  VerProductVerFromVerParts                          isrt.obl(version.obs)
517  VerProductVerPartsFromVer                          isrt.obl(version.obs)
518  WaitOnDialog                                       isrt.obl(CustomDialog.obs)
519  WriteLine                                          isrt.obl(Files.obs)
520  WriteProfInt                                       isrt.obl(Profile.obs)
521  WriteProfString                                    isrt.obl(Profile.obs)
522  WriteProperties                                    ifx.obl(PersistPropertyBag.obs)
523  _HandleException                                   isrt.obl(exceptions.obs)
524  __ISRTDoExit                                       isrt.obl(Misc.obs)
525  __ISRTInit                                         isrt.obl(ISRTInit.obs)
526  __ISRTRestoreMainLog                               isrt.obl(ISRTInit.obs)
527  __ISRTSetComponentLog                              isrt.obl(ISRTInit.obs)
528  __ISRTUnInit                                       isrt.obl(ISRTInit.obs)
529  __LoadIScriptString                                isrt.obl(LoadStr.obs)
530  program                                            ifx.obl(EventsSetupPriv.obs)
531  sfc.SRSetRestorePoint                              setup.obs


***** External Variables *****
1    ADDREMOVE                                          isrt.obl(DebugSymbols.obs)
2    ALLUSERS                                           setup.obs
3    BATCH_INSTALL                                      setup.obs
4    CMDLINE                                            isrt.obl(DebugSymbols.obs)
5    COMMONFILES                                        isrt.obl(DebugSymbols.obs)
6    DISABLE_ALLUSERBTN                                 setup.obs
7    DISABLE_PERUSERBTN                                 setup.obs
8    DISK1TARGET                                        setup.obs
9    ENABLED_ISERVICES                                  isrt.obl(DebugSymbols.obs)
10   ENGINECOMMONDIR                                    isrt.obl(DebugSymbols.obs)
11   ENGINEDIR                                          isrt.obl(DebugSymbols.obs)
12   ERRORFILENAME                                      setup.obs
13   Err                                                setup.obs
14   FILETIME                                           isrt.obl(AskDestPathDlg.obs)
15   FIND_DATA                                          isrt.obl(AskDestPathDlg.obs)
16   FOLDER_APPDATA                                     isrt.obl(DebugSymbols.obs)
17   FOLDER_DESKTOP                                     isrt.obl(DebugSymbols.obs)
18   FOLDER_PERSONAL                                    isrt.obl(DebugSymbols.obs)
19   FOLDER_PROGRAMS                                    isrt.obl(DebugSymbols.obs)
20   FOLDER_STARTMENU                                   isrt.obl(DebugSymbols.obs)
21   FOLDER_STARTUP                                     isrt.obl(DebugSymbols.obs)
22   FOLDER_TEMP                                        isrt.obl(DebugSymbols.obs)
23   FileRegistrar                                      setup.obs
24   IFX_COMPANY_NAME                                   setup.obs
25   IFX_DISK1INSTALLED                                 setup.obs
26   IFX_INITIALIZED                                    setup.obs
27   IFX_INSTALLED_DISPLAY_VERSION                      setup.obs
28   IFX_INSTALLED_VERSION                              setup.obs
29   IFX_PRODUCT_DISPLAY_NAME                           setup.obs
30   IFX_PRODUCT_DISPLAY_VERSION                        setup.obs
31   IFX_PRODUCT_KEY                                    setup.obs
32   IFX_PRODUCT_NAME                                   setup.obs
33   IFX_PRODUCT_VERSION                                setup.obs
34   IFX_SETUP_TITLE                                    setup.obs
35   IFX_SUPPORTED_VERSIONS                             setup.obs
36   INSTANCE_GUID                                      isrt.obl(DebugSymbols.obs)
37   ISRES                                              isrt.obl(DebugSymbols.obs)
38   ISUSER                                             isrt.obl(DebugSymbols.obs)
39   ISUTIL_FUNCTION_ACTUAL_ERROR                       setup.obs
40   ISUTIL_LINE_NUMBER                                 setup.obs
41   ISUTIL_SCRIPT_FILE                                 setup.obs
42   ISVERSION                                          isrt.obl(DebugSymbols.obs)
43   InetSRCDIR                                         setup.obs
44   LAAW_PARAMETERS                                    setup.obs
45   LAAW_PROCESS_INFORMATION                           setup.obs
46   LAAW_STARTUPINFO                                   setup.obs
47   LAST_RESULT                                        setup.obs
48   LogDB                                              setup.obs
49   MAINTENANCE                                        isrt.obl(DebugSymbols.obs)
50   MAINT_OPTION                                       isrt.obl(DebugSymbols.obs)
51   MEDIA                                              setup.obs
52   MEDIA_INFO                                         isrt.obl(component.obs)
53   MODE                                               isrt.obl(DebugSymbols.obs)
54   MSG                                                isrt.obl(AskDestPathDlg.obs)
55   MULTI_INSTANCE_COUNT                               isrt.obl(DebugSymbols.obs)
56   MainWindow                                         setup.obs
57   NOTHING                                            setup.obs
58   OSINFO_PLATFORM_INFO                               setup.obs
59   OSVERSIONINFO                                      isrt.obl(AskDestPathDlg.obs)
60   OSVERSIONINFOEX                                    isrt.obl(AskDestPathDlg.obs)
61   Objects                                            setup.obs
62   POINT                                              isrt.obl(AskDestPathDlg.obs)
63   PROCESS_INFORMATION                                setup.obs
64   PRODUCT_GUID                                       isrt.obl(DebugSymbols.obs)
65   PROGRAMFILES                                       isrt.obl(DebugSymbols.obs)
66   RECT                                               isrt.obl(AskDestPathDlg.obs)
67   REMOVEALLMODE                                      isrt.obl(DebugSymbols.obs)
68   Reboot                                             setup.obs
69   SELECTED_LANGUAGE                                  isrt.obl(DebugSymbols.obs)
70   SERVICE_IS_PARAMS                                  setup.obs
71   SERVICE_IS_STATUS                                  setup.obs
72   SHELL_OBJECT_FOLDER                                setup.obs
73   SRCDIR                                             setup.obs
74   SRCDISK                                            isrt.obl(DebugSymbols.obs)
75   STARTUPINFO                                        setup.obs
76   SUPPORTDIR                                         isrt.obl(DebugSymbols.obs)
77   SYSTEMTIME                                         isrt.obl(AskDestPathDlg.obs)
78   SetupInfo                                          setup.obs
79   StatusDlg                                          setup.obs
80   TARGETDIR                                          setup.obs
81   TARGETDISK                                         isrt.obl(DebugSymbols.obs)
82   TextSub                                            setup.obs
83   UNINST                                             setup.obs
84   UNINSTALL_STRING                                   setup.obs
85   UPDATEMODE                                         setup.obs
86   WINDIR                                             isrt.obl(DebugSymbols.obs)
87   WINDISK                                            isrt.obl(DebugSymbols.obs)
88   WINSYSDIR                                          isrt.obl(DebugSymbols.obs)
89   WINSYSDISK                                         isrt.obl(DebugSymbols.obs)
90   _INT64                                             setup.obs
91   _LAAW_PARAMETERS                                   setup.obs
92   _RESTOREINFO_                                      setup.obs
93   _RESTOREPTINFO                                     setup.obs
94   _SERVICE_IS_PARAMS                                 setup.obs
95   _SERVICE_IS_STATUS                                 setup.obs
96   _SMGRSTATUS                                        setup.obs
97   _SMGSTATUS_                                        setup.obs
98   _WIN9X                                             setup.obs
99   _WINNT                                             setup.obs
100  __SYSTEMINFORMATION                                setup.obs
101  __hContext                                         isrt.obl(AskYesNo.obs)
102  __objGlobalTextSub                                 setup.obs
103  __szGUID                                           isrt.obl(ISRTInit.obs)
104  bBackButton                                        setup.obs
105  bCancelButton                                      setup.obs
106  bEnterDiskBeep                                     isrt.obl(AskDestPathDlg.obs)
107  bFinishButton                                      setup.obs
108  bIFXLFNoToAll                                      setup.obs
109  bIFXLFOnRebootToAll                                setup.obs
110  bIFXLFYesToAll                                     setup.obs
111  bIFXMD5IgnoreToAll                                 setup.obs
112  bIFXRONoToAll                                      setup.obs
113  bIFXROYesToAll                                     setup.obs
114  bIFXSFNoToAll                                      setup.obs
115  bIFXSFYesToAll                                     setup.obs
116  bIfxPCHInitialized                                 setup.obs
117  bIfxPCHOn                                          setup.obs
118  bInstall16                                         setup.obs
119  bNextButton                                        setup.obs
120  bSdInit                                            setup.obs
121  bViewCmptKunits                                    setup.obs
122  bViewCmptUseDecimal                                setup.obs
123  g_bSuppressMissingStringWarning                    isrt.obl(Enable.obs)
124  nIfxPCHType                                        setup.obs
125  szAppKey                                           setup.obs
126  szInstallDeinstKey                                 setup.obs
127  szSdProduct                                        setup.obs
128  szSdStr_NotEnoughSpace                             setup.obs
