***** External Functions *****
1    AddFolderIcon                                      isrt.obl(Shell.obs)
2    AddFontRegistrationToLog                           isrt.obl(Misc.obs)
3    Advapi32.CloseServiceHandle                        isrt.obl(Service.obs)
4    Advapi32.OpenSCManagerA                            isrt.obl(Service.obs)
5    Advapi32.OpenServiceA                              isrt.obl(Service.obs)
6    Advapi32.QueryServiceStatus                        isrt.obl(Service.obs)
7    AppSearch                                          isrt.obl(Driver.obs)
8    AskDestPath                                        isrt.obl(AskDestPathDlg.obs)
9    CCPSearch                                          isrt.obl(Driver.obs)
10   ChangeDirectory                                    isrt.obl(Files.obs)
11   CloseFile                                          isrt.obl(Files.obs)
12   CmdGetHwndDlg                                      isrt.obl(CustomDialog.obs)
13   ComponentAddFileToLog                              isrt.obl(component.obs)
14   ComponentCompareSizeRequired                       isrt.obl(component.obs)
15   ComponentGetData                                   isrt.obl(component.obs)
16   ComponentGetTotalCost                              isrt.obl(component.obs)
17   ComponentIsItemSelected                            isrt.obl(component.obs)
18   ComponentListItems                                 isrt.obl(component.obs)
19   ComponentSelectItem                                isrt.obl(component.obs)
20   ComponentSetTarget                                 isrt.obl(component.obs)
21   ComponentSetupTypeSet                              isrt.obl(component.obs)
22   ComponentTreeInit                                  isrt.obl(Dialogs.obs)
23   CreateDir                                          isrt.obl(Files.obs)
24   CreateFile                                         isrt.obl(Files.obs)
25   CreateInstallationInfo                             isrt.obl(Registry.obs)
26   CreateRegistrySet                                  isrt.obl(Feature.obs)
27   CtrlGetNotificationCode                            isrt.obl(CustomDialog.obs)
28   CtrlGetState                                       isrt.obl(CustomDialog.obs)
29   CtrlGetSubCommand                                  isrt.obl(CustomDialog.obs)
30   CtrlGetText                                        isrt.obl(CustomDialog.obs)
31   CtrlSelectText                                     isrt.obl(CustomDialog.obs)
32   CtrlSetMLEText                                     isrt.obl(CustomDialog.obs)
33   CtrlSetState                                       isrt.obl(CustomDialog.obs)
34   CtrlSetText                                        isrt.obl(CustomDialog.obs)
35   DefineDialog                                       isrt.obl(CustomDialog.obs)
36   Delay                                              isrt.obl(Misc.obs)
37   DeleteFile                                         isrt.obl(Files.obs)
38   DialogSetDefaultFont                               isrt.obl(Dialogs.obs)
39   DialogSetFont                                      isrt.obl(Dialogs.obs)
40   DialogSetInfo                                      isrt.obl(Dialogs.obs)
41   Disable                                            isrt.obl(Enable.obs)
42   DllSizeOf                                          isrt.obl(Str.obs)
43   Do                                                 isrt.obl(Misc.obs)
44   Enable                                             isrt.obl(Enable.obs)
45   EndCurrentDialog                                   isrt.obl(Dialogs.obs)
46   EndDialog                                          isrt.obl(CustomDialog.obs)
47   EnterDisk                                          isrt.obl(EnterDisk.obs)
48   EnterPassword                                      isrt.obl(EnterPasswordDlg.obs)
49   ExistsDir                                          isrt.obl(Files.obs)
50   ExistsDisk                                         isrt.obl(Files.obs)
51   ExitInstall                                        isrt.obl(Driver.obs)
52   EzDefineDialog                                     isrt.obl(CustomDialog.obs)
53   FeatureAddFileToLog                                isrt.obl(Feature.obs)
54   FeatureCompareSizeRequired                         isrt.obl(Feature.obs)
55   FeatureErrorInfo                                   isrt.obl(Feature.obs)
56   FeatureFilterLanguage                              isrt.obl(Feature.obs)
57   FeatureFilterOS                                    isrt.obl(Feature.obs)
58   FeatureGetData                                     isrt.obl(Feature.obs)
59   FeatureGetTotalCost                                isrt.obl(Feature.obs)
60   FeatureIsItemSelected                              isrt.obl(Feature.obs)
61   FeatureListItems                                   isrt.obl(Feature.obs)
62   FeaturePatch                                       isrt.obl(Feature.obs)
63   FeatureReinstall                                   isrt.obl(Feature.obs)
64   FeatureRemoveAllInLogOnly                          isrt.obl(Feature.obs)
65   FeatureRemoveAllInMedia                            isrt.obl(Feature.obs)
66   FeatureRemoveAllInMediaAndLog                      isrt.obl(Feature.obs)
67   FeatureSaveTarget                                  isrt.obl(Feature.obs)
68   FeatureSelectItem                                  isrt.obl(Feature.obs)
69   FeatureSelectNew                                   isrt.obl(Feature.obs)
70   FeatureSetTarget                                   isrt.obl(Feature.obs)
71   FeatureSetupTypeSet                                isrt.obl(Feature.obs)
72   FeatureTransferData                                isrt.obl(Feature.obs)
73   FeatureUpdate                                      isrt.obl(Feature.obs)
74   FeatureValidate                                    isrt.obl(Feature.obs)
75   FinalConstruct                                     ifx.obl(EventsPriv.obs)
76   FinalRelease                                       ifx.obl(EventsPriv.obs)
77   FindFile                                           isrt.obl(Files.obs)
78   FormatMessage                                      isrt.obl(Misc.obs)
79   GDI32.AddFontResource                              Setup.obs
80   GDI32.CreateRectRgn                                Setup.obs
81   GDI32.GetDeviceCaps                                Setup.obs
82   GDI32.RemoveFontResource                           Setup.obs
83   GetAddRemove                                       isrt.obl(SysVars.obs)
84   GetBillboard                                       isrt.obl(SysVars.obs)
85   GetCommonFiles                                     isrt.obl(SysVars.obs)
86   GetCurrentDialogName                               isrt.obl(Dialogs.obs)
87   GetDialogTitle                                     isrt.obl(Dialogs.obs)
88   GetDir                                             isrt.obl(Str.obs)
89   GetDisk                                            isrt.obl(Str.obs)
90   GetDiskSpace                                       isrt.obl(GSI.obs)
91   GetDiskSpaceEx                                     isrt.obl(GSI.obs)
92   GetEnabledIServices                                isrt.obl(SysVars.obs)
93   GetEngineDir                                       isrt.obl(SysVars.obs)
94   GetErrorMsg                                        isrt.obl(Dialogs.obs)
95   GetErrorTitle                                      isrt.obl(Dialogs.obs)
96   GetExtents                                         isrt.obl(GSI.obs)
97   GetFolderApplications                              isrt.obl(SysVars.obs)
98   GetFolderFonts                                     isrt.obl(SysVars.obs)
99   GetFolderPrograms                                  isrt.obl(SysVars.obs)
100  GetFolderStartMenu                                 isrt.obl(SysVars.obs)
101  GetISRes                                           isrt.obl(SysVars.obs)
102  GetInstallScriptMSI                                isrt.obl(SysVars.obs)
103  GetInstanceGUID                                    isrt.obl(SysVars.obs)
104  GetKeyPathWinCurrVerAuto                           isrt.obl(SysVars.obs)
105  GetLog                                             isrt.obl(SysVars.obs)
106  GetLogEx                                           isrt.obl(SysVars.obs)
107  GetMaintOption                                     isrt.obl(SysVars.obs)
108  GetMaintenance                                     isrt.obl(SysVars.obs)
109  GetMultiInstanceCount                              isrt.obl(SysVars.obs)
110  GetOpenFileMode                                    isrt.obl(Files.obs)
111  GetPackageLocation                                 isrt.obl(SysVars.obs)
112  GetProductGUID                                     isrt.obl(SysVars.obs)
113  GetProfSectionKeyCount                             isrt.obl(Profile.obs)
114  GetProfString                                      isrt.obl(Profile.obs)
115  GetProfStringList                                  isrt.obl(Profile.obs)
116  GetProgramFiles                                    isrt.obl(SysVars.obs)
117  GetRemoveAllMode                                   isrt.obl(SysVars.obs)
118  GetRemoveOnly                                      isrt.obl(SysVars.obs)
119  GetSelectedLanguage                                isrt.obl(SysVars.obs)
120  GetSelectedTreeComponent                           isrt.obl(CmptView.obs)
121  GetShowPasswordDialog                              isrt.obl(SysVars.obs)
122  GetSupportDir                                      isrt.obl(SysVars.obs)
123  GetSystemInfo                                      isrt.obl(GSI.obs)
124  GetTempFolder                                      isrt.obl(SysVars.obs)
125  GetTrueTypeFontFileInfo                            isrt.obl(Misc.obs)
126  GetUserSelectableAuto                              isrt.obl(SysVars.obs)
127  GetWinDir                                          isrt.obl(SysVars.obs)
128  GetWinSysDir                                       isrt.obl(SysVars.obs)
129  GetWindowHandle                                    isrt.obl(Misc.obs)
130  HIBYTE                                             isrt.obl(Misc.obs)
131  HIWORD                                             isrt.obl(Misc.obs)
132  ISDeterminePlatform                                isrt.obl(OsInfo.obs)
133  ISMIF32.InstallStatusMIF                           isrt.obl(MIF.obs)
134  ISRT.AddIcon                                       isrt.obl(Shell.obs)
135  ISRT.ComponentViewSetInfoEx                        isrt.obl(Dialogs.obs)
136  ISRT.EnableHourGlass                               isrt.obl(Enable.obs)
137  ISRT.GetCPUType                                    isrt.obl(GSI.obs)
138  ISRT.GetFontSub                                    isrt.obl(Dialogs.obs)
139  ISRT.GetHandle                                     Setup.obs
140  ISRT.GetPorts                                      isrt.obl(GSI.obs)
141  ISRT.IsEmpty                                       Setup.obs
142  ISRT.IsNTAdmin                                     isrt.obl(Is.obs)
143  ISRT.IsObject                                      Setup.obs
144  ISRT.IsPowerUser                                   isrt.obl(Is.obs)
145  ISRT.LangLoadString                                isrt.obl(SDINT.obs)
146  ISRT.MessageBeepP                                  Setup.obs
147  ISRT.PathCompactPathPixel                          isrt.obl(CustomDialog.obs)
148  ISRT.PathGetDir                                    isrt.obl(Str.obs)
149  ISRT.PathGetDrive                                  isrt.obl(Str.obs)
150  ISRT.PathGetFile                                   isrt.obl(Files.obs)
151  ISRT.PathGetFileExt                                isrt.obl(Str.obs)
152  ISRT.PathGetFileName                               isrt.obl(Str.obs)
153  ISRT.PathGetLongFromShort                          isrt.obl(Str.obs)
154  ISRT.PathGetPath                                   isrt.obl(Str.obs)
155  ISRT.PathGetSpecialFolder                          isrt.obl(SysVars.obs)
156  ISRT.PathIsValidSyntax                             isrt.obl(Is.obs)
157  ISRT.VerGetFileVersion                             Setup.obs
158  ISRT._AppSearch                                    Setup.obs
159  ISRT._BrowseForFolder                              isrt.obl(SelectDir.obs)
160  ISRT._CCPSearch                                    Setup.obs
161  ISRT._CleanupInet                                  isrt.obl(MIO.obs)
162  ISRT._CloseFile                                    isrt.obl(Files.obs)
163  ISRT._CmdGetHwndDlg                                isrt.obl(CustomDialog.obs)
164  ISRT._ComponentCompareSizeRequired                 isrt.obl(Feature.obs)
165  ISRT._ComponentErrorInfo                           isrt.obl(Feature.obs)
166  ISRT._ComponentFilterLanguage                      isrt.obl(Feature.obs)
167  ISRT._ComponentFilterOS                            isrt.obl(Feature.obs)
168  ISRT._ComponentGetData                             isrt.obl(Feature.obs)
169  ISRT._ComponentGetTotalCost                        isrt.obl(Feature.obs)
170  ISRT._ComponentGetTotalCostEx                      isrt.obl(SdComponentTreeDlg.obs)
171  ISRT._ComponentIsItemSelected                      isrt.obl(Feature.obs)
172  ISRT._ComponentListItems                           isrt.obl(Feature.obs)
173  ISRT._ComponentPatch                               isrt.obl(Feature.obs)
174  ISRT._ComponentReinstall                           isrt.obl(Feature.obs)
175  ISRT._ComponentRemoveAll                           isrt.obl(Feature.obs)
176  ISRT._ComponentRemoveAllInLogOnly                  isrt.obl(Feature.obs)
177  ISRT._ComponentSaveTarget                          isrt.obl(Feature.obs)
178  ISRT._ComponentSelectItem                          isrt.obl(Feature.obs)
179  ISRT._ComponentSelectNew                           isrt.obl(Feature.obs)
180  ISRT._ComponentSetupTypeSet                        isrt.obl(Feature.obs)
181  ISRT._ComponentTransferData                        isrt.obl(Feature.obs)
182  ISRT._ComponentUpdate                              isrt.obl(Feature.obs)
183  ISRT._ComponentValidate                            isrt.obl(Feature.obs)
184  ISRT._CreateDir                                    isrt.obl(Files.obs)
185  ISRT._CreateRegistrySet                            isrt.obl(Feature.obs)
186  ISRT._CtrlGetNotificationCode                      isrt.obl(CustomDialog.obs)
187  ISRT._CtrlGetSubCommand                            isrt.obl(CustomDialog.obs)
188  ISRT._CtrlSetMLERichText                           isrt.obl(CustomDialog.obs)
189  ISRT._DefineDialog                                 isrt.obl(CustomDialog.obs)
190  ISRT._DialogSetFont                                isrt.obl(Dialogs.obs)
191  ISRT._DisableStatus                                isrt.obl(Enable.obs)
192  ISRT._DoSprintf                                    isrt.obl(MsgBox.obs)
193  ISRT._EnableDialogCache                            isrt.obl(Enable.obs)
194  ISRT._EnablePrevDialog                             isrt.obl(AskDestPathDlg.obs)
195  ISRT._EnableSkins                                  isrt.obl(Enable.obs)
196  ISRT._EnableStatus                                 isrt.obl(Enable.obs)
197  ISRT._EndDialog                                    isrt.obl(CustomDialog.obs)
198  ISRT._ExistsDir                                    isrt.obl(Files.obs)
199  ISRT._ExistsDisk                                   isrt.obl(Files.obs)
200  ISRT._ExistsFile                                   isrt.obl(Files.obs)
201  ISRT._ExitInstall                                  Setup.obs
202  ISRT._GetCurrentDialogName                         isrt.obl(Dialogs.obs)
203  ISRT._GetDiskSpaceEx                               isrt.obl(GSI.obs)
204  ISRT._GetDiskSpaceExEx                             isrt.obl(SdComponentTreeDlg.obs)
205  ISRT._GetGlobalMemorySize                          isrt.obl(GSI.obs)
206  ISRT._GetSelectedTreeComponent                     isrt.obl(CmptView.obs)
207  ISRT._GetSupportDir                                isrt.obl(SysVars.obs)
208  ISRT._GetTrueTypeFontFileInfo                      isrt.obl(Misc.obs)
209  ISRT._InetEndofTransfer                            isrt.obl(iftw.obs)
210  ISRT._InetGetNextDisk                              isrt.obl(iftw.obs)
211  ISRT._InitInstall                                  Setup.obs
212  ISRT._IsFontTypefaceNameAvailable                  isrt.obl(Is.obs)
213  ISRT._IsSkinLoaded                                 isrt.obl(Is.obs)
214  ISRT._IsWindowsME                                  isrt.obl(GSI.obs)
215  ISRT._ListAddItem                                  isrt.obl(scrlist.obs)
216  ISRT._ListAddString                                isrt.obl(scrlist.obs)
217  ISRT._ListCount                                    isrt.obl(scrlist.obs)
218  ISRT._ListCreate                                   isrt.obl(scrlist.obs)
219  ISRT._ListCurrentString                            isrt.obl(scrlist.obs)
220  ISRT._ListDeleteItem                               isrt.obl(scrlist.obs)
221  ISRT._ListDeleteString                             isrt.obl(scrlist.obs)
222  ISRT._ListDestroy                                  isrt.obl(scrlist.obs)
223  ISRT._ListFindString                               isrt.obl(scrlist.obs)
224  ISRT._ListGetFirstItem                             isrt.obl(scrlist.obs)
225  ISRT._ListGetFirstString                           isrt.obl(scrlist.obs)
226  ISRT._ListGetNextItem                              isrt.obl(scrlist.obs)
227  ISRT._ListGetNextString                            isrt.obl(scrlist.obs)
228  ISRT._ListGetType                                  isrt.obl(scrlist.obs)
229  ISRT._ListReadFromFile                             isrt.obl(scrlist.obs)
230  ISRT._ListSetIndex                                 isrt.obl(scrlist.obs)
231  ISRT._MediaGetInfo                                 isrt.obl(Feature.obs)
232  ISRT._OnUninstPriv                                 Setup.obs
233  ISRT._OpenFile                                     isrt.obl(Files.obs)
234  ISRT._Preprogram                                   Setup.obs
235  ISRT._PrintFile                                    isrt.obl(Files.obs)
236  ISRT._Rebooted                                     Setup.obs
237  ISRT._RegCreateKey                                 isrt.obl(Registry.obs)
238  ISRT._RegDeleteValue                               isrt.obl(Registry.obs)
239  ISRT._RegEnableTextSubs                            isrt.obl(Enable.obs)
240  ISRT._RegEnum                                      isrt.obl(Registry.obs)
241  ISRT._RegIsRemoteRegConnected                      isrt.obl(Is.obs)
242  ISRT._RegQueryKeyBinaryValue                       isrt.obl(Registry.obs)
243  ISRT._RegQueryKeyValue                             isrt.obl(Registry.obs)
244  ISRT._RegSetKeyBinaryValue                         isrt.obl(Registry.obs)
245  ISRT._RegSetKeyValue                               isrt.obl(Registry.obs)
246  ISRT._ReleaseDialog                                isrt.obl(CustomDialog.obs)
247  ISRT._SdShowMsg                                    isrt.obl(SDSMSG.obs)
248  ISRT._SetAltMainImage                              isrt.obl(Dialogs.obs)
249  ISRT._SetDisplayEffect                             isrt.obl(ui.obs)
250  ISRT._SetPaletteFile                               isrt.obl(MIO.obs)
251  ISRT._SetTitle                                     isrt.obl(ui.obs)
252  ISRT._SetupInet                                    isrt.obl(MIO.obs)
253  ISRT._SetupTraceWrite                              isrt.obl(Misc.obs)
254  ISRT._ShowObjWizardPages                           isrt.obl(Objects.obs)
255  ISRT._ShowWizardPages                              Setup.obs
256  ISRT._StatusUpdate                                 isrt.obl(ui.obs)
257  ISRT._TreeViewCreate                               isrt.obl(CmptView.obs)
258  ISRT._WaitOnDialog                                 isrt.obl(CustomDialog.obs)
259  ISRT._WriteLine                                    isrt.obl(Files.obs)
260  ISRT.__CreateObjectContext                         isrt.obl(ISRTInit.obs)
261  ISRT.__GetCmdLineOptions                           isrt.obl(ISRTInit.obs)
262  ISRT.__GetContextGUID                              isrt.obl(ISRTInit.obs)
263  ISRT.__GetEnabledIServices                         isrt.obl(SysVars.obs)
264  ISRT.__GetFileRegistrar                            isrt.obl(ISRTInit.obs)
265  ISRT.__GetInfo                                     isrt.obl(ISRTInit.obs)
266  ISRT.__GetInstallGuid                              isrt.obl(SysVars.obs)
267  ISRT.__GetLog                                      isrt.obl(SysVars.obs)
268  ISRT.__GetLogDB                                    isrt.obl(ISRTInit.obs)
269  ISRT.__GetLogEx                                    isrt.obl(SysVars.obs)
270  ISRT.__GetMainWindow                               Setup.obs
271  ISRT.__GetMaintOption                              isrt.obl(SysVars.obs)
272  ISRT.__GetMaintenanceMode                          isrt.obl(SysVars.obs)
273  ISRT.__GetObjects                                  isrt.obl(ISRTInit.obs)
274  ISRT.__GetProductGuid                              isrt.obl(SysVars.obs)
275  ISRT.__GetProgress                                 Setup.obs
276  ISRT.__GetReboot                                   isrt.obl(ISRTInit.obs)
277  ISRT.__GetRemoveAllMode                            isrt.obl(SysVars.obs)
278  ISRT.__GetTextSub                                  isrt.obl(ISRTInit.obs)
279  ISRT.__GetUpdateMode                               isrt.obl(SysVars.obs)
280  ISRT.__GetUser                                     isrt.obl(MIO.obs)
281  ISRT.__ISRTGetPropertyBag                          ifx.obl(PersistPropertyBag.obs)
282  ISRT.__ISRTReleasePropertyBag                      ifx.obl(PersistPropertyBag.obs)
283  ISRT.__LoadString                                  isrt.obl(LoadStr.obs)
284  ISRT.__PutEnabledIServices                         isrt.obl(Enable.obs)
285  ISRT.__ReleaseObjectContext                        isrt.obl(ISRTInit.obs)
286  ISRT.__RestoreMainLog                              isrt.obl(ISRTInit.obs)
287  ISRT.__RestoreMainLogEx                            isrt.obl(ISRTInit.obs)
288  ISRT.__SetComponentLog                             isrt.obl(ISRTInit.obs)
289  ISRT.__SetUpdateMode                               isrt.obl(SysVars.obs)
290  ISRTOnUninstPriv                                   isrt.obl(Driver.obs)
291  ISRTPreprogram                                     isrt.obl(Driver.obs)
292  IfxFilterComponents                                ifx.obl(EventsSetupPriv.obs)
293  IfxFinalConstruct                                  ifx.obl(EventsSetupPriv.obs)
294  IfxFinalRelease                                    ifx.obl(EventsSetupPriv.obs)
295  IfxInitProperties                                  ifx.obl(PersistPropertyBag.obs)
296  IfxOnAbortInstall                                  ifx.obl(EventsPriv.obs)
297  IfxOnAppSearch                                     ifx.obl(EventsPriv.obs)
298  IfxOnCCPSearch                                     ifx.obl(EventsPriv.obs)
299  IfxOnCanceling                                     ifx.obl(EventsPriv.obs)
300  IfxOnDisk1Installed                                ifx.obl(EventsSetupPriv.obs)
301  IfxOnDisk1Installing                               ifx.obl(EventsSetupPriv.obs)
302  IfxOnExitInstall                                   ifx.obl(EventsSetupPriv.obs)
303  IfxOnFileError                                     ifx.obl(EventsSetupPriv.obs)
304  IfxOnFileLocked                                    ifx.obl(EventsSetupPriv.obs)
305  IfxOnFileReadOnly                                  ifx.obl(EventsSetupPriv.obs)
306  IfxOnGeneralScriptOp                               ifx.obl(EventsPriv.obs)
307  IfxOnHelp                                          ifx.obl(EventsPriv.obs)
308  IfxOnInitInstall                                   ifx.obl(EventsSetupPriv.obs)
309  IfxOnInternetError                                 ifx.obl(EventsSetupPriv.obs)
310  IfxOnMD5Error                                      ifx.obl(EventsSetupPriv.obs)
311  IfxOnNextDisk                                      ifx.obl(EventsSetupPriv.obs)
312  IfxOnRebooted                                      ifx.obl(EventsPriv.obs)
313  IfxOnRemovingSharedFile                            ifx.obl(EventsSetupPriv.obs)
314  IfxOnShowWizardPages                               ifx.obl(EventsSetupPriv.obs)
315  IfxOnTransferred                                   ifx.obl(EventsPriv.obs)
316  IfxOnTransferring                                  ifx.obl(EventsSetupPriv.obs)
317  IfxOnUnhandledException                            ifx.obl(EventsPriv.obs)
318  IfxOnUninst                                        ifx.obl(EventsSetupPriv.obs)
319  IfxOnUninstPriv                                    ifx.obl(EventsSetupPriv.obs)
320  IfxPostprogram                                     ifx.obl(EventsSetupPriv.obs)
321  IfxPreprogram                                      ifx.obl(EventsSetupPriv.obs)
322  IfxReadProperties                                  ifx.obl(PersistPropertyBag.obs)
323  IfxRunAfterReboot                                  ifx.obl(EventsSetupPriv.obs)
324  IfxWriteProperties                                 ifx.obl(PersistPropertyBag.obs)
325  InetEndofTransfer                                  isrt.obl(iftw.obs)
326  InetNextDisk                                       isrt.obl(iftw.obs)
327  InitInstall                                        isrt.obl(Driver.obs)
328  InitProperties                                     ifx.obl(PersistPropertyBag.obs)
329  Is                                                 isrt.obl(Is.obs)
330  IsInetInstall                                      isrt.obl(iftw.obs)
331  KERNEL.GetModuleHandle                             Setup.obs
332  KERNEL32.CloseHandle                               Setup.obs
333  KERNEL32.CreateFileA                               Setup.obs
334  KERNEL32.CreateProcess                             Setup.obs
335  KERNEL32.DeleteFileA                               Setup.obs
336  KERNEL32.FindClose                                 Setup.obs
337  KERNEL32.FindFirstFileA                            Setup.obs
338  KERNEL32.FindNextFileA                             Setup.obs
339  KERNEL32.FormatMessageA                            Setup.obs
340  KERNEL32.FreeLibrary                               Setup.obs
341  KERNEL32.GetDriveType                              Setup.obs
342  KERNEL32.GetExitCodeProcess                        Setup.obs
343  KERNEL32.GetFileAttributesA                        Setup.obs
344  KERNEL32.GetLocalTime                              Setup.obs
345  KERNEL32.GetLocaleInfo                             Setup.obs
346  KERNEL32.GetPrivateProfileSectionA                 Setup.obs
347  KERNEL32.GetPrivateProfileString                   Setup.obs
348  KERNEL32.GetPrivateProfileStringA                  Setup.obs
349  KERNEL32.GetProcAddress                            Setup.obs
350  KERNEL32.GetProfileStringA                         Setup.obs
351  KERNEL32.GetShortPathNameA                         Setup.obs
352  KERNEL32.GetSystemDefaultLCID                      Setup.obs
353  KERNEL32.GetSystemDefaultLangID                    Setup.obs
354  KERNEL32.GetSystemDefaultUILanguage                Setup.obs
355  KERNEL32.GetTickCount                              Setup.obs
356  KERNEL32.GetUserDefaultLangID                      Setup.obs
357  KERNEL32.GetVersion                                Setup.obs
358  KERNEL32.GetVersionEx                              Setup.obs
359  KERNEL32.GetVolumeInformation                      Setup.obs
360  KERNEL32.GetWindowsDirectory                       Setup.obs
361  KERNEL32.LoadLibraryA                              Setup.obs
362  KERNEL32.SetCurrentDirectoryA                      Setup.obs
363  KERNEL32.SetFileAttributesA                        Setup.obs
364  KERNEL32.Sleep                                     Setup.obs
365  KERNEL32.WritePrivateProfileString                 Setup.obs
366  KERNEL32.WritePrivateProfileStringA                Setup.obs
367  KERNEL32.WriteProfileStringA                       Setup.obs
368  KERNEL32.lstrlen                                   Setup.obs
369  LOBYTE                                             isrt.obl(Misc.obs)
370  LOWORD                                             isrt.obl(Misc.obs)
371  LaunchApp                                          isrt.obl(Extend.obs)
372  LaunchAppAndWait                                   isrt.obl(Extend.obs)
373  LaunchAppAndWaitInitStartupInfo                    isrt.obl(Extend.obs)
374  ListAddItem                                        isrt.obl(scrlist.obs)
375  ListAddString                                      isrt.obl(scrlist.obs)
376  ListCount                                          isrt.obl(scrlist.obs)
377  ListCreate                                         isrt.obl(scrlist.obs)
378  ListCurrentString                                  isrt.obl(scrlist.obs)
379  ListDeleteItem                                     isrt.obl(scrlist.obs)
380  ListDeleteString                                   isrt.obl(scrlist.obs)
381  ListDestroy                                        isrt.obl(scrlist.obs)
382  ListFindString                                     isrt.obl(scrlist.obs)
383  ListGetFirstItem                                   isrt.obl(scrlist.obs)
384  ListGetFirstString                                 isrt.obl(scrlist.obs)
385  ListGetNextItem                                    isrt.obl(scrlist.obs)
386  ListGetNextString                                  isrt.obl(scrlist.obs)
387  ListGetType                                        isrt.obl(scrlist.obs)
388  ListReadFromFile                                   isrt.obl(scrlist.obs)
389  ListSetIndex                                       isrt.obl(scrlist.obs)
390  ListValid                                          isrt.obl(scrlist.obs)
391  ListValidType                                      isrt.obl(scrlist.obs)
392  LoadStringFromStringTable                          isrt.obl(Str.obs)
393  LogReadCustomString                                isrt.obl(Misc.obs)
394  LogReadCustomVariant                               isrt.obl(Misc.obs)
395  LogWriteCustomString                               isrt.obl(Misc.obs)
396  LogWriteCustomVariant                              isrt.obl(Misc.obs)
397  LongPathFromShortPath                              isrt.obl(Str.obs)
398  LongPathToQuote                                    isrt.obl(Str.obs)
399  LongPathToShortPath                                isrt.obl(Str.obs)
400  MAKELONG                                           isrt.obl(Misc.obs)
401  MIFCreateMIFFile                                   isrt.obl(MIF.obs)
402  MIFDeleteMIFFile                                   isrt.obl(MIF.obs)
403  MIFInitialize                                      isrt.obl(MIF.obs)
404  MIFSetInformation                                  isrt.obl(MIF.obs)
405  MIFUnInitialize                                    isrt.obl(MIF.obs)
406  MIFWasSetInformationCalled                         isrt.obl(MIF.obs)
407  MIOShutdown                                        isrt.obl(MIO.obs)
408  MIOStartup                                         isrt.obl(MIO.obs)
409  Main_Install                                       Setup.obs
410  Main_UnInstall                                     Setup.obs
411  MaintenanceStart                                   isrt.obl(Registry.obs)
412  MediaGetData                                       isrt.obl(Feature.obs)
413  MediaGetDataEx                                     isrt.obl(Feature.obs)
414  MessageBeep                                        isrt.obl(Misc.obs)
415  MessageBox                                         isrt.obl(MsgBox.obs)
416  MessageBoxEx                                       isrt.obl(MsgBox.obs)
417  OnAbort                                            ifx.obl(EventsSetup.obs)
418  OnAppSearch                                        ifx.obl(EventsSetup.obs)
419  OnBegin                                            ifx.obl(EventsSetup.obs)
420  OnCCPSearch                                        ifx.obl(EventsSetup.obs)
421  OnCanceling                                        ifx.obl(EventsSetup.obs)
422  OnCheckMediaPassword                               ifx.obl(EventsSetup.obs)
423  OnComponentError                                   ifx.obl(EventsSetup.obs)
424  OnCustomizeUninstInfo                              ifx.obl(EventsSetup.obs)
425  OnEnd                                              ifx.obl(EventsSetup.obs)
426  OnFileError                                        ifx.obl(EventsSetup.obs)
427  OnFileLocked                                       ifx.obl(EventsSetup.obs)
428  OnFileReadOnly                                     ifx.obl(EventsSetup.obs)
429  OnFilterComponents                                 ifx.obl(EventsSetup.obs)
430  OnFirstUIAfter                                     ifx.obl(EventsSetup.obs)
431  OnFirstUIBefore                                    Setup.obs
432  OnHelp                                             ifx.obl(EventsSetup.obs)
433  OnIISCheckRequirements                             ifx.obl(EventsPriv.obs)
434  OnIISComponentInstalled                            ifx.obl(EventsPriv.obs)
435  OnIISInitialize                                    ifx.obl(EventsPriv.obs)
436  OnIISUninitialize                                  ifx.obl(EventsPriv.obs)
437  OnIISVRootUninstalling                             ifx.obl(EventsPriv.obs)
438  OnInstalledFile                                    ifx.obl(EventsSetup.obs)
439  OnInstalledFontFile                                ifx.obl(EventsSetup.obs)
440  OnInstallingFile                                   ifx.obl(EventsSetup.obs)
441  OnInternetError                                    ifx.obl(EventsSetup.obs)
442  OnLaunchAppAndWaitCallback                         isrt.obl(Extend.obs)
443  OnMD5Error                                         ifx.obl(EventsSetup.obs)
444  OnMaintUIAfter                                     ifx.obl(EventsSetup.obs)
445  OnMaintUIBefore                                    ifx.obl(EventsSetup.obs)
446  OnMoveData                                         ifx.obl(EventsSetup.obs)
447  OnMoved                                            ifx.obl(EventsSetup.obs)
448  OnMoving                                           ifx.obl(EventsSetup.obs)
449  OnNextDisk                                         ifx.obl(EventsSetup.obs)
450  OnRebooted                                         ifx.obl(EventsSetup.obs)
451  OnRemovingSharedFile                               ifx.obl(EventsSetup.obs)
452  OnSQLBatchScripts                                  ifx.obl(EventsPriv.obs)
453  OnSQLComponentInstalled                            ifx.obl(EventsPriv.obs)
454  OnSQLComponentUninstalled                          ifx.obl(EventsPriv.obs)
455  OnSQLServerInitialize                              ifx.obl(EventsPriv.obs)
456  OnSQLServerInitializeMaint                         ifx.obl(EventsPriv.obs)
457  OnSelfRegistrationError                            ifx.obl(EventsSetup.obs)
458  OnSetTARGETDIR                                     ifx.obl(EventsSetup.obs)
459  OnSetUpdateMode                                    ifx.obl(EventsSetup.obs)
460  OnShowUI                                           ifx.obl(EventsSetup.obs)
461  OnUnhandledException                               ifx.obl(EventsPriv.obs)
462  OnUninstall                                        ifx.obl(EventsSetup.obs)
463  OnUninstalledFile                                  ifx.obl(EventsSetup.obs)
464  OnUninstallingFile                                 ifx.obl(EventsSetup.obs)
465  OnUninstallingFontFile                             ifx.obl(EventsSetup.obs)
466  OnUpdateUIAfter                                    ifx.obl(EventsSetup.obs)
467  OnUpdateUIBefore                                   ifx.obl(EventsSetup.obs)
468  OpenFileMode                                       isrt.obl(Files.obs)
469  PCRestoreInit                                      isrt.obl(PCRestore.obs)
470  PCRestoreOnAbort                                   isrt.obl(PCRestore.obs)
471  PCRestoreOnBegin                                   isrt.obl(PCRestore.obs)
472  PCRestoreOnExit                                    isrt.obl(PCRestore.obs)
473  ParsePath                                          isrt.obl(Str.obs)
474  Postprogram                                        ifx.obl(EventsSetupPriv.obs)
475  Preprogram                                         ifx.obl(EventsSetupPriv.obs)
476  PrintFile                                          isrt.obl(Files.obs)
477  ProgDefGroupType                                   isrt.obl(Shell.obs)
478  ProgGetGroupType                                   isrt.obl(Shell.obs)
479  PthFixPath                                         isrt.obl(Pth.obs)
480  PthIsAbsPath                                       isrt.obl(Pth.obs)
481  ReadProperties                                     ifx.obl(PersistPropertyBag.obs)
482  Rebooted                                           isrt.obl(Driver.obs)
483  RegDBDeleteValue                                   isrt.obl(Registry.obs)
484  RegDBGetDefaultRoot                                isrt.obl(SysVars.obs)
485  RegDBGetItem                                       isrt.obl(Registry.obs)
486  RegDBGetKeyValueEx                                 isrt.obl(Registry.obs)
487  RegDBQueryKey                                      isrt.obl(Registry.obs)
488  RegDBQueryKeyCount                                 isrt.obl(Registry.obs)
489  RegDBQueryStringMultiStringCount                   isrt.obl(Registry.obs)
490  RegDBQueryValue                                    isrt.obl(Registry.obs)
491  RegDBSetDefaultRoot                                isrt.obl(SysVars.obs)
492  RegDBSetItem                                       isrt.obl(Registry.obs)
493  RegDBSetKeyValueEx                                 isrt.obl(Registry.obs)
494  RegDBSetValue                                      isrt.obl(Registry.obs)
495  RegDBSetVersion                                    isrt.obl(Registry.obs)
496  RegisterFontResource                               isrt.obl(Misc.obs)
497  ReleaseDialog                                      isrt.obl(CustomDialog.obs)
498  SdAskDestPath2                                     isrt.obl(SdAskDestPath2Dlg.obs)
499  SdCloseDlg                                         isrt.obl(SDINT.obs)
500  SdComponentDlgCheckSpace                           isrt.obl(SDINT.obs)
501  SdDlgToTop                                         isrt.obl(SDINT.obs)
502  SdDoStdButton                                      isrt.obl(SDINT.obs)
503  SdEnablement                                       isrt.obl(SDINT.obs)
504  SdError                                            isrt.obl(SDINT.obs)
505  SdExceptionsInit                                   isrt.obl(SdExceptions.obs)
506  SdFeatureTree                                      isrt.obl(SdComponentTreeDlg.obs)
507  SdFinish                                           isrt.obl(SdFinishDlg.obs)
508  SdFinishReboot                                     isrt.obl(SdFinishRebootDlg.obs)
509  SdFinishUpdateEx                                   isrt.obl(SdFinishUpdate.obs)
510  SdGeneralInit                                      isrt.obl(SDINT.obs)
511  SdInit                                             isrt.obl(SDINT.obs)
512  SdIsStdButton                                      isrt.obl(SDINT.obs)
513  SdLicense2Rtf                                      isrt.obl(SdLicense2Dlg.obs)
514  SdLoadString                                       isrt.obl(SDINT.obs)
515  SdMakeName                                         isrt.obl(SDINT.obs)
516  SdPlugInProductName                                isrt.obl(SDINT.obs)
517  SdRegisterUser                                     isrt.obl(SdRegisterUserDlg.obs)
518  SdSetDlgTitle                                      isrt.obl(SDINT.obs)
519  SdSetStatic                                        isrt.obl(SDINT.obs)
520  SdShowMsg                                          isrt.obl(SDSMSG.obs)
521  SdStartCopy2                                       isrt.obl(SdStartCopy2Dlg.obs)
522  SdSubstituteProductInfo                            isrt.obl(SDINT.obs)
523  SdUnInit                                           isrt.obl(SDINT.obs)
524  SdWelcome                                          isrt.obl(SdWelcomeDlg.obs)
525  SdWelcomeMaint                                     isrt.obl(SdWelcomeMaintDlg.obs)
526  SelectDir                                          isrt.obl(SelectDir.obs)
527  SelectDirNoLog                                     isrt.obl(SelectDir.obs)
528  SendMessage                                        isrt.obl(Misc.obs)
529  ServiceGetServiceState                             isrt.obl(Service.obs)
530  ServiceInitParams                                  isrt.obl(Service.obs)
531  SetCmdLine                                         isrt.obl(SysVars.obs)
532  SetDialogTitle                                     isrt.obl(Dialogs.obs)
533  SetDisplayEffect                                   isrt.obl(ui.obs)
534  SetExtendedErrInfo                                 isrt.obl(IsUtil.obs)
535  SetFolderDesktop                                   isrt.obl(SysVars.obs)
536  SetFolderPrograms                                  isrt.obl(SysVars.obs)
537  SetFolderStartMenu                                 isrt.obl(SysVars.obs)
538  SetFolderStartup                                   isrt.obl(SysVars.obs)
539  SetStatus                                          ifx.obl(EventsSetupPriv.obs)
540  SetStatusEx                                        ifx.obl(EventsSetupPriv.obs)
541  SetStatusWindow                                    isrt.obl(ui.obs)
542  SetTitle                                           isrt.obl(ui.obs)
543  SetupTraceWrite                                    isrt.obl(Misc.obs)
544  SetupType2                                         isrt.obl(SetupType2Dlg.obs)
545  ShowObjWizardPages                                 isrt.obl(Objects.obs)
546  ShowWizardPages                                    isrt.obl(Driver.obs)
547  SilentCreateFile                                   isrt.obl(Silent.obs)
548  SilentDoGeneralInfo                                isrt.obl(Silent.obs)
549  SilentFailed                                       isrt.obl(Silent.obs)
550  SilentFinish                                       isrt.obl(Silent.obs)
551  SilentInit                                         isrt.obl(Silent.obs)
552  SilentLogWriteData                                 isrt.obl(Silent.obs)
553  SilentReadData                                     isrt.obl(Silent.obs)
554  SilentSetInfo                                      isrt.obl(Silent.obs)
555  SilentSetMode                                      isrt.obl(Silent.obs)
556  SilentWriteData                                    isrt.obl(Silent.obs)
557  Sprintf                                            isrt.obl(Str.obs)
558  SprintfBox                                         isrt.obl(MsgBox.obs)
559  StatusUpdate                                       isrt.obl(ui.obs)
560  StrAddLastSlash                                    isrt.obl(Str.obs)
561  StrFindEx                                          isrt.obl(Str.obs)
562  StrGetTokens                                       isrt.obl(Str.obs)
563  StrLength                                          isrt.obl(Str.obs)
564  StrRemoveLastSlash                                 isrt.obl(Str.obs)
565  StrRemoveSpaces                                    isrt.obl(Str.obs)
566  StrReplace                                         isrt.obl(Str.obs)
567  StrToNumHex                                        isrt.obl(Str.obs)
568  StrToUpper                                         isrt.obl(Str.obs)
569  SysVarsInit                                        isrt.obl(SysVars.obs)
570  SysVarsTrace                                       isrt.obl(SysVars.obs)
571  SysVarsUnInit                                      isrt.obl(SysVars.obs)
572  System                                             isrt.obl(Misc.obs)
573  TextSubGetValue                                    isrt.obl(TextSub.obs)
574  TextSubParseTextSub                                isrt.obl(TextSub.obs)
575  TextSubSetValue                                    isrt.obl(TextSub.obs)
576  TreeViewCreate                                     isrt.obl(CmptView.obs)
577  USER.EnableWindow                                  Setup.obs
578  USER.GetClassName                                  Setup.obs
579  USER.GetDC                                         Setup.obs
580  USER.GetDlgItem                                    Setup.obs
581  USER.GetFocus                                      Setup.obs
582  USER.GetWindowLong                                 Setup.obs
583  USER.IsIconic                                      Setup.obs
584  USER.IsWindow                                      Setup.obs
585  USER.IsWindowVisible                               Setup.obs
586  USER.PostMessage                                   Setup.obs
587  USER.ReleaseDC                                     Setup.obs
588  USER.SendMessageA                                  Setup.obs
589  USER.SetFocus                                      Setup.obs
590  USER.SetForegroundWindow                           Setup.obs
591  USER.SetWindowPos                                  Setup.obs
592  USER.SetWindowText                                 Setup.obs
593  USER.ShowWindow                                    Setup.obs
594  USER32.CharUpperBuffA                              Setup.obs
595  USER32.DispatchMessage                             Setup.obs
596  USER32.GetSystemMetrics                            Setup.obs
597  USER32.GetWindowText                               Setup.obs
598  USER32.GetWindowTextLength                         Setup.obs
599  USER32.MessageBoxA                                 Setup.obs
600  USER32.MsgWaitForMultipleObjects                   Setup.obs
601  USER32.PeekMessageA                                Setup.obs
602  USER32.SendMessageA                                Setup.obs
603  USER32.SetWindowLong                               Setup.obs
604  USER32.SetWindowRgn                                Setup.obs
605  USER32.TranslateMessage                            Setup.obs
606  UpdateServiceCheckForUpdates                       isrt.obl(ISUpdateService.obs)
607  UpdateServiceCreateEntryPoints                     isrt.obl(ISUpdateService.obs)
608  UpdateServiceInitTargets                           isrt.obl(ISUpdateService.obs)
609  UpdateServiceRegisterProduct                       isrt.obl(ISUpdateService.obs)
610  UpdateServiceSetHost                               isrt.obl(ISUpdateService.obs)
611  UpdateServiceSetLanguage                           isrt.obl(ISUpdateService.obs)
612  VarRestore                                         isrt.obl(SysVars.obs)
613  VarSave                                            isrt.obl(SysVars.obs)
614  VerProductCompareVersions                          isrt.obl(version.obs)
615  VerProductGetInstalledVersion                      isrt.obl(version.obs)
616  VerProductIsVersionSupported                       isrt.obl(version.obs)
617  VerProductNumToStr                                 isrt.obl(version.obs)
618  VerProductStrToNum                                 isrt.obl(version.obs)
619  VerProductVerFromVerParts                          isrt.obl(version.obs)
620  VerProductVerPartsFromVer                          isrt.obl(version.obs)
621  WaitOnDialog                                       isrt.obl(CustomDialog.obs)
622  WizardDirection                                    ifx.obl(EventsSetupPriv.obs)
623  WriteLine                                          isrt.obl(Files.obs)
624  WriteProfInt                                       isrt.obl(Profile.obs)
625  WriteProfString                                    isrt.obl(Profile.obs)
626  WriteProperties                                    ifx.obl(PersistPropertyBag.obs)
627  _HandleException                                   isrt.obl(exceptions.obs)
628  __ISRTDoExit                                       isrt.obl(Misc.obs)
629  __ISRTInit                                         isrt.obl(ISRTInit.obs)
630  __ISRTRestoreMainLog                               isrt.obl(ISRTInit.obs)
631  __ISRTRestoreMainLogEx                             isrt.obl(ISRTInit.obs)
632  __ISRTSetComponentLog                              isrt.obl(ISRTInit.obs)
633  __ISRTUnInit                                       isrt.obl(ISRTInit.obs)
634  __LoadIScriptString                                isrt.obl(LoadStr.obs)
635  program                                            ifx.obl(EventsSetupPriv.obs)
636  sfc.SRSetRestorePoint                              Setup.obs


***** External Variables *****
1    ADDREMOVE                                          isrt.obl(DebugSymbols.obs)
2    ADDREMOVE_COMBINEDBUTTON                           Setup.obs
3    ADDREMOVE_HIDECHANGEOPTION                         Setup.obs
4    ADDREMOVE_HIDEREMOVEOPTION                         Setup.obs
5    ADDREMOVE_HIDEREPAIROPTION                         Setup.obs
6    ADDREMOVE_STRING_REMOVEONLY                        Setup.obs
7    ADDREMOVE_SYSTEMCOMPONENT                          Setup.obs
8    ADMINUSER                                          Setup.obs
9    ALLUSERS                                           Setup.obs
10   BATCH_INSTALL                                      Setup.obs
11   CMDLINE                                            isrt.obl(DebugSymbols.obs)
12   COMMONFILES                                        isrt.obl(DebugSymbols.obs)
13   DISABLE_ALLUSERBTN                                 Setup.obs
14   DISABLE_PERUSERBTN                                 Setup.obs
15   DISK1TARGET                                        Setup.obs
16   ENABLED_ISERVICES                                  isrt.obl(DebugSymbols.obs)
17   ENGINECOMMONDIR                                    isrt.obl(DebugSymbols.obs)
18   ENGINEDIR                                          isrt.obl(DebugSymbols.obs)
19   ERRORFILENAME                                      Setup.obs
20   Err                                                Setup.obs
21   FILETIME                                           Setup.obs
22   FIND_DATA                                          Setup.obs
23   FOLDER_APPDATA                                     isrt.obl(DebugSymbols.obs)
24   FOLDER_DESKTOP                                     isrt.obl(DebugSymbols.obs)
25   FOLDER_FONTS                                       isrt.obl(DebugSymbols.obs)
26   FOLDER_PERSONAL                                    isrt.obl(DebugSymbols.obs)
27   FOLDER_PROGRAMS                                    isrt.obl(DebugSymbols.obs)
28   FOLDER_STARTMENU                                   isrt.obl(DebugSymbols.obs)
29   FOLDER_STARTUP                                     isrt.obl(DebugSymbols.obs)
30   FOLDER_TEMP                                        isrt.obl(DebugSymbols.obs)
31   FileRegistrar                                      Setup.obs
32   HKEYCURRENTROOTKEY                                 Setup.obs
33   IFX_COMPANY_NAME                                   Setup.obs
34   IFX_DISK1INSTALLED                                 Setup.obs
35   IFX_INITIALIZED                                    Setup.obs
36   IFX_INSTALLED_DISPLAY_VERSION                      Setup.obs
37   IFX_INSTALLED_VERSION                              Setup.obs
38   IFX_KEYPATH_PRODUCT_INFO                           Setup.obs
39   IFX_MULTI_INSTANCE_SUFFIX                          Setup.obs
40   IFX_PRODUCT_COMMENTS                               Setup.obs
41   IFX_PRODUCT_DISPLAY_NAME                           Setup.obs
42   IFX_PRODUCT_DISPLAY_VERSION                        Setup.obs
43   IFX_PRODUCT_ICON                                   Setup.obs
44   IFX_PRODUCT_KEY                                    Setup.obs
45   IFX_PRODUCT_NAME                                   Setup.obs
46   IFX_PRODUCT_README                                 Setup.obs
47   IFX_PRODUCT_REGISTEREDCOMPANY                      Setup.obs
48   IFX_PRODUCT_REGISTEREDOWNER                        Setup.obs
49   IFX_PRODUCT_REGISTEREDSERIALNUM                    Setup.obs
50   IFX_PRODUCT_SUPPORT_CONTACT                        Setup.obs
51   IFX_PRODUCT_SUPPORT_PHONE                          Setup.obs
52   IFX_PRODUCT_SUPPORT_URL                            Setup.obs
53   IFX_PRODUCT_UPDATE_URL                             Setup.obs
54   IFX_PRODUCT_URL                                    Setup.obs
55   IFX_PRODUCT_VERSION                                Setup.obs
56   IFX_SETUP_TITLE                                    Setup.obs
57   IFX_SUPPORTED_VERSIONS                             Setup.obs
58   IISROOTFOLDER                                      isrt.obl(DebugSymbols.obs)
59   INSTALLSCRIPTMSI                                   isrt.obl(DebugSymbols.obs)
60   INSTANCE_GUID                                      isrt.obl(DebugSymbols.obs)
61   ISRES                                              isrt.obl(DebugSymbols.obs)
62   ISUSER                                             isrt.obl(DebugSymbols.obs)
63   ISUTIL_FUNCTION_ACTUAL_ERROR                       Setup.obs
64   ISUTIL_LINE_NUMBER                                 Setup.obs
65   ISUTIL_SCRIPT_FILE                                 Setup.obs
66   ISVERSION                                          isrt.obl(DebugSymbols.obs)
67   InetSRCDIR                                         Setup.obs
68   LAAW_PARAMETERS                                    Setup.obs
69   LAAW_PROCESS_INFORMATION                           Setup.obs
70   LAAW_STARTUPINFO                                   Setup.obs
71   LAST_RESULT                                        Setup.obs
72   LogDB                                              Setup.obs
73   MAINTENANCE                                        isrt.obl(DebugSymbols.obs)
74   MAINT_OPTION                                       isrt.obl(DebugSymbols.obs)
75   MEDIA                                              Setup.obs
76   MEDIA_INFO                                         isrt.obl(Feature.obs)
77   MODE                                               Setup.obs
78   MSG                                                Setup.obs
79   MULTI_INSTANCE_COUNT                               isrt.obl(DebugSymbols.obs)
80   MainWindow                                         Setup.obs
81   NOTHING                                            Setup.obs
82   OSINFO_PLATFORM_INFO                               Setup.obs
83   OSVERSIONINFO                                      Setup.obs
84   OSVERSIONINFOEX                                    Setup.obs
85   Objects                                            Setup.obs
86   PACKAGE_LOCATION                                   isrt.obl(DebugSymbols.obs)
87   POINT                                              Setup.obs
88   PRIVILEGED                                         Setup.obs
89   PROCESS_INFORMATION                                Setup.obs
90   PRODUCT_GUID                                       isrt.obl(DebugSymbols.obs)
91   PROGRAMFILES                                       isrt.obl(DebugSymbols.obs)
92   RECT                                               Setup.obs
93   REMOVEALLMODE                                      isrt.obl(DebugSymbols.obs)
94   REMOVEONLY                                         isrt.obl(DebugSymbols.obs)
95   Reboot                                             Setup.obs
96   SELECTED_LANGUAGE                                  isrt.obl(DebugSymbols.obs)
97   SERVICE_IS_PARAMS                                  Setup.obs
98   SERVICE_IS_STATUS                                  Setup.obs
99   SHELL_OBJECT_FOLDER                                Setup.obs
100  SHOW_PASSWORD_DIALOG                               isrt.obl(DebugSymbols.obs)
101  SRCDIR                                             Setup.obs
102  SRCDISK                                            isrt.obl(DebugSymbols.obs)
103  STARTUPINFO                                        Setup.obs
104  SUPPORTDIR                                         isrt.obl(DebugSymbols.obs)
105  SYSTEMTIME                                         Setup.obs
106  SetupInfo                                          Setup.obs
107  StatusDlg                                          Setup.obs
108  TARGETDIR                                          Setup.obs
109  TARGETDISK                                         isrt.obl(DebugSymbols.obs)
110  TextSub                                            Setup.obs
111  UNINST                                             Setup.obs
112  UNINSTALLKEY                                       Setup.obs
113  UNINSTALL_DISPLAYNAME                              Setup.obs
114  UNINSTALL_STRING                                   Setup.obs
115  UPDATEMODE                                         Setup.obs
116  WINDIR                                             isrt.obl(DebugSymbols.obs)
117  WINDISK                                            isrt.obl(DebugSymbols.obs)
118  WINSYSDIR                                          isrt.obl(DebugSymbols.obs)
119  WINSYSDISK                                         isrt.obl(DebugSymbols.obs)
120  _FONTFILEINFO                                      Setup.obs
121  _INT64                                             Setup.obs
122  _LAAW_PARAMETERS                                   Setup.obs
123  _LAAW_TEMP_DATA                                    isrt.obl(Extend.obs)
124  _RESTOREINFO_                                      Setup.obs
125  _RESTOREPTINFO                                     Setup.obs
126  _SERVICE_IS_PARAMS                                 Setup.obs
127  _SERVICE_IS_STATUS                                 Setup.obs
128  _SMGRSTATUS                                        Setup.obs
129  _SMGSTATUS_                                        Setup.obs
130  _WIN9X                                             Setup.obs
131  _WINNT                                             Setup.obs
132  __SYSTEMINFORMATION                                Setup.obs
133  __hContext                                         isrt.obl(AskYesNo.obs)
134  __objGlobalTextSub                                 Setup.obs
135  __szGUID                                           isrt.obl(ISRTInit.obs)
136  bBackButton                                        Setup.obs
137  bCancelButton                                      Setup.obs
138  bEnterDiskBeep                                     isrt.obl(AskDestPathDlg.obs)
139  bFinishButton                                      Setup.obs
140  bIFXLFNoToAll                                      Setup.obs
141  bIFXLFOnRebootToAll                                Setup.obs
142  bIFXLFYesToAll                                     Setup.obs
143  bIFXMD5IgnoreToAll                                 Setup.obs
144  bIFXRONoToAll                                      Setup.obs
145  bIFXROYesToAll                                     Setup.obs
146  bIFXSFNoToAll                                      Setup.obs
147  bIFXSFYesToAll                                     Setup.obs
148  bIfxPCHInitialized                                 Setup.obs
149  bIfxPCHOn                                          Setup.obs
150  bInstall16                                         Setup.obs
151  bNextButton                                        Setup.obs
152  bSdInit                                            Setup.obs
153  bViewCmptKunits                                    Setup.obs
154  bViewCmptUseDecimal                                Setup.obs
155  g_bSuppressMissingStringWarning                    isrt.obl(Enable.obs)
156  nIfxPCHType                                        Setup.obs
157  szAppKey                                           Setup.obs
158  szSdProduct                                        Setup.obs
159  szSdStr_NotEnoughSpace                             Setup.obs
