***** External Functions *****
1    Advapi32.CloseServiceHandle                        isrt.obl(Service.obs)
2    Advapi32.OpenSCManagerA                            isrt.obl(Service.obs)
3    Advapi32.OpenServiceA                              isrt.obl(Service.obs)
4    Advapi32.QueryServiceStatus                        isrt.obl(Service.obs)
5    AppSearch                                          isrt.obl(Driver.obs)
6    ApplicationFiles_Installed                         setup.obs
7    ApplicationFiles_UnInstalling                      setup.obs
8    CCPSearch                                          isrt.obl(Driver.obs)
9    CloseFile                                          isrt.obl(Files.obs)
10   CmdGetHwndDlg                                      isrt.obl(CustomDialog.obs)
11   ComponentAddFileToLog                              isrt.obl(component.obs)
12   ComponentCompareSizeRequired                       isrt.obl(component.obs)
13   ComponentErrorInfo                                 isrt.obl(component.obs)
14   ComponentFilterLanguage                            isrt.obl(component.obs)
15   ComponentFilterOS                                  isrt.obl(component.obs)
16   ComponentGetData                                   isrt.obl(component.obs)
17   ComponentGetTotalCost                              isrt.obl(component.obs)
18   ComponentIsItemSelected                            isrt.obl(component.obs)
19   ComponentListItems                                 isrt.obl(component.obs)
20   ComponentPatch                                     isrt.obl(component.obs)
21   ComponentReinstall                                 isrt.obl(component.obs)
22   ComponentRemoveAllInLogOnly                        isrt.obl(component.obs)
23   ComponentRemoveAllInMedia                          isrt.obl(component.obs)
24   ComponentRemoveAllInMediaAndLog                    isrt.obl(component.obs)
25   ComponentSaveTarget                                isrt.obl(component.obs)
26   ComponentSelectItem                                isrt.obl(component.obs)
27   ComponentSelectNew                                 isrt.obl(component.obs)
28   ComponentSetTarget                                 isrt.obl(component.obs)
29   ComponentTransferData                              isrt.obl(component.obs)
30   ComponentTreeInit                                  isrt.obl(Dialogs.obs)
31   CreateDir                                          isrt.obl(Files.obs)
32   CreateFile                                         isrt.obl(Files.obs)
33   CreateInstallationInfo                             isrt.obl(Registry.obs)
34   CreateRegistrySet                                  isrt.obl(component.obs)
35   CtrlGetNotificationCode                            isrt.obl(CustomDialog.obs)
36   CtrlGetState                                       isrt.obl(CustomDialog.obs)
37   CtrlGetSubCommand                                  isrt.obl(CustomDialog.obs)
38   CtrlGetText                                        isrt.obl(CustomDialog.obs)
39   CtrlSelectText                                     isrt.obl(CustomDialog.obs)
40   CtrlSetMLEText                                     isrt.obl(CustomDialog.obs)
41   CtrlSetState                                       isrt.obl(CustomDialog.obs)
42   CtrlSetText                                        isrt.obl(CustomDialog.obs)
43   DefineDialog                                       isrt.obl(CustomDialog.obs)
44   DeleteFile                                         isrt.obl(Files.obs)
45   DialogSetDefaultFont                               isrt.obl(Dialogs.obs)
46   DialogSetFont                                      isrt.obl(Dialogs.obs)
47   DialogSetInfo                                      isrt.obl(Dialogs.obs)
48   Disable                                            isrt.obl(Enable.obs)
49   DllSizeOf                                          isrt.obl(Str.obs)
50   Do                                                 isrt.obl(Misc.obs)
51   Enable                                             isrt.obl(Enable.obs)
52   EndCurrentDialog                                   isrt.obl(Dialogs.obs)
53   EndDialog                                          isrt.obl(CustomDialog.obs)
54   EnterDisk                                          isrt.obl(EnterDisk.obs)
55   ExistsDir                                          isrt.obl(Files.obs)
56   ExistsDisk                                         isrt.obl(Files.obs)
57   ExitInstall                                        isrt.obl(Driver.obs)
58   EzDefineDialog                                     isrt.obl(CustomDialog.obs)
59   FinalConstruct                                     ifx.obl(EventsPriv.obs)
60   FinalRelease                                       ifx.obl(EventsPriv.obs)
61   FindFile                                           isrt.obl(Files.obs)
62   FormatMessage                                      isrt.obl(Misc.obs)
63   GDI32.CreateRectRgn                                isrt.obl(AskDestPathDlg.obs)
64   GDI32.GetDeviceCaps                                isrt.obl(AskDestPathDlg.obs)
65   GetBillboard                                       isrt.obl(SysVars.obs)
66   GetCommonFiles                                     isrt.obl(SysVars.obs)
67   GetCurrentDialogName                               isrt.obl(Dialogs.obs)
68   GetDialogTitle                                     isrt.obl(Dialogs.obs)
69   GetDir                                             isrt.obl(Str.obs)
70   GetDisk                                            isrt.obl(Str.obs)
71   GetDiskSpace                                       isrt.obl(GSI.obs)
72   GetDiskSpaceEx                                     isrt.obl(GSI.obs)
73   GetEnabledIServices                                isrt.obl(SysVars.obs)
74   GetEngineDir                                       isrt.obl(SysVars.obs)
75   GetErrorMsg                                        isrt.obl(Dialogs.obs)
76   GetErrorTitle                                      isrt.obl(Dialogs.obs)
77   GetExtents                                         isrt.obl(GSI.obs)
78   GetISRes                                           isrt.obl(SysVars.obs)
79   GetInstanceGUID                                    isrt.obl(SysVars.obs)
80   GetLog                                             isrt.obl(SysVars.obs)
81   GetMaintOption                                     isrt.obl(SysVars.obs)
82   GetMaintenance                                     isrt.obl(SysVars.obs)
83   GetMultiInstanceCount                              isrt.obl(SysVars.obs)
84   GetOpenFileMode                                    isrt.obl(Files.obs)
85   GetProductGUID                                     isrt.obl(SysVars.obs)
86   GetProfSectionKeyCount                             isrt.obl(Profile.obs)
87   GetProfString                                      isrt.obl(Profile.obs)
88   GetProfStringList                                  isrt.obl(Profile.obs)
89   GetProgramFiles                                    isrt.obl(SysVars.obs)
90   GetRemoveAllMode                                   isrt.obl(SysVars.obs)
91   GetSelectedLanguage                                isrt.obl(SysVars.obs)
92   GetSelectedTreeComponent                           isrt.obl(CmptView.obs)
93   GetSupportDir                                      isrt.obl(SysVars.obs)
94   GetSystemInfo                                      isrt.obl(GSI.obs)
95   GetTempFolder                                      isrt.obl(SysVars.obs)
96   GetWinDir                                          isrt.obl(SysVars.obs)
97   GetWinSysDir                                       isrt.obl(SysVars.obs)
98   GetWindowHandle                                    isrt.obl(Misc.obs)
99   HIWORD                                             isrt.obl(Misc.obs)
100  ISDeterminePlatform                                isrt.obl(OsInfo.obs)
101  ISMIF32.InstallStatusMIF                           isrt.obl(MIF.obs)
102  ISRT.ComponentViewSetInfoEx                        isrt.obl(Dialogs.obs)
103  ISRT.EnableHourGlass                               isrt.obl(Enable.obs)
104  ISRT.GetCPUType                                    isrt.obl(GSI.obs)
105  ISRT.GetFontSub                                    isrt.obl(Dialogs.obs)
106  ISRT.GetHandle                                     setup.obs
107  ISRT.GetPorts                                      isrt.obl(GSI.obs)
108  ISRT.IsEmpty                                       setup.obs
109  ISRT.IsNTAdmin                                     isrt.obl(Is.obs)
110  ISRT.IsObject                                      setup.obs
111  ISRT.IsPowerUser                                   isrt.obl(Is.obs)
112  ISRT.LangLoadString                                isrt.obl(SDINT.obs)
113  ISRT.MessageBeepP                                  setup.obs
114  ISRT.PathCompactPathPixel                          isrt.obl(CustomDialog.obs)
115  ISRT.PathGetDir                                    isrt.obl(Str.obs)
116  ISRT.PathGetDrive                                  isrt.obl(Str.obs)
117  ISRT.PathGetFile                                   isrt.obl(Files.obs)
118  ISRT.PathGetFileExt                                isrt.obl(Str.obs)
119  ISRT.PathGetFileName                               isrt.obl(Str.obs)
120  ISRT.PathGetLongFromShort                          isrt.obl(Str.obs)
121  ISRT.PathGetPath                                   isrt.obl(Str.obs)
122  ISRT.PathGetSpecialFolder                          isrt.obl(SysVars.obs)
123  ISRT.PathIsValidSyntax                             isrt.obl(Is.obs)
124  ISRT._AppSearch                                    setup.obs
125  ISRT._BrowseForFolder                              isrt.obl(SelectDir.obs)
126  ISRT._CCPSearch                                    setup.obs
127  ISRT._CleanupInet                                  isrt.obl(MIO.obs)
128  ISRT._CloseFile                                    isrt.obl(Files.obs)
129  ISRT._CmdGetHwndDlg                                isrt.obl(CustomDialog.obs)
130  ISRT._ComponentCompareSizeRequired                 isrt.obl(component.obs)
131  ISRT._ComponentErrorInfo                           isrt.obl(component.obs)
132  ISRT._ComponentFilterLanguage                      isrt.obl(component.obs)
133  ISRT._ComponentFilterOS                            isrt.obl(component.obs)
134  ISRT._ComponentGetData                             isrt.obl(component.obs)
135  ISRT._ComponentGetTotalCost                        isrt.obl(component.obs)
136  ISRT._ComponentGetTotalCostEx                      isrt.obl(SdComponentTreeDlg.obs)
137  ISRT._ComponentIsItemSelected                      isrt.obl(component.obs)
138  ISRT._ComponentListItems                           isrt.obl(component.obs)
139  ISRT._ComponentPatch                               isrt.obl(component.obs)
140  ISRT._ComponentReinstall                           isrt.obl(component.obs)
141  ISRT._ComponentRemoveAll                           isrt.obl(component.obs)
142  ISRT._ComponentRemoveAllInLogOnly                  isrt.obl(component.obs)
143  ISRT._ComponentSaveTarget                          isrt.obl(component.obs)
144  ISRT._ComponentSelectItem                          isrt.obl(component.obs)
145  ISRT._ComponentSelectNew                           isrt.obl(component.obs)
146  ISRT._ComponentTransferData                        isrt.obl(component.obs)
147  ISRT._CreateDir                                    isrt.obl(Files.obs)
148  ISRT._CreateRegistrySet                            isrt.obl(component.obs)
149  ISRT._CtrlGetNotificationCode                      isrt.obl(CustomDialog.obs)
150  ISRT._CtrlGetSubCommand                            isrt.obl(CustomDialog.obs)
151  ISRT._DefineDialog                                 isrt.obl(CustomDialog.obs)
152  ISRT._DialogSetFont                                isrt.obl(Dialogs.obs)
153  ISRT._DisableStatus                                isrt.obl(Enable.obs)
154  ISRT._DoSprintf                                    isrt.obl(MsgBox.obs)
155  ISRT._EnableDialogCache                            isrt.obl(Enable.obs)
156  ISRT._EnablePrevDialog                             isrt.obl(AskDestPathDlg.obs)
157  ISRT._EnableSkins                                  isrt.obl(Enable.obs)
158  ISRT._EnableStatus                                 isrt.obl(Enable.obs)
159  ISRT._EndDialog                                    isrt.obl(CustomDialog.obs)
160  ISRT._ExistsDir                                    isrt.obl(Files.obs)
161  ISRT._ExistsDisk                                   isrt.obl(Files.obs)
162  ISRT._ExistsFile                                   isrt.obl(Files.obs)
163  ISRT._ExitInstall                                  setup.obs
164  ISRT._GetCurrentDialogName                         isrt.obl(Dialogs.obs)
165  ISRT._GetDiskSpaceEx                               isrt.obl(GSI.obs)
166  ISRT._GetDiskSpaceExEx                             isrt.obl(SdComponentTreeDlg.obs)
167  ISRT._GetGlobalMemorySize                          isrt.obl(GSI.obs)
168  ISRT._GetSelectedTreeComponent                     isrt.obl(CmptView.obs)
169  ISRT._GetSupportDir                                isrt.obl(SysVars.obs)
170  ISRT._InetEndofTransfer                            isrt.obl(iftw.obs)
171  ISRT._InetGetNextDisk                              isrt.obl(iftw.obs)
172  ISRT._InitInstall                                  setup.obs
173  ISRT._IsSkinLoaded                                 isrt.obl(Is.obs)
174  ISRT._IsWindowsME                                  isrt.obl(GSI.obs)
175  ISRT._ListAddItem                                  isrt.obl(scrlist.obs)
176  ISRT._ListAddString                                isrt.obl(scrlist.obs)
177  ISRT._ListCount                                    isrt.obl(scrlist.obs)
178  ISRT._ListCreate                                   isrt.obl(scrlist.obs)
179  ISRT._ListCurrentString                            isrt.obl(scrlist.obs)
180  ISRT._ListDeleteString                             isrt.obl(scrlist.obs)
181  ISRT._ListDestroy                                  isrt.obl(scrlist.obs)
182  ISRT._ListFindString                               isrt.obl(scrlist.obs)
183  ISRT._ListGetFirstItem                             isrt.obl(scrlist.obs)
184  ISRT._ListGetFirstString                           isrt.obl(scrlist.obs)
185  ISRT._ListGetNextItem                              isrt.obl(scrlist.obs)
186  ISRT._ListGetNextString                            isrt.obl(scrlist.obs)
187  ISRT._ListGetType                                  isrt.obl(scrlist.obs)
188  ISRT._ListReadFromFile                             isrt.obl(scrlist.obs)
189  ISRT._ListSetIndex                                 isrt.obl(scrlist.obs)
190  ISRT._MediaGetInfo                                 isrt.obl(component.obs)
191  ISRT._OpenFile                                     isrt.obl(Files.obs)
192  ISRT._Preprogram                                   setup.obs
193  ISRT._Rebooted                                     setup.obs
194  ISRT._RegCreateKey                                 isrt.obl(Registry.obs)
195  ISRT._RegEnum                                      isrt.obl(Registry.obs)
196  ISRT._RegQueryKeyBinaryValue                       isrt.obl(Registry.obs)
197  ISRT._RegQueryKeyValue                             isrt.obl(Registry.obs)
198  ISRT._RegSetKeyBinaryValue                         isrt.obl(Registry.obs)
199  ISRT._RegSetKeyValue                               isrt.obl(Registry.obs)
200  ISRT._ReleaseDialog                                isrt.obl(CustomDialog.obs)
201  ISRT._SdShowMsg                                    isrt.obl(SDSMSG.obs)
202  ISRT._SetAltMainImage                              isrt.obl(Dialogs.obs)
203  ISRT._SetDisplayEffect                             isrt.obl(ui.obs)
204  ISRT._SetPaletteFile                               isrt.obl(MIO.obs)
205  ISRT._SetTitle                                     isrt.obl(ui.obs)
206  ISRT._SetupInet                                    isrt.obl(MIO.obs)
207  ISRT._ShowObjWizardPages                           isrt.obl(Objects.obs)
208  ISRT._ShowWizardPages                              setup.obs
209  ISRT._StatusUpdate                                 isrt.obl(ui.obs)
210  ISRT._TreeViewCreate                               isrt.obl(CmptView.obs)
211  ISRT._WaitOnDialog                                 isrt.obl(CustomDialog.obs)
212  ISRT._WriteLine                                    isrt.obl(Files.obs)
213  ISRT.__CreateObjectContext                         isrt.obl(ISRTInit.obs)
214  ISRT.__GetCmdLineOptions                           isrt.obl(ISRTInit.obs)
215  ISRT.__GetContextGUID                              isrt.obl(ISRTInit.obs)
216  ISRT.__GetEnabledIServices                         isrt.obl(SysVars.obs)
217  ISRT.__GetFileRegistrar                            isrt.obl(ISRTInit.obs)
218  ISRT.__GetInfo                                     isrt.obl(ISRTInit.obs)
219  ISRT.__GetInstallGuid                              isrt.obl(SysVars.obs)
220  ISRT.__GetLog                                      isrt.obl(SysVars.obs)
221  ISRT.__GetLogDB                                    isrt.obl(ISRTInit.obs)
222  ISRT.__GetMainWindow                               setup.obs
223  ISRT.__GetMaintOption                              isrt.obl(SysVars.obs)
224  ISRT.__GetMaintenanceMode                          isrt.obl(SysVars.obs)
225  ISRT.__GetObjects                                  isrt.obl(ISRTInit.obs)
226  ISRT.__GetProductGuid                              isrt.obl(SysVars.obs)
227  ISRT.__GetProgress                                 setup.obs
228  ISRT.__GetReboot                                   isrt.obl(ISRTInit.obs)
229  ISRT.__GetRemoveAllMode                            isrt.obl(SysVars.obs)
230  ISRT.__GetTextSub                                  isrt.obl(ISRTInit.obs)
231  ISRT.__GetUpdateMode                               isrt.obl(SysVars.obs)
232  ISRT.__GetUser                                     isrt.obl(MIO.obs)
233  ISRT.__ISRTGetPropertyBag                          ifx.obl(PersistPropertyBag.obs)
234  ISRT.__ISRTReleasePropertyBag                      ifx.obl(PersistPropertyBag.obs)
235  ISRT.__LoadString                                  isrt.obl(LoadStr.obs)
236  ISRT.__ReleaseObjectContext                        isrt.obl(ISRTInit.obs)
237  ISRT.__RestoreMainLog                              isrt.obl(ISRTInit.obs)
238  ISRT.__SetComponentLog                             isrt.obl(ISRTInit.obs)
239  ISRT.__SetUpdateMode                               isrt.obl(SysVars.obs)
240  ISRTPreprogram                                     isrt.obl(Driver.obs)
241  IfxFilterComponents                                ifx.obl(EventsSetupPriv.obs)
242  IfxFinalConstruct                                  ifx.obl(EventsSetupPriv.obs)
243  IfxFinalRelease                                    ifx.obl(EventsSetupPriv.obs)
244  IfxInitProperties                                  ifx.obl(PersistPropertyBag.obs)
245  IfxOnAbortInstall                                  ifx.obl(EventsPriv.obs)
246  IfxOnAppSearch                                     ifx.obl(EventsPriv.obs)
247  IfxOnCCPSearch                                     ifx.obl(EventsPriv.obs)
248  IfxOnCanceling                                     ifx.obl(EventsPriv.obs)
249  IfxOnDisk1Installed                                ifx.obl(EventsSetupPriv.obs)
250  IfxOnDisk1Installing                               ifx.obl(EventsSetupPriv.obs)
251  IfxOnExitInstall                                   ifx.obl(EventsSetupPriv.obs)
252  IfxOnFileError                                     ifx.obl(EventsSetupPriv.obs)
253  IfxOnFileLocked                                    ifx.obl(EventsSetupPriv.obs)
254  IfxOnFileReadOnly                                  ifx.obl(EventsSetupPriv.obs)
255  IfxOnHelp                                          ifx.obl(EventsPriv.obs)
256  IfxOnInitInstall                                   ifx.obl(EventsSetupPriv.obs)
257  IfxOnInternetError                                 ifx.obl(EventsSetupPriv.obs)
258  IfxOnMD5Error                                      ifx.obl(EventsSetupPriv.obs)
259  IfxOnNextDisk                                      ifx.obl(EventsSetupPriv.obs)
260  IfxOnRebooted                                      ifx.obl(EventsPriv.obs)
261  IfxOnRemovingSharedFile                            ifx.obl(EventsSetupPriv.obs)
262  IfxOnShowWizardPages                               ifx.obl(EventsSetupPriv.obs)
263  IfxOnTransferred                                   ifx.obl(EventsPriv.obs)
264  IfxOnTransferring                                  ifx.obl(EventsSetupPriv.obs)
265  IfxOnUnhandledException                            ifx.obl(EventsPriv.obs)
266  IfxPostprogram                                     ifx.obl(EventsSetupPriv.obs)
267  IfxPreprogram                                      ifx.obl(EventsSetupPriv.obs)
268  IfxReadProperties                                  ifx.obl(PersistPropertyBag.obs)
269  IfxRunAfterReboot                                  ifx.obl(EventsSetupPriv.obs)
270  IfxWriteProperties                                 ifx.obl(PersistPropertyBag.obs)
271  InetEndofTransfer                                  isrt.obl(iftw.obs)
272  InetNextDisk                                       isrt.obl(iftw.obs)
273  InitInstall                                        isrt.obl(Driver.obs)
274  InitProperties                                     ifx.obl(PersistPropertyBag.obs)
275  Is                                                 isrt.obl(Is.obs)
276  IsInetInstall                                      isrt.obl(iftw.obs)
277  KERNEL.GetModuleHandle                             setup.obs
278  KERNEL32.CloseHandle                               isrt.obl(AskDestPathDlg.obs)
279  KERNEL32.CreateFileA                               isrt.obl(AskDestPathDlg.obs)
280  KERNEL32.CreateProcess                             isrt.obl(AskDestPathDlg.obs)
281  KERNEL32.DeleteFileA                               isrt.obl(AskDestPathDlg.obs)
282  KERNEL32.FindClose                                 isrt.obl(AskDestPathDlg.obs)
283  KERNEL32.FindFirstFileA                            isrt.obl(AskDestPathDlg.obs)
284  KERNEL32.FindNextFileA                             isrt.obl(AskDestPathDlg.obs)
285  KERNEL32.FormatMessageA                            isrt.obl(AskDestPathDlg.obs)
286  KERNEL32.FreeLibrary                               isrt.obl(AskDestPathDlg.obs)
287  KERNEL32.GetDriveType                              isrt.obl(AskDestPathDlg.obs)
288  KERNEL32.GetExitCodeProcess                        isrt.obl(AskDestPathDlg.obs)
289  KERNEL32.GetFileAttributesA                        isrt.obl(AskDestPathDlg.obs)
290  KERNEL32.GetLocalTime                              isrt.obl(AskDestPathDlg.obs)
291  KERNEL32.GetLocaleInfo                             isrt.obl(AskDestPathDlg.obs)
292  KERNEL32.GetPrivateProfileSectionA                 isrt.obl(AskDestPathDlg.obs)
293  KERNEL32.GetPrivateProfileString                   isrt.obl(AskDestPathDlg.obs)
294  KERNEL32.GetPrivateProfileStringA                  isrt.obl(AskDestPathDlg.obs)
295  KERNEL32.GetProcAddress                            isrt.obl(AskDestPathDlg.obs)
296  KERNEL32.GetProfileStringA                         isrt.obl(AskDestPathDlg.obs)
297  KERNEL32.GetShortPathNameA                         isrt.obl(AskDestPathDlg.obs)
298  KERNEL32.GetSystemDefaultLCID                      isrt.obl(AskDestPathDlg.obs)
299  KERNEL32.GetUserDefaultLangID                      isrt.obl(AskDestPathDlg.obs)
300  KERNEL32.GetVersion                                isrt.obl(AskDestPathDlg.obs)
301  KERNEL32.GetVersionEx                              isrt.obl(AskDestPathDlg.obs)
302  KERNEL32.GetVolumeInformation                      isrt.obl(AskDestPathDlg.obs)
303  KERNEL32.GetWindowsDirectory                       isrt.obl(AskDestPathDlg.obs)
304  KERNEL32.LoadLibraryA                              isrt.obl(AskDestPathDlg.obs)
305  KERNEL32.SetFileAttributesA                        isrt.obl(AskDestPathDlg.obs)
306  KERNEL32.WritePrivateProfileString                 isrt.obl(AskDestPathDlg.obs)
307  KERNEL32.WritePrivateProfileStringA                isrt.obl(AskDestPathDlg.obs)
308  KERNEL32.WriteProfileStringA                       isrt.obl(AskDestPathDlg.obs)
309  KERNEL32.lstrlen                                   isrt.obl(AskDestPathDlg.obs)
310  LOWORD                                             isrt.obl(Misc.obs)
311  LaunchAppAndWait                                   isrt.obl(Extend.obs)
312  LaunchAppAndWaitInitStartupInfo                    isrt.obl(Extend.obs)
313  ListAddItem                                        isrt.obl(scrlist.obs)
314  ListAddString                                      isrt.obl(scrlist.obs)
315  ListCount                                          isrt.obl(scrlist.obs)
316  ListCreate                                         isrt.obl(scrlist.obs)
317  ListCurrentString                                  isrt.obl(scrlist.obs)
318  ListDeleteString                                   isrt.obl(scrlist.obs)
319  ListDestroy                                        isrt.obl(scrlist.obs)
320  ListFindString                                     isrt.obl(scrlist.obs)
321  ListGetFirstItem                                   isrt.obl(scrlist.obs)
322  ListGetFirstString                                 isrt.obl(scrlist.obs)
323  ListGetNextItem                                    isrt.obl(scrlist.obs)
324  ListGetNextString                                  isrt.obl(scrlist.obs)
325  ListGetType                                        isrt.obl(scrlist.obs)
326  ListReadFromFile                                   isrt.obl(scrlist.obs)
327  ListSetIndex                                       isrt.obl(scrlist.obs)
328  LoadStringFromStringTable                          isrt.obl(Str.obs)
329  LongPathFromShortPath                              isrt.obl(Str.obs)
330  LongPathToQuote                                    isrt.obl(Str.obs)
331  LongPathToShortPath                                isrt.obl(Str.obs)
332  MAKELONG                                           isrt.obl(Misc.obs)
333  MIFCreateMIFFile                                   isrt.obl(MIF.obs)
334  MIFDeleteMIFFile                                   isrt.obl(MIF.obs)
335  MIFInitialize                                      isrt.obl(MIF.obs)
336  MIFSetInformation                                  isrt.obl(MIF.obs)
337  MIFUnInitialize                                    isrt.obl(MIF.obs)
338  MIFWasSetInformationCalled                         isrt.obl(MIF.obs)
339  MIOShutdown                                        isrt.obl(MIO.obs)
340  MIOStartup                                         isrt.obl(MIO.obs)
341  MaintenanceStart                                   isrt.obl(Registry.obs)
342  MediaGetData                                       isrt.obl(component.obs)
343  MessageBeep                                        isrt.obl(Misc.obs)
344  MessageBox                                         isrt.obl(MsgBox.obs)
345  MessageBoxEx                                       isrt.obl(MsgBox.obs)
346  OnAbort                                            ifx.obl(EventsSetup.obs)
347  OnAppSearch                                        ifx.obl(EventsSetup.obs)
348  OnBegin                                            ifx.obl(EventsSetup.obs)
349  OnCCPSearch                                        ifx.obl(EventsSetup.obs)
350  OnCanceling                                        ifx.obl(EventsSetup.obs)
351  OnComponentError                                   ifx.obl(EventsSetup.obs)
352  OnEnd                                              ifx.obl(EventsSetup.obs)
353  OnFileError                                        ifx.obl(EventsSetup.obs)
354  OnFileLocked                                       ifx.obl(EventsSetup.obs)
355  OnFileReadOnly                                     ifx.obl(EventsSetup.obs)
356  OnFilterComponents                                 ifx.obl(EventsSetup.obs)
357  OnFirstUIAfter                                     ifx.obl(EventsSetup.obs)
358  OnFirstUIBefore                                    setup.obs
359  OnHelp                                             ifx.obl(EventsSetup.obs)
360  OnInstallingFile                                   ifx.obl(EventsSetup.obs)
361  OnInternetError                                    ifx.obl(EventsSetup.obs)
362  OnMD5Error                                         ifx.obl(EventsSetup.obs)
363  OnMaintUIAfter                                     ifx.obl(EventsSetup.obs)
364  OnMaintUIBefore                                    setup.obs
365  OnMoveData                                         ifx.obl(EventsSetup.obs)
366  OnMoved                                            ifx.obl(EventsSetup.obs)
367  OnMoving                                           ifx.obl(EventsSetup.obs)
368  OnNextDisk                                         ifx.obl(EventsSetup.obs)
369  OnRebooted                                         ifx.obl(EventsSetup.obs)
370  OnRemovingSharedFile                               ifx.obl(EventsSetup.obs)
371  OnSelfRegistrationError                            ifx.obl(EventsSetup.obs)
372  OnSetUpdateMode                                    ifx.obl(EventsSetup.obs)
373  OnShowUI                                           ifx.obl(EventsSetup.obs)
374  OnUnhandledException                               ifx.obl(EventsPriv.obs)
375  OnUninstallingFile                                 ifx.obl(EventsSetup.obs)
376  OnUpdateUIAfter                                    ifx.obl(EventsSetup.obs)
377  OnUpdateUIBefore                                   setup.obs
378  OpenFileMode                                       isrt.obl(Files.obs)
379  PCRestoreInit                                      isrt.obl(PCRestore.obs)
380  PCRestoreOnAbort                                   isrt.obl(PCRestore.obs)
381  PCRestoreOnBegin                                   isrt.obl(PCRestore.obs)
382  PCRestoreOnExit                                    isrt.obl(PCRestore.obs)
383  ParsePath                                          isrt.obl(Str.obs)
384  Postprogram                                        ifx.obl(EventsSetupPriv.obs)
385  Preprogram                                         ifx.obl(EventsSetupPriv.obs)
386  ProgDefGroupType                                   isrt.obl(Shell.obs)
387  ProgGetGroupType                                   isrt.obl(Shell.obs)
388  PthFixPath                                         isrt.obl(Pth.obs)
389  PthIsAbsPath                                       isrt.obl(Pth.obs)
390  ReadProperties                                     ifx.obl(PersistPropertyBag.obs)
391  Rebooted                                           isrt.obl(Driver.obs)
392  RegDBGetDefaultRoot                                isrt.obl(Registry.obs)
393  RegDBGetItem                                       isrt.obl(Registry.obs)
394  RegDBGetKeyValueEx                                 isrt.obl(Registry.obs)
395  RegDBInit                                          isrt.obl(Registry.obs)
396  RegDBQueryKey                                      isrt.obl(Registry.obs)
397  RegDBQueryKeyCount                                 isrt.obl(Registry.obs)
398  RegDBQueryStringMultiStringCount                   isrt.obl(Registry.obs)
399  RegDBQueryValue                                    isrt.obl(Registry.obs)
400  RegDBSetDefaultRoot                                isrt.obl(Registry.obs)
401  RegDBSetItem                                       isrt.obl(Registry.obs)
402  RegDBSetKeyValueEx                                 isrt.obl(Registry.obs)
403  RegDBSetValue                                      isrt.obl(Registry.obs)
404  RegDBSetVersion                                    isrt.obl(Registry.obs)
405  ReleaseDialog                                      isrt.obl(CustomDialog.obs)
406  SdAskDestPath2                                     isrt.obl(SdAskDestPath2Dlg.obs)
407  SdCloseDlg                                         isrt.obl(SDINT.obs)
408  SdComponentDlgCheckSpace                           isrt.obl(SDINT.obs)
409  SdComponentTree                                    isrt.obl(SdComponentTreeDlg.obs)
410  SdDlgToTop                                         isrt.obl(SDINT.obs)
411  SdDoStdButton                                      isrt.obl(SDINT.obs)
412  SdEnablement                                       isrt.obl(SDINT.obs)
413  SdError                                            isrt.obl(SDINT.obs)
414  SdFinish                                           isrt.obl(SdFinishDlg.obs)
415  SdFinishReboot                                     isrt.obl(SdFinishRebootDlg.obs)
416  SdFinishUpdateEx                                   isrt.obl(SdFinishUpdate.obs)
417  SdGeneralInit                                      isrt.obl(SDINT.obs)
418  SdGetUserCompanyInfo                               isrt.obl(SDINT.obs)
419  SdInit                                             isrt.obl(SDINT.obs)
420  SdIsStdButton                                      isrt.obl(SDINT.obs)
421  SdLicense2                                         isrt.obl(SdLicense2Dlg.obs)
422  SdLoadString                                       isrt.obl(SDINT.obs)
423  SdMakeName                                         isrt.obl(SDINT.obs)
424  SdPlugInProductName                                isrt.obl(SDINT.obs)
425  SdRegisterUser                                     isrt.obl(SdRegisterUserDlg.obs)
426  SdSetDlgTitle                                      isrt.obl(SDINT.obs)
427  SdSetStatic                                        isrt.obl(SDINT.obs)
428  SdShowMsg                                          isrt.obl(SDSMSG.obs)
429  SdStartCopy2                                       isrt.obl(SdStartCopy2Dlg.obs)
430  SdSubstituteProductInfo                            isrt.obl(SDINT.obs)
431  SdUnInit                                           isrt.obl(SDINT.obs)
432  SdWelcome                                          isrt.obl(SdWelcomeDlg.obs)
433  SelectDir                                          isrt.obl(SelectDir.obs)
434  SelectDirNoLog                                     isrt.obl(SelectDir.obs)
435  SendMessage                                        isrt.obl(Misc.obs)
436  ServiceGetServiceState                             isrt.obl(Service.obs)
437  ServiceInitParams                                  isrt.obl(Service.obs)
438  SetCmdLine                                         isrt.obl(SysVars.obs)
439  SetDialogTitle                                     isrt.obl(Dialogs.obs)
440  SetDisplayEffect                                   isrt.obl(ui.obs)
441  SetExtendedErrInfo                                 isrt.obl(IsUtil.obs)
442  SetFolderDesktop                                   isrt.obl(SysVars.obs)
443  SetFolderPrograms                                  isrt.obl(SysVars.obs)
444  SetFolderStartMenu                                 isrt.obl(SysVars.obs)
445  SetFolderStartup                                   isrt.obl(SysVars.obs)
446  SetStatusWindow                                    isrt.obl(ui.obs)
447  SetTitle                                           isrt.obl(ui.obs)
448  ShowObjWizardPages                                 isrt.obl(Objects.obs)
449  ShowWizardPages                                    isrt.obl(Driver.obs)
450  SilentCreateFile                                   isrt.obl(Silent.obs)
451  SilentDoGeneralInfo                                isrt.obl(Silent.obs)
452  SilentFailed                                       isrt.obl(Silent.obs)
453  SilentFinish                                       isrt.obl(Silent.obs)
454  SilentGetMode                                      isrt.obl(Silent.obs)
455  SilentInit                                         isrt.obl(Silent.obs)
456  SilentLogWriteData                                 isrt.obl(Silent.obs)
457  SilentReadData                                     isrt.obl(Silent.obs)
458  SilentSetInfo                                      isrt.obl(Silent.obs)
459  SilentSetMode                                      isrt.obl(Silent.obs)
460  SilentWriteData                                    isrt.obl(Silent.obs)
461  Sprintf                                            isrt.obl(Str.obs)
462  SprintfBox                                         isrt.obl(MsgBox.obs)
463  StatusUpdate                                       isrt.obl(ui.obs)
464  StrAddLastSlash                                    isrt.obl(Str.obs)
465  StrFindEx                                          isrt.obl(Str.obs)
466  StrGetTokens                                       isrt.obl(Str.obs)
467  StrLength                                          isrt.obl(Str.obs)
468  StrRemoveLastSlash                                 isrt.obl(Str.obs)
469  StrRemoveSpaces                                    isrt.obl(Str.obs)
470  StrReplace                                         isrt.obl(Str.obs)
471  StrToNumHex                                        isrt.obl(Str.obs)
472  StrToUpper                                         isrt.obl(Str.obs)
473  SysVarsInit                                        isrt.obl(SysVars.obs)
474  SysVarsUnInit                                      isrt.obl(SysVars.obs)
475  System                                             isrt.obl(Misc.obs)
476  TreeViewCreate                                     isrt.obl(CmptView.obs)
477  USER.EnableWindow                                  setup.obs
478  USER.GetClassName                                  setup.obs
479  USER.GetDC                                         setup.obs
480  USER.GetDlgItem                                    setup.obs
481  USER.GetFocus                                      setup.obs
482  USER.GetWindowLong                                 setup.obs
483  USER.IsIconic                                      setup.obs
484  USER.IsWindow                                      setup.obs
485  USER.IsWindowVisible                               isrt.obl(AskDestPathDlg.obs)
486  USER.LoadString                                    setup.obs
487  USER.ReleaseDC                                     setup.obs
488  USER.SendMessageA                                  isrt.obl(AskDestPathDlg.obs)
489  USER.SetFocus                                      setup.obs
490  USER.SetForegroundWindow                           isrt.obl(AskDestPathDlg.obs)
491  USER.SetWindowPos                                  setup.obs
492  USER.SetWindowText                                 setup.obs
493  USER.ShowWindow                                    setup.obs
494  USER32.CharUpperBuffA                              isrt.obl(AskDestPathDlg.obs)
495  USER32.GetSystemMetrics                            isrt.obl(AskDestPathDlg.obs)
496  USER32.GetWindowText                               isrt.obl(AskDestPathDlg.obs)
497  USER32.GetWindowTextLength                         isrt.obl(AskDestPathDlg.obs)
498  USER32.MessageBoxA                                 isrt.obl(AskDestPathDlg.obs)
499  USER32.MsgWaitForMultipleObjects                   isrt.obl(AskDestPathDlg.obs)
500  USER32.PeekMessageA                                isrt.obl(AskDestPathDlg.obs)
501  USER32.SendMessageA                                isrt.obl(AskDestPathDlg.obs)
502  USER32.SetWindowLong                               isrt.obl(AskDestPathDlg.obs)
503  USER32.SetWindowRgn                                isrt.obl(AskDestPathDlg.obs)
504  UpdateServiceCheckForUpdates                       isrt.obl(ISUpdateService.obs)
505  UpdateServiceInitTargets                           isrt.obl(ISUpdateService.obs)
506  UpdateServiceRegisterProduct                       isrt.obl(ISUpdateService.obs)
507  VarRestore                                         isrt.obl(SysVars.obs)
508  VarSave                                            isrt.obl(SysVars.obs)
509  VerProductCompareVersions                          isrt.obl(version.obs)
510  VerProductGetInstalledVersion                      isrt.obl(version.obs)
511  VerProductIsVersionSupported                       isrt.obl(version.obs)
512  VerProductNumToStr                                 isrt.obl(version.obs)
513  VerProductStrToNum                                 isrt.obl(version.obs)
514  VerProductVerFromVerParts                          isrt.obl(version.obs)
515  VerProductVerPartsFromVer                          isrt.obl(version.obs)
516  WaitOnDialog                                       isrt.obl(CustomDialog.obs)
517  WriteLine                                          isrt.obl(Files.obs)
518  WriteProfInt                                       isrt.obl(Profile.obs)
519  WriteProfString                                    isrt.obl(Profile.obs)
520  WriteProperties                                    ifx.obl(PersistPropertyBag.obs)
521  _HandleException                                   isrt.obl(exceptions.obs)
522  __ISRTDoExit                                       isrt.obl(Misc.obs)
523  __ISRTInit                                         isrt.obl(ISRTInit.obs)
524  __ISRTRestoreMainLog                               isrt.obl(ISRTInit.obs)
525  __ISRTSetComponentLog                              isrt.obl(ISRTInit.obs)
526  __ISRTUnInit                                       isrt.obl(ISRTInit.obs)
527  __LoadIScriptString                                isrt.obl(LoadStr.obs)
528  program                                            ifx.obl(EventsSetupPriv.obs)
529  sfc.SRSetRestorePoint                              setup.obs


***** External Variables *****
1    ADDREMOVE                                          isrt.obl(DebugSymbols.obs)
2    ALLUSERS                                           setup.obs
3    BATCH_INSTALL                                      setup.obs
4    CMDLINE                                            isrt.obl(DebugSymbols.obs)
5    COMMONFILES                                        isrt.obl(DebugSymbols.obs)
6    DISABLE_ALLUSERBTN                                 setup.obs
7    DISABLE_PERUSERBTN                                 setup.obs
8    DISK1TARGET                                        setup.obs
9    ENABLED_ISERVICES                                  isrt.obl(DebugSymbols.obs)
10   ENGINECOMMONDIR                                    isrt.obl(DebugSymbols.obs)
11   ENGINEDIR                                          isrt.obl(DebugSymbols.obs)
12   ERRORFILENAME                                      setup.obs
13   Err                                                setup.obs
14   FILETIME                                           isrt.obl(AskDestPathDlg.obs)
15   FIND_DATA                                          isrt.obl(AskDestPathDlg.obs)
16   FOLDER_APPDATA                                     isrt.obl(DebugSymbols.obs)
17   FOLDER_DESKTOP                                     isrt.obl(DebugSymbols.obs)
18   FOLDER_PERSONAL                                    isrt.obl(DebugSymbols.obs)
19   FOLDER_PROGRAMS                                    isrt.obl(DebugSymbols.obs)
20   FOLDER_STARTMENU                                   isrt.obl(DebugSymbols.obs)
21   FOLDER_STARTUP                                     isrt.obl(DebugSymbols.obs)
22   FOLDER_TEMP                                        isrt.obl(DebugSymbols.obs)
23   FileRegistrar                                      setup.obs
24   IFX_COMPANY_NAME                                   setup.obs
25   IFX_DISK1INSTALLED                                 setup.obs
26   IFX_INITIALIZED                                    setup.obs
27   IFX_INSTALLED_DISPLAY_VERSION                      setup.obs
28   IFX_INSTALLED_VERSION                              setup.obs
29   IFX_PRODUCT_DISPLAY_NAME                           setup.obs
30   IFX_PRODUCT_DISPLAY_VERSION                        setup.obs
31   IFX_PRODUCT_KEY                                    setup.obs
32   IFX_PRODUCT_NAME                                   setup.obs
33   IFX_PRODUCT_VERSION                                setup.obs
34   IFX_SETUP_TITLE                                    setup.obs
35   IFX_SUPPORTED_VERSIONS                             setup.obs
36   INSTANCE_GUID                                      isrt.obl(DebugSymbols.obs)
37   ISRES                                              isrt.obl(DebugSymbols.obs)
38   ISUSER                                             isrt.obl(DebugSymbols.obs)
39   ISUTIL_FUNCTION_ACTUAL_ERROR                       setup.obs
40   ISUTIL_LINE_NUMBER                                 setup.obs
41   ISUTIL_SCRIPT_FILE                                 setup.obs
42   ISVERSION                                          isrt.obl(DebugSymbols.obs)
43   InetSRCDIR                                         setup.obs
44   LAAW_PARAMETERS                                    setup.obs
45   LAAW_PROCESS_INFORMATION                           setup.obs
46   LAAW_STARTUPINFO                                   setup.obs
47   LAST_RESULT                                        setup.obs
48   LogDB                                              setup.obs
49   MAINTENANCE                                        isrt.obl(DebugSymbols.obs)
50   MAINT_OPTION                                       isrt.obl(DebugSymbols.obs)
51   MEDIA                                              setup.obs
52   MEDIA_INFO                                         isrt.obl(component.obs)
53   MODE                                               isrt.obl(DebugSymbols.obs)
54   MSG                                                isrt.obl(AskDestPathDlg.obs)
55   MULTI_INSTANCE_COUNT                               isrt.obl(DebugSymbols.obs)
56   MainWindow                                         setup.obs
57   NOTHING                                            setup.obs
58   OSINFO_PLATFORM_INFO                               setup.obs
59   OSVERSIONINFO                                      isrt.obl(AskDestPathDlg.obs)
60   OSVERSIONINFOEX                                    isrt.obl(AskDestPathDlg.obs)
61   Objects                                            setup.obs
62   POINT                                              isrt.obl(AskDestPathDlg.obs)
63   PROCESS_INFORMATION                                setup.obs
64   PRODUCT_GUID                                       isrt.obl(DebugSymbols.obs)
65   PROGRAMFILES                                       isrt.obl(DebugSymbols.obs)
66   RECT                                               isrt.obl(AskDestPathDlg.obs)
67   REMOVEALLMODE                                      isrt.obl(DebugSymbols.obs)
68   Reboot                                             setup.obs
69   SELECTED_LANGUAGE                                  isrt.obl(DebugSymbols.obs)
70   SERVICE_IS_PARAMS                                  setup.obs
71   SERVICE_IS_STATUS                                  setup.obs
72   SHELL_OBJECT_FOLDER                                setup.obs
73   SRCDIR                                             setup.obs
74   SRCDISK                                            isrt.obl(DebugSymbols.obs)
75   STARTUPINFO                                        setup.obs
76   SUPPORTDIR                                         isrt.obl(DebugSymbols.obs)
77   SYSTEMTIME                                         isrt.obl(AskDestPathDlg.obs)
78   SetupInfo                                          setup.obs
79   StatusDlg                                          setup.obs
80   TARGETDIR                                          setup.obs
81   TARGETDISK                                         isrt.obl(DebugSymbols.obs)
82   TextSub                                            setup.obs
83   UNINST                                             setup.obs
84   UNINSTALL_STRING                                   setup.obs
85   UPDATEMODE                                         setup.obs
86   WINDIR                                             isrt.obl(DebugSymbols.obs)
87   WINDISK                                            isrt.obl(DebugSymbols.obs)
88   WINSYSDIR                                          isrt.obl(DebugSymbols.obs)
89   WINSYSDISK                                         isrt.obl(DebugSymbols.obs)
90   _INT64                                             setup.obs
91   _LAAW_PARAMETERS                                   setup.obs
92   _RESTOREINFO_                                      setup.obs
93   _RESTOREPTINFO                                     setup.obs
94   _SERVICE_IS_PARAMS                                 setup.obs
95   _SERVICE_IS_STATUS                                 setup.obs
96   _SMGRSTATUS                                        setup.obs
97   _SMGSTATUS_                                        setup.obs
98   _WIN9X                                             setup.obs
99   _WINNT                                             setup.obs
100  __SYSTEMINFORMATION                                setup.obs
101  __hContext                                         isrt.obl(AskYesNo.obs)
102  __objGlobalTextSub                                 setup.obs
103  __szGUID                                           isrt.obl(ISRTInit.obs)
104  bBackButton                                        setup.obs
105  bCancelButton                                      setup.obs
106  bEnterDiskBeep                                     isrt.obl(AskDestPathDlg.obs)
107  bFinishButton                                      setup.obs
108  bIFXLFNoToAll                                      setup.obs
109  bIFXLFOnRebootToAll                                setup.obs
110  bIFXLFYesToAll                                     setup.obs
111  bIFXMD5IgnoreToAll                                 setup.obs
112  bIFXRONoToAll                                      setup.obs
113  bIFXROYesToAll                                     setup.obs
114  bIFXSFNoToAll                                      setup.obs
115  bIFXSFYesToAll                                     setup.obs
116  bIfxPCHInitialized                                 setup.obs
117  bIfxPCHOn                                          setup.obs
118  bInstall16                                         setup.obs
119  bNextButton                                        setup.obs
120  bSdInit                                            setup.obs
121  bViewCmptKunits                                    setup.obs
122  bViewCmptUseDecimal                                setup.obs
123  g_bSuppressMissingStringWarning                    isrt.obl(Enable.obs)
124  nIfxPCHType                                        setup.obs
125  szAppKey                                           setup.obs
126  szInstallDeinstKey                                 setup.obs
127  szSdProduct                                        setup.obs
128  szSdStr_NotEnoughSpace                             setup.obs
