 dokanx

 Timestamp is 51e8be90 (Fri Jul 19 12:20:32 2013)

 Preferred load address is 00010000

 Start         Length     Name                   Class
 0001:00000000 0000c624H .text                   CODE
 0001:0000c630 000049d2H .text$s                 CODE
 0002:00000000 000001a0H .idata$5                DATA
 0002:000001a0 00000560H .rdata                  DATA
 0002:00000700 0000004fH .rdata$debug            DATA
 0002:00000750 00000008H .rdata$sxdata           DATA
 0002:00000758 0000025cH .xdata$x                DATA
 0003:00000000 00000198H .data                   DATA
 0003:000001a0 00000074H .bss                    DATA
 0004:00000000 00001eb8H PAGE                    CODE
 0004:00001ec0 000004eaH PAGE$s                  CODE
 0005:00000000 000002f2H INIT                    CODE
 0005:00000300 000000e9H INIT$s                  CODE
 0005:000003ec 00000028H .idata$2                CODE
 0005:00000414 00000014H .idata$3                CODE
 0005:00000428 000001a0H .idata$4                CODE
 0005:000005c8 00000904H .idata$6                CODE
 0006:00000000 00000058H .rsrc$01                DATA
 0006:00000060 00000388H .rsrc$02                DATA

  Address         Publics by Value              Rva+Base       Lib:Object

 0000:00000002       ___safe_se_handler_count   00000002     <absolute>
 0001:00000010       _DokanFastIoCheckIfPossible@32 00011010 f   dokan.obj
 0001:00000040       _DokanAcquireForCreateSection@4 00011040 f   dokan.obj
 0001:000000a0       _DokanReleaseForCreateSection@4 000110a0 f   dokan.obj
 0001:000000f0       _DokanFilterCallbackAcquireForCreateSection@8 000110f0 f   dokan.obj
 0001:00000160       _DbgRaiseAssertionFailure@0 00011160 f i dokan.obj
 0001:00000170       _DokanNoOpAcquire@8        00011170 f   dokan.obj
 0001:00000200       _DokanNoOpRelease@4        00011200 f   dokan.obj
 0001:00000290       _DokanPrintNTStatus@4      00011290 f   dokan.obj
 0001:00000550       _DokanNotifyReportChange0@16 00011550 f   dokan.obj
 0001:00000680       _DokanNotifyReportChange@12 00011680 f   dokan.obj
 0001:000006e0       _PrintIdType@4             000116e0 f   dokan.obj
 0001:00000820       _DokanCheckCCB@8           00011820 f   dokan.obj
 0001:00000910       _DokanAllocateMdl@8        00011910 f   dokan.obj
 0001:00000a40       _DokanFreeMdl@4            00011a40 f   dokan.obj
 0001:00000a80       _IoGetCurrentIrpStackLocation@4 00011a80 f i dokan.obj
 0001:00000ae0       _DokanInitIrpList@4        00011ae0 f   init.obj
 0001:00000b20       _InitializeListHead@4      00011b20 f i init.obj
 0001:00000b40       _DokanCreateGlobalDiskDevice@8 00011b40 f   init.obj
 0001:00000cf0       _DokanRegisterUncProvider@4 00011cf0 f   init.obj
 0001:00000d80       _AllocateUnicodeString@4   00011d80 f   init.obj
 0001:00000e40       _FreeUnicodeString@4       00011e40 f   init.obj
 0001:00000e70       _DokanCreateDiskDevice@28  00011e70 f   init.obj
 0001:000016b0       _KeInitializeSpinLock@4    000126b0 f i init.obj
 0001:000016d0       _ExInitializeFastMutex@4   000126d0 f i init.obj
 0001:00001710       _DokanDeleteDeviceObject@4 00012710 f   init.obj
 0001:00001940       _FsRtlSetupAdvancedHeader@8 00012940 f i init.obj
 0001:000019c0       _RtlStringCchCopyW@12      000129c0 f i init.obj
 0001:00001a10       _RtlStringCchCatW@12       00012a10 f i init.obj
 0001:00001c20       _DokanAllocateFCB@4        00012c20 f   create.obj
 0001:00001dc0       _DokanGetFCB@12            00012dc0 f   create.obj
 0001:00001f80       _DokanFreeFCB@4            00012f80 f   create.obj
 0001:000020f0       _DokanAllocateCCB@8        000130f0 f   create.obj
 0001:00002230       _DokanFreeCCB@4            00013230 f   create.obj
 0001:00002300       _DokanUnicodeStringChar@8  00013300 f   create.obj
 0001:00002350       _SetFileObjectForVCB@8     00013350 f   create.obj
 0001:00002380       _RemoveEntryList@4         00013380 f i create.obj
 0001:000023c0       _InsertTailList@8          000133c0 f i create.obj
 0001:00002400       _DokanCompleteCreate@8     00013400 f   create.obj
 0001:00002760       _DokanDispatchClose@8      00013760 f   close.obj
 0001:00002ba0       _DokanIrpCancelRoutine@8   00013ba0 f   event.obj
 0001:00002d80       _RegisterPendingIrpMain@24 00013d80 f   event.obj
 0001:00002f70       _DokanRegisterPendingIrp@16 00013f70 f   event.obj
 0001:00003000       _DokanRegisterPendingIrpForEvent@8 00014000 f   event.obj
 0001:00003050       _DokanRegisterPendingIrpForService@8 00014050 f   event.obj
 0001:000030c0       _DokanCompleteIrp@8        000140c0 f   event.obj
 0001:00003420       _IsListEmpty@4             00014420 f i event.obj
 0001:00003440       _DokanEventStart@8         00014440 f   event.obj
 0001:000039a0       _DokanEventWrite@8         000149a0 f   event.obj
 0001:00003d20       _ExAllocateFromNPagedLookasideList@4 00014d20 f i event.obj
 0001:00003d90       _ExFreeToNPagedLookasideList@8 00014d90 f i event.obj
 0001:00003df0       _IoMarkIrpPending@4        00014df0 f i event.obj
 0001:00003e20       _DokanDispatchDirectoryControl@8 00014e20 f   directory.obj
 0001:00004070       _DokanQueryDirectory@8     00015070 f   directory.obj
 0001:00004610       _DokanNotifyChangeDirectory@8 00015610 f   directory.obj
 0001:00004750       _DokanCompleteDirectoryControl@8 00015750 f   directory.obj
 0001:000049b0       _DokanDispatchQueryInformation@8 000159b0 f   fileinfo.obj
 0001:00005040       _DokanCompleteQueryInformation@8 00016040 f   fileinfo.obj
 0001:00005200       _DokanDispatchSetInformation@8 00016200 f   fileinfo.obj
 0001:00005890       _DokanCompleteSetInformation@8 00016890 f   fileinfo.obj
 0001:00005dc0       _DokanDispatchRead@8       00016dc0 f   read.obj
 0001:00006290       _DokanCompleteRead@8       00017290 f   read.obj
 0001:00006580       _DokanDispatchWrite@8      00017580 f   write.obj
 0001:00006bd0       _DokanCompleteWrite@8      00017bd0 f   write.obj
 0001:00006d60       _DokanDispatchQueryVolumeInformation@8 00017d60 f   volume.obj
 0001:000071b0       _DokanCompleteQueryVolumeInformation@8 000181b0 f   volume.obj
 0001:00007300       _DokanDispatchSetVolumeInformation@8 00018300 f   volume.obj
 0001:00007370       _DokanDispatchCleanup@8    00018370 f   cleanup.obj
 0001:000076d0       _DokanCompleteCleanup@8    000186d0 f   cleanup.obj
 0001:00007850       _DokanDispatchLock@8       00018850 f   lock.obj
 0001:00007c90       _DokanCompleteLock@8       00018c90 f   lock.obj
 0001:00007d70       _DokanUnmount@4            00018d70 f   timeout.obj
 0001:00007ed0       _DokanCheckKeepAlive@4     00018ed0 f   timeout.obj
 0001:00007fb0       _ReleaseTimeoutPendingIrp@4 00018fb0 f   timeout.obj
 0001:00008260       _DokanResetPendingIrpTimeout@8 00019260 f   timeout.obj
 0001:000083d0       _DokanTimeoutThread@4      000193d0 f   timeout.obj
 0001:000084e0       _RemoveHeadList@4          000194e0 f i timeout.obj
 0001:00008520       _DokanStartCheckThread@4   00019520 f   timeout.obj
 0001:000085c0       _DokanStopCheckThread@4    000195c0 f   timeout.obj
 0001:00008660       _DokanUpdateTimeout@8      00019660 f   timeout.obj
 0001:000086e0       _DokanDispatchFlush@8      000196e0 f   flush.obj
 0001:00008a00       _DokanCompleteFlush@8      00019a00 f   flush.obj
 0001:00008b10       _PrintUnknownDeviceIoctlCode@4 00019b10 f   device.obj
 0001:00008c70       _GlobalDeviceControl@8     00019c70 f   device.obj
 0001:00008e00       _DiskDeviceControl@8       00019e00 f   device.obj
 0001:00009810       _DokanDispatchDeviceControl@8 0001a810 f   device.obj
 0001:00009bc0       _DokanUserFsRequest@8      0001abc0 f   fscontrol.obj
 0001:0000a5f0       _DokanDispatchFileSystemControl@8 0001b5f0 f   fscontrol.obj
 0001:0000a8f0       _SetCommonEventContext@16  0001b8f0 f   notification.obj
 0001:0000a970       _AllocateEventContextRaw@4 0001b970 f   notification.obj
 0001:0000a9e0       _AllocateEventContext@16   0001b9e0 f   notification.obj
 0001:0000aa40       _DokanFreeEventContext@4   0001ba40 f   notification.obj
 0001:0000aa70       _DokanEventNotification@8  0001ba70 f   notification.obj
 0001:0000aaf0       _ReleasePendingIrp@4       0001baf0 f   notification.obj
 0001:0000ac80       _NotificationLoop@8        0001bc80 f   notification.obj
 0001:0000af60       _NotificationThread@4      0001bf60 f   notification.obj
 0001:0000b0a0       _DokanStartEventNotificationThread@4 0001c0a0 f   notification.obj
 0001:0000b150       _DokanStopEventNotificationThread@4 0001c150 f   notification.obj
 0001:0000b1f0       _DokanEventRelease@4       0001c1f0 f   notification.obj
 0001:0000b390       _DokanDispatchQuerySecurity@8 0001c390 f   security.obj
 0001:0000b780       _DokanCompleteQuerySecurity@8 0001c780 f   security.obj
 0001:0000b980       _DokanDispatchSetSecurity@8 0001c980 f   security.obj
 0001:0000bdc0       _DokanCompleteSetSecurity@8 0001cdc0 f   security.obj
 0001:0000bec0       _DokanGetAccessToken@8     0001cec0 f   access.obj
 0001:0000c220       @__security_check_cookie@4 0001d220 f   BufferOverflowK:secchk.obj
 0001:0000c235       ___report_gsfailure        0001d235 f   BufferOverflowK:gs_report.obj
 0001:0000c260       _memset                    0001d260 f   ntoskrnl:ntoskrnl.exe
 0001:0000c26c       _DbgPrint                  0001d26c f   ntoskrnl:ntoskrnl.exe
 0001:0000c280       __except_handler4          0001d280 f   ntoskrnl:chandler4.obj
 0001:0000c3da       _memcpy                    0001d3da f   ntoskrnl:ntoskrnl.exe
 0001:0000c3e8       __local_unwind4            0001d3e8 f   ntoskrnl:exsup4.obj
 0001:0000c4be       __seh_longjmp_unwind4@4    0001d4be f   ntoskrnl:exsup4.obj
 0001:0000c4da       @_EH4_CallFilterFunc@8     0001d4da f   ntoskrnl:exsup4.obj
 0001:0000c4f1       @_EH4_TransferToHandler@8  0001d4f1 f   ntoskrnl:exsup4.obj
 0001:0000c50a       @_EH4_GlobalUnwind@4       0001d50a f   ntoskrnl:exsup4.obj
 0001:0000c524       @_EH4_LocalUnwind@16       0001d524 f   ntoskrnl:exsup4.obj
 0001:0000c540       __NLG_Notify1              0001d540 f   ntoskrnl:_nlgsupp.obj
 0001:0000c549       __NLG_Notify               0001d549 f   ntoskrnl:_nlgsupp.obj
 0001:0000c560       __NLG_Dispatch2            0001d560     ntoskrnl:_nlgsupp.obj
 0001:0000c560       __NLG_Dispatch             0001d560     ntoskrnl:_nlgsupp.obj
 0001:0000c568       __NLG_Call                 0001d568 f   ntoskrnl:_nlgsupp.obj
 0001:0000c56a       __NLG_Return2              0001d56a     ntoskrnl:_nlgsupp.obj
 0001:0000c570       _RtlUnwind@16              0001d570 f   ntoskrnl:ntoskrnl.exe
 0001:0000c57b       _WdmlibRtlInitUnicodeStringEx@8 0001d57b f   wdmsec:wlwrap.obj
 0001:0000c5d8       _RtlULongAdd@12            0001d5d8 f i wdmsec:cmregutil.obj
 0001:0000c606       __snwprintf                0001d606 f   wdmsec:ntoskrnl.exe
 0001:0000c612       __wcsnicmp                 0001d612 f   wdmsec:ntoskrnl.exe
 0001:0000c61e       _wcschr                    0001d61e f   wdmsec:ntoskrnl.exe
 0001:0000c630       ??_C@_0CF@CBFFJGFD@?$FLDokanFS?$FN?5DokanFastIoCheckIfPoss@FNODOBFM@ 0001d630     dokan.obj
 0001:0000c660       ??_C@_0CH@DJKGDNLN@?$FLDokanFS?$FN?5DokanAcquireForCreateS@FNODOBFM@ 0001d660     dokan.obj
 0001:0000c690       ??_C@_0CH@KJPJEGFF@?$FLDokanFS?$FN?5DokanReleaseForCreateS@FNODOBFM@ 0001d690     dokan.obj
 0001:0000c6c0       ??_C@_0DF@MMFMCBAH@?$FLDokanFS?$FN?5DokanFilterCallbackAcq@FNODOBFM@ 0001d6c0     dokan.obj
 0001:0000c700       ??_C@_0BP@PPNIGPMP@?$FLDokanFS?$FN?5?$DM?$DN?$DN?5DokanNoOpAcquire?$AA@FNODOBFM@ 0001d700     dokan.obj
 0001:0000c720       ??_C@_0BL@GKLKFIBL@IoGetTopLevelIrp?$CI?$CJ?5?$DN?$DN?5NULL?$AA@FNODOBFM@ 0001d720     dokan.obj
 0001:0000c740       ??_C@_0BP@ECACBEIP@d?3?2projects?2dokanx?2sys?2dokan?4c?$AA@FNODOBFM@ 0001d740     dokan.obj
 0001:0000c760       ??_C@_0BP@MDFEGKPI@?$FLDokanFS?$FN?5?$DN?$DN?$DO?5DokanNoOpAcquire?$AA@FNODOBFM@ 0001d760     dokan.obj
 0001:0000c780       ??_C@_0BP@HFOCKICC@?$FLDokanFS?$FN?5?$DM?$DN?$DN?5DokanNoOpRelease?$AA@FNODOBFM@ 0001d780     dokan.obj
 0001:0000c7a0       ??_C@_0DG@BIDPEDCH@IoGetTopLevelIrp?$CI?$CJ?5?$DN?$DN?5?$CIPIRP?$CJFSRT@FNODOBFM@ 0001d7a0     dokan.obj
 0001:0000c7e0       ??_C@_0BP@EJGOKNBF@?$FLDokanFS?$FN?5?$DN?$DN?$DO?5DokanNoOpRelease?$AA@FNODOBFM@ 0001d7e0     dokan.obj
 0001:0000c800       ??_C@_0CM@OMPFBOKD@?$FLDokanFS?$FN?5?5?5status?5?$DN?5STATUS_INVA@FNODOBFM@ 0001d800     dokan.obj
 0001:0000c830       ??_C@_0DB@KBKGBLCN@?$FLDokanFS?$FN?5?5?5status?5?$DN?5STATUS_INVA@FNODOBFM@ 0001d830     dokan.obj
 0001:0000c870       ??_C@_0CP@MMMAIAFD@?$FLDokanFS?$FN?5?5?5status?5?$DN?5STATUS_INVA@FNODOBFM@ 0001d870     dokan.obj
 0001:0000c8a0       ??_C@_0CO@OFDIJPJG@?$FLDokanFS?$FN?5?5?5status?5?$DN?5STATUS_ACCE@FNODOBFM@ 0001d8a0     dokan.obj
 0001:0000c8d0       ??_C@_0CL@EFENEEFK@?$FLDokanFS?$FN?5?5?5status?5?$DN?5STATUS_ACCE@FNODOBFM@ 0001d8d0     dokan.obj
 0001:0000c900       ??_C@_0DE@PPEDOBLC@?$FLDokanFS?$FN?5?5?5status?5?$DN?5STATUS_OBJE@FNODOBFM@ 0001d900     dokan.obj
 0001:0000c940       ??_C@_0DD@DECLIMMJ@?$FLDokanFS?$FN?5?5?5status?5?$DN?5STATUS_OBJE@FNODOBFM@ 0001d940     dokan.obj
 0001:0000c980       ??_C@_0DB@BLHKICAA@?$FLDokanFS?$FN?5?5?5status?5?$DN?5STATUS_OBJE@FNODOBFM@ 0001d980     dokan.obj
 0001:0000c9c0       ??_C@_0DD@MBJJFGDB@?$FLDokanFS?$FN?5?5?5status?5?$DN?5STATUS_OBJE@FNODOBFM@ 0001d9c0     dokan.obj
 0001:0000ca00       ??_C@_0DD@HNEGOHKO@?$FLDokanFS?$FN?5?5?5status?5?$DN?5STATUS_OBJE@FNODOBFM@ 0001da00     dokan.obj
 0001:0000ca40       ??_C@_0DB@OMHGHBIG@?$FLDokanFS?$FN?5?5?5status?5?$DN?5STATUS_OBJE@FNODOBFM@ 0001da40     dokan.obj
 0001:0000ca80       ??_C@_0CP@GPHEGDDO@?$FLDokanFS?$FN?5?5?5status?5?$DN?5STATUS_SHAR@FNODOBFM@ 0001da80     dokan.obj
 0001:0000cab0       ??_C@_0DB@OAMFLFMK@?$FLDokanFS?$FN?5?5?5status?5?$DN?5STATUS_FILE@FNODOBFM@ 0001dab0     dokan.obj
 0001:0000caf0       ??_C@_0CN@MLEEMHCC@?$FLDokanFS?$FN?5?5?5status?5?$DN?5STATUS_BUFF@FNODOBFM@ 0001daf0     dokan.obj
 0001:0000cb20       ??_C@_0CN@NNPOCGKC@?$FLDokanFS?$FN?5?5?5status?5?$DN?5STATUS_NOT_@FNODOBFM@ 0001db20     dokan.obj
 0001:0000cb50       ??_C@_0CK@COFLJLPM@?$FLDokanFS?$FN?5?5?5status?5?$DN?5STATUS_NO_S@FNODOBFM@ 0001db50     dokan.obj
 0001:0000cb80       ??_C@_0CJ@NONEPMJA@?$FLDokanFS?$FN?5?5?5status?5?$DN?5STATUS_END_@FNODOBFM@ 0001db80     dokan.obj
 0001:0000cbb0       ??_C@_0CL@LNPELHDF@?$FLDokanFS?$FN?5?5?5status?5?$DN?5STATUS_NO_M@FNODOBFM@ 0001dbb0     dokan.obj
 0001:0000cbe0       ??_C@_0CF@NOEELBMN@?$FLDokanFS?$FN?5?5?5status?5?$DN?5STATUS_SUCC@FNODOBFM@ 0001dbe0     dokan.obj
 0001:0000cc10       ??_C@_0CG@OKBDMMHA@?$FLDokanFS?$FN?5?$DM?$DN?$DN?5DokanNotifyReportC@FNODOBFM@ 0001dc10     dokan.obj
 0001:0000cc40       ??_C@_0BB@DIJGLHAJ@FileName?5?$CB?$DN?5NULL?$AA@FNODOBFM@ 0001dc40     dokan.obj
 0001:0000cc60       ??_C@_0M@DJEDCO@Fcb?5?$CB?$DN?5NULL?$AA@FNODOBFM@ 0001dc60     dokan.obj
 0001:0000cc70       ??_C@_0CL@DJMDGADF@?$FLDokanFS?$FN?5?$DN?$DN?$DO?5DokanNotifyReportC@FNODOBFM@ 0001dc70     dokan.obj
 0001:0000cca0       ??_C@_0BO@NNNOGOIM@?$FLDokanFS?$FN?5?5?5?5IdType?5?$DN?5Unknown?$AA@FNODOBFM@ 0001dca0     dokan.obj
 0001:0000ccc0       ??_C@_0BK@BFAMHHMO@?$FLDokanFS?$FN?5?5?5?5IdType?5?$DN?5CCB?$AA@FNODOBFM@ 0001dcc0     dokan.obj
 0001:0000cce0       ??_C@_0BK@CCNCIHPM@?$FLDokanFS?$FN?5?5?5?5IdType?5?$DN?5FCB?$AA@FNODOBFM@ 0001dce0     dokan.obj
 0001:0000cd00       ??_C@_0BK@HCMLNAGD@?$FLDokanFS?$FN?5?5?5?5IdType?5?$DN?5VCB?$AA@FNODOBFM@ 0001dd00     dokan.obj
 0001:0000cd20       ??_C@_0BK@IINLEPHH@?$FLDokanFS?$FN?5?5?5?5IdType?5?$DN?5DCB?$AA@FNODOBFM@ 0001dd20     dokan.obj
 0001:0000cd40       ??_C@_0BL@CIANLHAG@?$FLDokanFS?$FN?5?5?5?5?5IdType?5?$DN?5DGL?$AA@FNODOBFM@ 0001dd40     dokan.obj
 0001:0000cd60       ??_C@_0BM@FCHCPDO@?$FLDokanFS?$FN?5?5?5?5?5IdType?5?$DN?5NULL?$AA@FNODOBFM@ 0001dd60     dokan.obj
 0001:0000cd80       ??_C@_0BI@IBKAJBMH@?$FLDokanFS?$FN?5?5?5Not?5mounted?$AA@FNODOBFM@ 0001dd80     dokan.obj
 0001:0000cda0       ??_C@_0CC@KADEDIND@?$FLDokanFS?$FN?5?5?5?5MountId?5is?5differen@FNODOBFM@ 0001dda0     dokan.obj
 0001:0000cdd0       ??_C@_0BJ@CHAEJGBO@?$FLDokanFS?$FN?5?5?5?5ccb?5is?5NULL?$AA@FNODOBFM@ 0001ddd0     dokan.obj
 0001:0000cdf0       ??_C@_0M@OMACNNLB@Dcb?5?$CB?$DN?5NULL?$AA@FNODOBFM@ 0001ddf0     dokan.obj
 0001:0000ce00       ??_C@_0CI@DONEEGGH@?$FLDokanFS?$FN?5?5?5?5?5MmProveAndLockPage@FNODOBFM@ 0001de00     dokan.obj
 0001:0000ce30       ??_C@_0CK@NKMGNBKB@?$FLDokanFS?$FN?5?5?5?5?5IoAllocateMdl?5retu@FNODOBFM@ 0001de30     dokan.obj
 0001:0000ce60       ??_C@_0CM@LOONDNKF@Irp?9?$DOCurrentLocation?5?$DM?$DN?5Irp?9?$DOSta@FNODOBFM@ 0001de60     dokan.obj
 0001:0000ce90       ??_C@_0CF@DDOEGKHI@D?3?2WinDDK?27600?416385?41?2inc?2ddk?2w@FNODOBFM@ 0001de90     dokan.obj
 0001:0000cec0       ??_C@_0CM@NGAHAIMI@?$FLDokanFS?$FN?5SymbolicLink?3?5?$CFwZ?5?9?$DO?5?$CF@FNODOBFM@ 0001dec0     init.obj
 0001:0000cef0       ??_C@_0DA@KADHBLIL@?$FLDokanFS?$FN?5?5?5IoCreateSymbolicLink@FNODOBFM@ 0001def0     init.obj
 0001:0000cf20       ??_C@_0CK@JFHFFEJI@?$FLDokanFS?$FN?5DokanGlobalDevice?3?5?$CFwZ@FNODOBFM@ 0001df20     init.obj
 0001:0000cf50       ??_C@_0CK@GGKOHIED@?$FLDokanFS?$FN?5?5?5IoCreateDevice?5retur@FNODOBFM@ 0001df50     init.obj
 0001:0000cf80       ??_C@_1DC@JJHBEEBC@?$AA?2?$AAD?$AAo?$AAs?$AAD?$AAe?$AAv?$AAi?$AAc?$AAe?$AAs?$AA?2?$AAG?$AAl?$AAo?$AAb?$AAa?$AAl?$AA?2?$AAD?$AAo?$AAk?$AAa?$AAn?$AA?$AA@FNODOBFM@ 0001df80     init.obj
 0001:0000cfc0       ??_C@_1BM@FHCNJMDP@?$AA?2?$AAD?$AAe?$AAv?$AAi?$AAc?$AAe?$AA?2?$AAD?$AAo?$AAk?$AAa?$AAn?$AA?$AA@FNODOBFM@ 0001dfc0     init.obj
 0001:0000cfe0       ??_C@_0DD@FAGCANDG@?$FLDokanFS?$FN?5?5?5FsRtlRegisterUncProv@FNODOBFM@ 0001dfe0     init.obj
 0001:0000d020       ??_C@_0CN@BFDCNNPF@?$FLDokanFS?$FN?5?5?5FsRtlRegisterUncProv@FNODOBFM@ 0001e020     init.obj
 0001:0000d050       ??_C@_0CN@KHBLAECP@?$FLDokanFS?$FN?5PsCreateSystemThread?5f@FNODOBFM@ 0001e050     init.obj
 0001:0000d080       ??_C@_1M@BDMGMBEO@?$AAD?$AAO?$AAK?$AAA?$AAN?$AA?$AA@FNODOBFM@ 0001e080     init.obj
 0001:0000d090       ??_C@_0CO@EAKMMBMJ@?$FLDokanFS?$FN?5DokanFileSystemDevice?3@FNODOBFM@ 0001e090     init.obj
 0001:0000d0c0       ??_C@_0DO@HBCNDPCK@?$FLDokanFS?$FN?5?5?5IoCreateDevice?5?$CIFILE@FNODOBFM@ 0001e0c0     init.obj
 0001:0000d100       ??_C@_0CI@OIOBPMJE@?$FLDokanFS?$FN?5DokanDiskDevice?3?5?$CFwZ?5c@FNODOBFM@ 0001e100     init.obj
 0001:0000d130       ??_C@_0DH@IKLDOEAL@?$FLDokanFS?$FN?5?5?5IoCreateDevice?5?$CIDISK@FNODOBFM@ 0001e130     init.obj
 0001:0000d170       ??_C@_1DE@BONIMFNN@?$AA?2?$AAD?$AAo?$AAs?$AAD?$AAe?$AAv?$AAi?$AAc?$AAe?$AAs?$AA?2?$AAG?$AAl?$AAo?$AAb?$AAa?$AAl?$AA?2?$AAV?$AAo?$AAl?$AAu?$AAm?$AAe?$AA?$AA@FNODOBFM@ 0001e170     init.obj
 0001:0000d1b0       ??_C@_1BO@LGPKALII@?$AA?2?$AAD?$AAe?$AAv?$AAi?$AAc?$AAe?$AA?2?$AAV?$AAo?$AAl?$AAu?$AAm?$AAe?$AA?$AA@FNODOBFM@ 0001e1b0     init.obj
 0001:0000d1d0       ??_C@_1EG@LEKJENPI@?$AA?2?$AAD?$AAo?$AAs?$AAD?$AAe?$AAv?$AAi?$AAc?$AAe?$AAs?$AA?2?$AAG?$AAl?$AAo?$AAb?$AAa?$AAl?$AA?2?$AAD?$AAo?$AAk?$AAa?$AAn?$AAR?$AAe?$AAd?$AAi?$AAr?$AAe?$AAc?$AAt@FNODOBFM@ 0001e1d0     init.obj
 0001:0000d220       ??_C@_1DA@PLMHAKFB@?$AA?2?$AAD?$AAe?$AAv?$AAi?$AAc?$AAe?$AA?2?$AAD?$AAo?$AAk?$AAa?$AAn?$AAR?$AAe?$AAd?$AAi?$AAr?$AAe?$AAc?$AAt?$AAo?$AAr?$AA?$AA@FNODOBFM@ 0001e220     init.obj
 0001:0000d250       ??_C@_0CF@NKOOHHJN@?$FLDokanFS?$FN?5?5?5Delete?5Disk?5DeviceOb@FNODOBFM@ 0001e250     init.obj
 0001:0000d280       ??_C@_0CA@OBPDCPPJ@?$FLDokanFS?$FN?5?5?5Delete?5DeviceObject?$AA@FNODOBFM@ 0001e280     init.obj
 0001:0000d2a0       ??_C@_0BP@HLKDCHBP@?$FLDokanFS?$FN?5?5?5CCB?5?5?5?5?5freed?3?5?$CFd?6?$AA@FNODOBFM@ 0001e2a0     init.obj
 0001:0000d2c0       ??_C@_0BP@FKCBBM@?$FLDokanFS?$FN?5?5?5CCB?5allocated?3?5?$CFd?6?$AA@FNODOBFM@ 0001e2c0     init.obj
 0001:0000d2e0       ??_C@_0BP@EFCJKKKF@?$FLDokanFS?$FN?5?5?5FCB?5?5?5?5?5freed?3?5?$CFd?6?$AA@FNODOBFM@ 0001e2e0     init.obj
 0001:0000d300       ??_C@_0BP@DONAKMKG@?$FLDokanFS?$FN?5?5?5FCB?5allocated?3?5?$CFd?6?$AA@FNODOBFM@ 0001e300     init.obj
 0001:0000d320       ??_C@_0CH@EHBKKOJP@?$FLDokanFS?$FN?5?5?5Delete?5Symbolic?5Name@FNODOBFM@ 0001e320     init.obj
 0001:0000d350       ??_C@_0BO@BLAMILI@GetIdentifierType?$CIDcb?$CJ?5?$DN?$DN?5DCB?$AA@FNODOBFM@ 0001e350     init.obj
 0001:0000d370       ??_C@_0BO@OGPGCJOL@d?3?2projects?2dokanx?2sys?2init?4c?$AA@FNODOBFM@ 0001e370     init.obj
 0001:0000d390       ??_C@_0M@MCBKONC@Vcb?5?$CB?$DN?5NULL?$AA@FNODOBFM@ 0001e390     create.obj
 0001:0000d3a0       ??_C@_0M@BIAIJING@fcb?5?$CB?$DN?5NULL?$AA@FNODOBFM@ 0001e3a0     create.obj
 0001:0000d3b0       ??_C@_0CA@POHCNICD@d?3?2projects?2dokanx?2sys?2create?4c?$AA@FNODOBFM@ 0001e3b0     create.obj
 0001:0000d3d0       ??_C@_0BJ@LPEKKPAK@?$FLDokanFS?$FN?5?5?5Allocate?5FCB?$AA@FNODOBFM@ 0001e3d0     create.obj
 0001:0000d3f0       ??_C@_0BJ@DKOJNHB@?$FLDokanFS?$FN?5?5?5Free?5FCB?3?$CFX?6?$AA@FNODOBFM@ 0001e3f0     create.obj
 0001:0000d410       ??_C@_0M@IAKLOPMG@ccb?5?$CB?$DN?5NULL?$AA@FNODOBFM@ 0001e410     create.obj
 0001:0000d420       ??_C@_0CC@KKNBPJH@?$FLDokanFS?$FN?5?$DM?$DN?$DN?5DokanCompleteCreat@FNODOBFM@ 0001e420     create.obj
 0001:0000d450       ??_C@_0CF@DDDPGJCJ@?$FLDokanFS?$FN?5?5?5DOKAN_FILE_DIRECTORY@FNODOBFM@ 0001e450     create.obj
 0001:0000d480       ??_C@_0CE@DADOHPOC@?$FLDokanFS?$FN?5?5?5FILE_DIRECTORY_FILE?5@FNODOBFM@ 0001e480     create.obj
 0001:0000d4b0       ??_C@_0BH@EAIJBCJD@?$FLDokanFS?$FN?5?5?5info?5?$DN?5?$CFd?6?$AA@FNODOBFM@ 0001e4b0     create.obj
 0001:0000d4d0       ??_C@_0BI@GIOIMLLA@?$FLDokanFS?$FN?5?5?5FILE_EXISTS?$AA@FNODOBFM@ 0001e4d0     create.obj
 0001:0000d4f0       ??_C@_0CA@JOOLGJHJ@?$FLDokanFS?$FN?5?5?5FILE_DOES_NOT_EXIST?$AA@FNODOBFM@ 0001e4f0     create.obj
 0001:0000d510       ??_C@_0BN@JPKALNKD@?$FLDokanFS?$FN?5?5?5FILE_OVERWRITTEN?$AA@FNODOBFM@ 0001e510     create.obj
 0001:0000d530       ??_C@_0BJ@EIEKFMNE@?$FLDokanFS?$FN?5?5?5FILE_CREATED?$AA@FNODOBFM@ 0001e530     create.obj
 0001:0000d550       ??_C@_0BI@FPCPDJAB@?$FLDokanFS?$FN?5?5?5FILE_OPENED?$AA@FNODOBFM@ 0001e550     create.obj
 0001:0000d570       ??_C@_0BK@EIDMBJFC@?$FLDokanFS?$FN?5?5?5FileName?3?$CFwZ?6?$AA@FNODOBFM@ 0001e570     create.obj
 0001:0000d590       ??_C@_0CC@LCPANHPA@?$FLDokanFS?$FN?5?$DN?$DN?$DO?5DokanCompleteCreat@FNODOBFM@ 0001e590     create.obj
 0001:0000d5c0       ??_C@_0BJ@FBPJABLA@?$FLDokanFS?$FN?5?$DM?$DN?$DN?5DokanClose?$AA@FNODOBFM@ 0001e5c0     close.obj
 0001:0000d5e0       ??_C@_0BN@NKLNCIKM@?$FLDokanFS?$FN?5?5?5?5UserContext?3?$CFX?6?$AA@FNODOBFM@ 0001e5e0     close.obj
 0001:0000d600       ??_C@_0CC@PABIBLDJ@?$FLDokanFS?$FN?5?5?5?5eventContext?5?$DN?$DN?5NUL@FNODOBFM@ 0001e600     close.obj
 0001:0000d630       ??_C@_0BK@BEIAHCPG@?$FLDokanFS?$FN?5?5?5?5Free?5CCB?3?$CFX?6?$AA@FNODOBFM@ 0001e630     close.obj
 0001:0000d650       ??_C@_0BP@CPJPAGPO@d?3?2projects?2dokanx?2sys?2close?4c?$AA@FNODOBFM@ 0001e650     close.obj
 0001:0000d670       ??_C@_0CN@ODNMEACG@?$FLDokanFS?$FN?5?5?5FileName?3?5?$CFwZ?5FCB?4Fi@FNODOBFM@ 0001e670     close.obj
 0001:0000d6a0       ??_C@_0BL@MFADMBAH@?$FLDokanFS?$FN?5?5?5ProcessId?5?$CFlu?6?$AA@FNODOBFM@ 0001e6a0     close.obj
 0001:0000d6c0       ??_C@_0BP@OMCKFIBF@?$FLDokanFS?$FN?5?5?5fileObject?5is?5NULL?$AA@FNODOBFM@ 0001e6c0     close.obj
 0001:0000d6e0       ??_C@_0BJ@FFMILGJG@?$FLDokanFS?$FN?5?$DN?$DN?$DO?5DokanClose?$AA@FNODOBFM@ 0001e6e0     close.obj
 0001:0000d700       ??_C@_0CE@DIPNNHJI@?$FLDokanFS?$FN?5?$DM?$DN?$DN?5DokanIrpCancelRout@FNODOBFM@ 0001e700     event.obj
 0001:0000d730       ??_C@_0BP@JGGBIIEC@?$FLDokanFS?$FN?5?5?5?5canceled?5IRP?5?$CD?$CFX?6?$AA@FNODOBFM@ 0001e730     event.obj
 0001:0000d750       ??_C@_0O@KCFBMMAN@irpSp?5?$CB?$DN?5NULL?$AA@FNODOBFM@ 0001e750     event.obj
 0001:0000d760       ??_C@_0CF@LCLMJH@KeGetCurrentIrql?$CI?$CJ?5?$DM?$DN?5DISPATCH_L@FNODOBFM@ 0001e760     event.obj
 0001:0000d790       ??_C@_0BP@PLBAIMFG@d?3?2projects?2dokanx?2sys?2event?4c?$AA@FNODOBFM@ 0001e790     event.obj
 0001:0000d7b0       ??_C@_0CE@IHPONICH@?$FLDokanFS?$FN?5?$DN?$DN?$DO?5DokanIrpCancelRout@FNODOBFM@ 0001e7b0     event.obj
 0001:0000d7e0       ??_C@_0CF@IEGPKJJP@?$FLDokanFS?$FN?5?5?5can?8t?5allocate?5IRP_E@FNODOBFM@ 0001e7e0     event.obj
 0001:0000d810       ??_C@_0CB@OLNKBCE@?$FLDokanFS?$FN?5?5device?5is?5not?5mounted@FNODOBFM@ 0001e810     event.obj
 0001:0000d840       ??_C@_0CM@ILOBDP@?$FLDokanFS?$FN?5DokanRegisterPendingIr@FNODOBFM@ 0001e840     event.obj
 0001:0000d870       ??_C@_0BK@PEFAPKGP@?$FLDokanFS?$FN?5Unknown?5IRP?5?$CFd?6?$AA@FNODOBFM@ 0001e870     event.obj
 0001:0000d890       ??_C@_0CL@LOBOLDGE@irpEntry?9?$DOCancelRoutineFreeMemor@FNODOBFM@ 0001e890     event.obj
 0001:0000d8c0       ??_C@_0BC@GDFMLKCO@eventInfo?5?$CB?$DN?5NULL?$AA@FNODOBFM@ 0001e8c0     event.obj
 0001:0000d8e0       ??_C@_0BO@MDDKAFLL@?$FLDokanFS?$FN?5?$DM?$DN?$DN?5DokanEventStart?$AA@FNODOBFM@ 0001e8e0     event.obj
 0001:0000d900       ??_C@_0BK@HAIBBAEC@?$FLDokanFS?$FN?5?5?5KEEP_ALIVE_ON?$AA@FNODOBFM@ 0001e900     event.obj
 0001:0000d920       ??_C@_0BK@FNDPECFL@?$FLDokanFS?$FN?5?5?5ALT_STREAM_ON?$AA@FNODOBFM@ 0001e920     event.obj
 0001:0000d940       ??_C@_0BM@CJOMOLCC@?$FLDokanFS?$FN?5?5?5DeviceName?3?$CFws?6?$AA@FNODOBFM@ 0001e940     event.obj
 0001:0000d960       ??_C@_0BI@EMCBCKNG@?$FLDokanFS?$FN?5?5?5MountId?3?$CFd?6?$AA@FNODOBFM@ 0001e960     event.obj
 0001:0000d980       ??_C@_0DK@HBINCLDF@?$FLDokanFS?$FN?5?5?5DeviceCharacteristic@FNODOBFM@ 0001e980     event.obj
 0001:0000d9c0       ??_C@_0CF@JGCJOHHF@?$FLDokanFS?$FN?5?5?5Unknown?5device?5type?3@FNODOBFM@ 0001e9c0     event.obj
 0001:0000d9f0       ??_C@_0BO@EMNLODJP@?$FLDokanFS?$FN?5?$DN?$DN?$DO?5DokanEventStart?$AA@FNODOBFM@ 0001e9f0     event.obj
 0001:0000da10       ??_C@_0P@FBHHDKCM@buffer?5?$CB?$DN?5NULL?$AA@FNODOBFM@ 0001ea10     event.obj
 0001:0000da20       ??_C@_0DF@NFKCEPPA@?$FLDokanFS?$FN?5?5?5EventWrite?3?5STATUS_I@FNODOBFM@ 0001ea20     event.obj
 0001:0000da60       ??_C@_0BF@MHJMPOCN@eventContext?5?$CB?$DN?5NULL?$AA@FNODOBFM@ 0001ea60     event.obj
 0001:0000da80       ??_C@_0BD@OEDMEEFH@eventIrpSp?5?$CB?$DN?5NULL?$AA@FNODOBFM@ 0001ea80     event.obj
 0001:0000daa0       ??_C@_0BD@PCHHAGOO@writeIrpSp?5?$CB?$DN?5NULL?$AA@FNODOBFM@ 0001eaa0     event.obj
 0001:0000dac0       ??_C@_0CP@NPCDIIHM@?$FLDokanFS?$FN?5?$DN?$DN?$DO?5DokanEventWrite?5?$FLE@FNODOBFM@ 0001eac0     event.obj
 0001:0000daf0       ??_C@_0CE@CKMLJOOF@?$FLDokanFS?$FN?5?$DM?$DN?$DN?5DokanDirectoryCont@FNODOBFM@ 0001eaf0     directory.obj
 0001:0000db20       ??_C@_0CD@LALCKEHB@?$FLDokanFS?$FN?5?5?5invalid?5minor?5functi@FNODOBFM@ 0001eb20     directory.obj
 0001:0000db50       ??_C@_0CG@PPIIABAH@?$FLDokanFS?$FN?5?5failed?5?5fileObject?5is@FNODOBFM@ 0001eb50     directory.obj
 0001:0000db80       ??_C@_0CE@JFMIJBFK@?$FLDokanFS?$FN?5?$DN?$DN?$DO?5DokanDirectoryCont@FNODOBFM@ 0001eb80     directory.obj
 0001:0000dbb0       ??_C@_0CG@LLPGOOHH@?$FLDokanFS?$FN?5?5?5?5?5ccb?9?$DOSearchPattern@FNODOBFM@ 0001ebb0     directory.obj
 0001:0000dbe0       ??_C@_0BP@LMGFKPFL@?$FLDokanFS?$FN?5?5?5?5?5ccb?9?$DOContext?5?$CFd?6?$AA@FNODOBFM@ 0001ebe0     directory.obj
 0001:0000dc00       ??_C@_0BO@CIBCKMAJ@?$FLDokanFS?$FN?5?5?5?5?5SL_RESTART_SCAN?$AA@FNODOBFM@ 0001ec00     directory.obj
 0001:0000dc20       ??_C@_0CC@CIINPOKC@?$FLDokanFS?$FN?5?5?5?5?5using?5FileIndex?5?$CFd@FNODOBFM@ 0001ec20     directory.obj
 0001:0000dc50       ??_C@_0BM@CAKODKOH@?$FLDokanFS?$FN?5?5?5?5?5initial?5query?$AA@FNODOBFM@ 0001ec50     directory.obj
 0001:0000dc70       ??_C@_0CG@CGNMJPDL@?$FLDokanFS?$FN?5?5?5unknown?5FileInfoClas@FNODOBFM@ 0001ec70     directory.obj
 0001:0000dca0       ??_C@_0CL@IGJIPLGL@?$FLDokanFS?$FN?5?5?5FileIdBothDirectoryI@FNODOBFM@ 0001eca0     directory.obj
 0001:0000dcd0       ??_C@_0CJ@MCNDJONE@?$FLDokanFS?$FN?5?5?5FileBothDirectoryInf@FNODOBFM@ 0001ecd0     directory.obj
 0001:0000dd00       ??_C@_0CB@DJBHDLME@?$FLDokanFS?$FN?5?5?5FileNamesInformation@FNODOBFM@ 0001ed00     directory.obj
 0001:0000dd30       ??_C@_0CJ@BAFJANMJ@?$FLDokanFS?$FN?5?5?5FileFullDirectoryInf@FNODOBFM@ 0001ed30     directory.obj
 0001:0000dd60       ??_C@_0CF@DPCCAKHB@?$FLDokanFS?$FN?5?5?5FileDirectoryInforma@FNODOBFM@ 0001ed60     directory.obj
 0001:0000dd90       ??_C@_0BJ@CEAJLOHJ@?$FLDokanFS?$FN?5?5?5pattern?3?$CFwZ?6?$AA@FNODOBFM@ 0001ed90     directory.obj
 0001:0000ddb0       ??_C@_0BJ@BDOAMIMO@?$FLDokanFS?$FN?5?5?5restart?5scan?$AA@FNODOBFM@ 0001edb0     directory.obj
 0001:0000ddd0       ??_C@_0CA@EDPNLMOP@?$FLDokanFS?$FN?5?5?5return?5single?5entry?$AA@FNODOBFM@ 0001edd0     directory.obj
 0001:0000ddf0       ??_C@_0CA@HAKFNENA@?$FLDokanFS?$FN?5?5?5index?5specified?5?$CFd?6?$AA@FNODOBFM@ 0001edf0     directory.obj
 0001:0000de10       ??_C@_0CD@OIFHLCPG@d?3?2projects?2dokanx?2sys?2directory@FNODOBFM@ 0001ee10     directory.obj
 0001:0000de40       ??_C@_0CB@HGHNFOGM@?$FLDokanFS?$FN?5?7NotifyChangeDirectory@FNODOBFM@ 0001ee40     directory.obj
 0001:0000de70       ??_C@_0CM@DHLJHEH@?$FLDokanFS?$FN?5?$DM?$DN?$DN?5DokanCompleteDirec@FNODOBFM@ 0001ee70     directory.obj
 0001:0000dea0       ??_C@_0CL@ELMFLBPN@?$FLDokanFS?$FN?5?5?5?5?5eventInfo?9?$DOStatus?5@FNODOBFM@ 0001eea0     directory.obj
 0001:0000ded0       ??_C@_0CP@JDMMEFDG@?$FLDokanFS?$FN?5?5?5?5?5eventInfo?9?$DOBufferL@FNODOBFM@ 0001eed0     directory.obj
 0001:0000df00       ??_C@_0CP@GLAGLLC@?$FLDokanFS?$FN?5?5?5?5?5eventInfo?9?$DODirecto@FNODOBFM@ 0001ef00     directory.obj
 0001:0000df30       ??_C@_0CM@OOOGMOMO@?$FLDokanFS?$FN?5?$DN?$DN?$DO?5DokanCompleteDirec@FNODOBFM@ 0001ef30     directory.obj
 0001:0000df60       ??_C@_0CE@PKGCHAAH@?$FLDokanFS?$FN?5?$DM?$DN?$DN?5DokanQueryInformat@FNODOBFM@ 0001ef60     fileinfo.obj
 0001:0000df90       ??_C@_0BN@FDONLKBH@?$FLDokanFS?$FN?5?5?5unknown?5type?3?$CFd?6?$AA@FNODOBFM@ 0001ef90     fileinfo.obj
 0001:0000dfb0       ??_C@_0CC@DPGGNAGC@?$FLDokanFS?$FN?5?5?5FileStreamInformatio@FNODOBFM@ 0001efb0     fileinfo.obj
 0001:0000dfe0       ??_C@_0BA@GIAFHMFK@posInfo?5?$CB?$DN?5NULL?$AA@FNODOBFM@ 0001efe0     fileinfo.obj
 0001:0000dff0       ??_C@_0CE@OLEBMJLF@?$FLDokanFS?$FN?5?5?5FilePositionInformat@FNODOBFM@ 0001eff0     fileinfo.obj
 0001:0000e020       ??_C@_0CH@IDKOLKNN@?$FLDokanFS?$FN?5?5?5FileNetworkOpenInfor@FNODOBFM@ 0001f020     fileinfo.obj
 0001:0000e050       ??_C@_0BB@BCJAAGO@nameInfo?5?$CB?$DN?5NULL?$AA@FNODOBFM@ 0001f050     fileinfo.obj
 0001:0000e070       ??_C@_0CA@EGEACKMH@?$FLDokanFS?$FN?5?5?5FileNameInformation?$AA@FNODOBFM@ 0001f070     fileinfo.obj
 0001:0000e090       ??_C@_0CH@DDBLIMJB@?$FLDokanFS?$FN?5?5?5FileCompressionInfor@FNODOBFM@ 0001f090     fileinfo.obj
 0001:0000e0c0       ??_C@_0CI@NHBIHKIC@?$FLDokanFS?$FN?5?5?5FileAttributeTagInfo@FNODOBFM@ 0001f0c0     fileinfo.obj
 0001:0000e0f0       ??_C@_0CJ@LGCNFEFN@?$FLDokanFS?$FN?5?5?5FileAlternateNameInf@FNODOBFM@ 0001f0f0     fileinfo.obj
 0001:0000e120       ??_C@_0BP@KGJNLANE@?$FLDokanFS?$FN?5?5?5FileAllInformation?$AA@FNODOBFM@ 0001f120     fileinfo.obj
 0001:0000e140       ??_C@_0CE@DEABLHIB@?$FLDokanFS?$FN?5?5?5FileStandardInformat@FNODOBFM@ 0001f140     fileinfo.obj
 0001:0000e170       ??_C@_0BO@FDCDACGJ@?$FLDokanFS?$FN?5?5?5FileEaInformation?$AA@FNODOBFM@ 0001f170     fileinfo.obj
 0001:0000e190       ??_C@_0CE@DDLIOLDM@?$FLDokanFS?$FN?5?5?5FileInternalInformat@FNODOBFM@ 0001f190     fileinfo.obj
 0001:0000e1c0       ??_C@_0CB@JLOMODFI@?$FLDokanFS?$FN?5?5?5FileBasicInformation@FNODOBFM@ 0001f1c0     fileinfo.obj
 0001:0000e1f0       ??_C@_0CC@ICMJEPHK@d?3?2projects?2dokanx?2sys?2fileinfo?4@FNODOBFM@ 0001f1f0     fileinfo.obj
 0001:0000e220       ??_C@_0CH@COFFKOLG@?$FLDokanFS?$FN?5?5?5Failed?4?5fileObject?5?$DN@FNODOBFM@ 0001f220     fileinfo.obj
 0001:0000e250       ??_C@_0BO@PPCKJEGO@?$FLDokanFS?$FN?5?5?5FileInfoClass?5?$CFd?6?$AA@FNODOBFM@ 0001f250     fileinfo.obj
 0001:0000e270       ??_C@_0CE@EFGBHPLI@?$FLDokanFS?$FN?5?$DN?$DN?$DO?5DokanQueryInformat@FNODOBFM@ 0001f270     fileinfo.obj
 0001:0000e2a0       ??_C@_0CM@NDNCHJKF@?$FLDokanFS?$FN?5?$DM?$DN?$DN?5DokanCompleteQuery@FNODOBFM@ 0001f2a0     fileinfo.obj
 0001:0000e2d0       ??_C@_0CM@DOEPCACM@?$FLDokanFS?$FN?5?$DN?$DN?$DO?5DokanCompleteQuery@FNODOBFM@ 0001f2d0     fileinfo.obj
 0001:0000e300       ??_C@_0CC@LMCJCNML@?$FLDokanFS?$FN?5?$DM?$DN?$DN?5DokanSetInformatio@FNODOBFM@ 0001f300     fileinfo.obj
 0001:0000e330       ??_C@_0CJ@CDKFMLFK@?$FLDokanFS?$FN?5?5?5renameContext?9?$DOFileN@FNODOBFM@ 0001f330     fileinfo.obj
 0001:0000e360       ??_C@_0CO@DFPPEDBM@?$FLDokanFS?$FN?5?5?5renameContext?9?$DOFileN@FNODOBFM@ 0001f360     fileinfo.obj
 0001:0000e390       ??_C@_0CG@IKPJHEFJ@?$FLDokanFS?$FN?5?5?5FileObject?5Specified@FNODOBFM@ 0001f390     fileinfo.obj
 0001:0000e3c0       ??_C@_0CL@JMKJGLLG@?$FLDokanFS?$FN?5?5?5FileValidDataLengthI@FNODOBFM@ 0001f3c0     fileinfo.obj
 0001:0000e3f0       ??_C@_0CC@PLEMPOMI@?$FLDokanFS?$FN?5?5?5FileRenameInformatio@FNODOBFM@ 0001f3f0     fileinfo.obj
 0001:0000e420       ??_C@_0CK@CIMCPMON@?$FLDokanFS?$FN?5?5?5FilePositionInformat@FNODOBFM@ 0001f420     fileinfo.obj
 0001:0000e450       ??_C@_0CA@IIOOOKEI@?$FLDokanFS?$FN?5?5?5FileLinkInformation?$AA@FNODOBFM@ 0001f450     fileinfo.obj
 0001:0000e470       ??_C@_0CL@LHOBEGIN@?$FLDokanFS?$FN?5?5?5FileEndOfFileInforma@FNODOBFM@ 0001f470     fileinfo.obj
 0001:0000e4a0       ??_C@_0CH@HDEKKFBK@?$FLDokanFS?$FN?5?5?5FileDispositionInfor@FNODOBFM@ 0001f4a0     fileinfo.obj
 0001:0000e4d0       ??_C@_0CM@JJJNELEH@?$FLDokanFS?$FN?5?5?5FileAllocationInform@FNODOBFM@ 0001f4d0     fileinfo.obj
 0001:0000e500       ??_C@_0BP@CJHCKLAN@?$FLDokanFS?$FN?5?5?5fileObject?5?$DN?$DN?5NULL?$AA@FNODOBFM@ 0001f500     fileinfo.obj
 0001:0000e520       ??_C@_0CD@CEBKNNAP@?$FLDokanFS?$FN?5?$DN?$DN?$DO?5DokanSetInformatio@FNODOBFM@ 0001f520     fileinfo.obj
 0001:0000e550       ??_C@_0CK@HKNBKKFI@?$FLDokanFS?$FN?5?$DM?$DN?$DN?5DokanCompleteSetIn@FNODOBFM@ 0001f550     fileinfo.obj
 0001:0000e580       ??_C@_0BN@GBBABMCG@fcb?9?$DOFileName?4Buffer?5?$CB?$DN?5NULL?$AA@FNODOBFM@ 0001f580     fileinfo.obj
 0001:0000e5a0       ??_C@_0CP@BEOBINBP@?$FLDokanFS?$FN?5?5?5?5FileObject?9?$DODeleteP@FNODOBFM@ 0001f5a0     fileinfo.obj
 0001:0000e5d0       ??_C@_0CO@LBIEPELI@?$FLDokanFS?$FN?5?5?5?5FileObject?9?$DODeleteP@FNODOBFM@ 0001f5d0     fileinfo.obj
 0001:0000e600       ??_C@_0CM@OABAEFBD@?$FLDokanFS?$FN?5?5?5Cannot?5delete?5user?5m@FNODOBFM@ 0001f600     fileinfo.obj
 0001:0000e630       ??_C@_0CK@MPKKIKOK@?$FLDokanFS?$FN?5?$DN?$DN?$DO?5DokanCompleteSetIn@FNODOBFM@ 0001f630     fileinfo.obj
 0001:0000e660       ??_C@_0BI@DFEMEHMC@?$FLDokanFS?$FN?5?$DM?$DN?$DN?5DokanRead?$AA@FNODOBFM@ 0001f660     read.obj
 0001:0000e680       ??_C@_0BL@KNJEHFGP@?$FLDokanFS?$FN?5?5?5STATUS_PENDING?$AA@FNODOBFM@ 0001f680     read.obj
 0001:0000e6a0       ??_C@_0BE@KEGAFLKM@?$FLDokanFS?$FN?5?5?5Nocache?$AA@FNODOBFM@ 0001f6a0     read.obj
 0001:0000e6c0       ??_C@_0BL@EDGLACOB@?$FLDokanFS?$FN?5?5?5Synchronous?5IO?$AA@FNODOBFM@ 0001f6c0     read.obj
 0001:0000e6e0       ??_C@_0BG@CCKFDMCI@?$FLDokanFS?$FN?5?5?5Paging?5IO?$AA@FNODOBFM@ 0001f6e0     read.obj
 0001:0000e700       ??_C@_0CG@CBBCHEOD@?$FLDokanFS?$FN?5?5?5?5DOKAN_FILE_DIRECTOR@FNODOBFM@ 0001f700     read.obj
 0001:0000e730       ??_C@_0BO@IJIBANEC@d?3?2projects?2dokanx?2sys?2read?4c?$AA@FNODOBFM@ 0001f730     read.obj
 0001:0000e750       ??_C@_0CI@DIJJKPOA@?$FLDokanFS?$FN?5?5?5ByteCount?3?$CFd?5ByteOff@FNODOBFM@ 0001f750     read.obj
 0001:0000e780       ??_C@_0CE@ENIAFNJP@?$FLDokanFS?$FN?5use?5FileObject?5ByteOff@FNODOBFM@ 0001f780     read.obj
 0001:0000e7b0       ??_C@_0BI@NPNNHEEE@?$FLDokanFS?$FN?5?$DN?$DN?$DO?5DokanRead?$AA@FNODOBFM@ 0001f7b0     read.obj
 0001:0000e7d0       ??_C@_0CA@GLGAPAKH@?$FLDokanFS?$FN?5?$DM?$DN?$DN?5DokanCompleteRead?$AA@FNODOBFM@ 0001f7d0     read.obj
 0001:0000e7f0       ??_C@_0BL@EOLEGKAI@?$FLDokanFS?$FN?5?5?5status?5?$DN?50x?$CFX?6?$AA@FNODOBFM@ 0001f7f0     read.obj
 0001:0000e810       ??_C@_0BP@NNDMDOME@?$FLDokanFS?$FN?5?5?5STATUS_END_OF_FILE?$AA@FNODOBFM@ 0001f810     read.obj
 0001:0000e830       ??_C@_0CK@POIHFPIJ@?$FLDokanFS?$FN?5?5?5STATUS_INSUFFICIENT_@FNODOBFM@ 0001f830     read.obj
 0001:0000e860       ??_C@_0BL@DKPNHJEC@?$FLDokanFS?$FN?5?5?5STATUS_SUCCESS?$AA@FNODOBFM@ 0001f860     read.obj
 0001:0000e880       ??_C@_0CN@NHPENONM@?$FLDokanFS?$FN?5?5?5Updated?5CurrentByteO@FNODOBFM@ 0001f880     read.obj
 0001:0000e8b0       ??_C@_0CO@KKFECHPL@?$FLDokanFS?$FN?5?5?5bufferLen?5?$CFd?0?5Event?4@FNODOBFM@ 0001f8b0     read.obj
 0001:0000e8e0       ??_C@_0CF@LCHPPPPE@?$FLDokanFS?$FN?5?$DN?$DN?$DO?5DokanCompleteRead?5@FNODOBFM@ 0001f8e0     read.obj
 0001:0000e910       ??_C@_0BD@GPOKNFMJ@fileObject?5?$CB?$DN?5NULL?$AA@FNODOBFM@ 0001f910     read.obj
 0001:0000e930       ??_C@_0BJ@DGEKCBIH@?$FLDokanFS?$FN?5?$DM?$DN?$DN?5DokanWrite?$AA@FNODOBFM@ 0001f930     write.obj
 0001:0000e950       ??_C@_0DA@HLGMIEEJ@?$FLDokanFS?$FN?5?5?5?5Offset?5?$CFd?3?$CFd?0?5Lengt@FNODOBFM@ 0001f950     write.obj
 0001:0000e980       ??_C@_0CG@NBMKALOI@?$FLDokanFS?$FN?5?5?5?5Offset?5?$CFd?3?$CFd?0?5Lengt@FNODOBFM@ 0001f980     write.obj
 0001:0000e9b0       ??_C@_0CG@JMOHNKMI@?$FLDokanFS?$FN?5?5?5WriteOffset?5?$DN?5end?5of@FNODOBFM@ 0001f9b0     write.obj
 0001:0000e9e0       ??_C@_0BL@PMLOEBH@?$FLDokanFS?$FN?5?5?5buffer?5?$DN?$DN?5NULL?$AA@FNODOBFM@ 0001f9e0     write.obj
 0001:0000ea00       ??_C@_0BL@MKPLJLBP@?$FLDokanFS?$FN?5?5?5use?5UserBuffer?$AA@FNODOBFM@ 0001fa00     write.obj
 0001:0000ea20       ??_C@_0BL@FONPGLHC@?$FLDokanFS?$FN?5?5?5use?5MdlAddress?$AA@FNODOBFM@ 0001fa20     write.obj
 0001:0000ea40       ??_C@_0BP@IEPGOBLB@d?3?2projects?2dokanx?2sys?2write?4c?$AA@FNODOBFM@ 0001fa40     write.obj
 0001:0000ea60       ??_C@_0BJ@DCHLJGKB@?$FLDokanFS?$FN?5?$DN?$DN?$DO?5DokanWrite?$AA@FNODOBFM@ 0001fa60     write.obj
 0001:0000ea80       ??_C@_0CB@LMMJIOH@?$FLDokanFS?$FN?5?$DM?$DN?$DN?5DokanCompleteWrite@FNODOBFM@ 0001fa80     write.obj
 0001:0000eab0       ??_C@_0CG@JACAKAF@?$FLDokanFS?$FN?5?$DN?$DN?$DO?5DokanCompleteWrite@FNODOBFM@ 0001fab0     write.obj
 0001:0000eae0       ??_C@_0CK@HMBBKCIA@?$FLDokanFS?$FN?5?$DM?$DN?$DN?5DokanQueryVolumeIn@FNODOBFM@ 0001fae0     volume.obj
 0001:0000eb10       ??_C@_0CF@OFIHCKHM@?$FLDokanFS?$FN?5?5?5FileFsMaximumInforma@FNODOBFM@ 0001fb10     volume.obj
 0001:0000eb40       ??_C@_0CG@DGDFEDCN@?$FLDokanFS?$FN?5?5?5FileFsObjectIdInform@FNODOBFM@ 0001fb40     volume.obj
 0001:0000eb70       ??_C@_0CG@LLGKDGIK@?$FLDokanFS?$FN?5?5?5FileFsFullSizeInform@FNODOBFM@ 0001fb70     volume.obj
 0001:0000eba0       ??_C@_0CF@EOCGBPHB@?$FLDokanFS?$FN?5?5?5FileFsControlInforma@FNODOBFM@ 0001fba0     volume.obj
 0001:0000ebd0       ??_C@_0CH@PKLIMBBG@?$FLDokanFS?$FN?5?5?5FileFsAttributeInfor@FNODOBFM@ 0001fbd0     volume.obj
 0001:0000ec00       ??_C@_0CE@DBGAFJNI@?$FLDokanFS?$FN?5?5?5FileFsDeviceInformat@FNODOBFM@ 0001fc00     volume.obj
 0001:0000ec30       ??_C@_0CC@FKIGAGDC@?$FLDokanFS?$FN?5?5?5FileFsSizeInformatio@FNODOBFM@ 0001fc30     volume.obj
 0001:0000ec60       ??_C@_0CD@EOIAOOLL@?$FLDokanFS?$FN?5?5?5FileFsLabelInformati@FNODOBFM@ 0001fc60     volume.obj
 0001:0000ec90       ??_C@_0CE@PAKDFGID@?$FLDokanFS?$FN?5?5?5FileFsVolumeInformat@FNODOBFM@ 0001fc90     volume.obj
 0001:0000ecc0       ??_C@_0BL@FDDILAAA@?$FLDokanFS?$FN?5?5?5FileName?3?5?$CFwZ?6?$AA@FNODOBFM@ 0001fcc0     volume.obj
 0001:0000ece0       ??_C@_0CK@MJGKICDC@?$FLDokanFS?$FN?5?$DN?$DN?$DO?5DokanQueryVolumeIn@FNODOBFM@ 0001fce0     volume.obj
 0001:0000ed10       ??_C@_0DC@PDLEDOB@?$FLDokanFS?$FN?5?$DM?$DN?$DN?5DokanCompleteQuery@FNODOBFM@ 0001fd10     volume.obj
 0001:0000ed50       ??_C@_0CA@JPLEALEK@d?3?2projects?2dokanx?2sys?2volume?4c?$AA@FNODOBFM@ 0001fd50     volume.obj
 0001:0000ed70       ??_C@_0DC@ONJHNBMB@?$FLDokanFS?$FN?5?$DN?$DN?$DO?5DokanCompleteQuery@FNODOBFM@ 0001fd70     volume.obj
 0001:0000edb0       ??_C@_0CI@OCLKFJHL@?$FLDokanFS?$FN?5?$DM?$DN?$DN?5DokanSetVolumeInfo@FNODOBFM@ 0001fdb0     volume.obj
 0001:0000ede0       ??_C@_0CI@NMAELNFE@?$FLDokanFS?$FN?5?$DN?$DN?$DO?5DokanSetVolumeInfo@FNODOBFM@ 0001fde0     volume.obj
 0001:0000ee10       ??_C@_0BL@ICHNHMBP@?$FLDokanFS?$FN?5?$DM?$DN?$DN?5DokanCleanup?$AA@FNODOBFM@ 0001fe10     cleanup.obj
 0001:0000ee30       ??_C@_0CB@BJHGHCFA@d?3?2projects?2dokanx?2sys?2cleanup?4c@FNODOBFM@ 0001fe30     cleanup.obj
 0001:0000ee60       ??_C@_0BL@BEKGNNCF@?$FLDokanFS?$FN?5?$DN?$DN?$DO?5DokanCleanup?$AA@FNODOBFM@ 0001fe60     cleanup.obj
 0001:0000ee80       ??_C@_0CD@FFDNCBBG@?$FLDokanFS?$FN?5?$DM?$DN?$DN?5DokanCompleteClean@FNODOBFM@ 0001fe80     cleanup.obj
 0001:0000eeb0       ??_C@_0CD@IGFDIICF@?$FLDokanFS?$FN?5?$DN?$DN?$DO?5DokanCompleteClean@FNODOBFM@ 0001feb0     cleanup.obj
 0001:0000eee0       ??_C@_0BI@BDNEGOE@?$FLDokanFS?$FN?5?$DM?$DN?$DN?5DokanLock?$AA@FNODOBFM@ 0001fee0     lock.obj
 0001:0000ef00       ??_C@_0CG@IMMGAJEP@?$FLDokanFS?$FN?5?5?5LockControl?4Length?5?$DN@FNODOBFM@ 0001ff00     lock.obj
 0001:0000ef30       ??_C@_0BN@HCKGNDJC@?$FLDokanFS?$FN?5?5?5?5get?5Context?5?$CFX?6?$AA@FNODOBFM@ 0001ff30     lock.obj
 0001:0000ef50       ??_C@_0BO@DNFIIKIB@d?3?2projects?2dokanx?2sys?2lock?4c?$AA@FNODOBFM@ 0001ff50     lock.obj
 0001:0000ef70       ??_C@_0CD@DGIKJIJB@?$FLDokanFS?$FN?5?5?5unknown?5function?5?3?5?$CF@FNODOBFM@ 0001ff70     lock.obj
 0001:0000efa0       ??_C@_0CB@HDMHFJBB@?$FLDokanFS?$FN?5?5?5IRP_MN_UNLOCK_SINGLE@FNODOBFM@ 0001ffa0     lock.obj
 0001:0000efd0       ??_C@_0CF@JIDBGHDB@?$FLDokanFS?$FN?5?5?5IRP_MN_UNLOCK_ALL_BY@FNODOBFM@ 0001ffd0     lock.obj
 0001:0000f000       ??_C@_0BO@BFCKKPOA@?$FLDokanFS?$FN?5?5?5IRP_MN_UNLOCK_ALL?$AA@FNODOBFM@ 00020000     lock.obj
 0001:0000f020       ??_C@_0BI@PLBGKGCI@?$FLDokanFS?$FN?5?5?5IRP_MN_LOCK?$AA@FNODOBFM@ 00020020     lock.obj
 0001:0000f040       ??_C@_0BI@OLKMHFGC@?$FLDokanFS?$FN?5?$DN?$DN?$DO?5DokanLock?$AA@FNODOBFM@ 00020040     lock.obj
 0001:0000f060       ??_C@_0CA@FPBBPBIB@?$FLDokanFS?$FN?5?$DM?$DN?$DN?5DokanCompleteLock?$AA@FNODOBFM@ 00020060     lock.obj
 0001:0000f080       ??_C@_0CA@OHJANIIL@?$FLDokanFS?$FN?5?$DN?$DN?$DO?5DokanCompleteLock?$AA@FNODOBFM@ 00020080     lock.obj
 0001:0000f0a0       ??_C@_0CL@BGKBOCAH@?$FLDokanFS?$FN?5?5?5Send?5Unmount?5to?5Serv@FNODOBFM@ 000200a0     timeout.obj
 0001:0000f0d0       ??_C@_0CF@JKBLJCIO@?$FLDokanFS?$FN?5?5?5Timeout?0?5force?5to?5um@FNODOBFM@ 000200d0     timeout.obj
 0001:0000f100       ??_C@_0CH@KHLPJMCF@?$FLDokanFS?$FN?5?$DM?$DN?$DN?5ReleaseTimeoutPend@FNODOBFM@ 00020100     timeout.obj
 0001:0000f130       ??_C@_0BM@OJAPGOFJ@?$FLDokanFS?$FN?5?5timeout?5Irp?5?$CD?$CFX?6?$AA@FNODOBFM@ 00020130     timeout.obj
 0001:0000f150       ??_C@_0BO@JJNAKIOK@?$FLDokanFS?$FN?5?5?5IrpQueue?5is?5Empty?$AA@FNODOBFM@ 00020150     timeout.obj
 0001:0000f170       ??_C@_0CB@PFAHNGNK@d?3?2projects?2dokanx?2sys?2timeout?4c@FNODOBFM@ 00020170     timeout.obj
 0001:0000f1a0       ??_C@_0CH@HHCMGIMC@?$FLDokanFS?$FN?5?$DN?$DN?$DO?5ReleaseTimeoutPend@FNODOBFM@ 000201a0     timeout.obj
 0001:0000f1d0       ??_C@_0CF@KAGJCJNL@?$FLDokanFS?$FN?5?$DM?$DN?$DN?5ResetPendingIrpTim@FNODOBFM@ 000201d0     timeout.obj
 0001:0000f200       ??_C@_0CF@PLAIIEMJ@?$FLDokanFS?$FN?5?$DN?$DN?$DO?5ResetPendingIrpTim@FNODOBFM@ 00020200     timeout.obj
 0001:0000f230       ??_C@_0CB@ICBILEJB@?$FLDokanFS?$FN?5?$DM?$DN?$DN?5DokanTimeoutThread@FNODOBFM@ 00020230     timeout.obj
 0001:0000f260       ??_C@_0DB@DCBHLLNH@?$FLDokanFS?$FN?5?5?5DokanTimeoutThread?5c@FNODOBFM@ 00020260     timeout.obj
 0001:0000f2a0       ??_C@_0CB@GCHFNMKG@?$FLDokanFS?$FN?5?$DN?$DN?$DO?5DokanTimeoutThread@FNODOBFM@ 000202a0     timeout.obj
 0001:0000f2d0       ??_C@_0CE@OAAAKKI@?$FLDokanFS?$FN?5?$DM?$DN?$DN?5DokanStartCheckThr@FNODOBFM@ 000202d0     timeout.obj
 0001:0000f300       ??_C@_0CE@LBADAFBH@?$FLDokanFS?$FN?5?$DN?$DN?$DO?5DokanStartCheckThr@FNODOBFM@ 00020300     timeout.obj
 0001:0000f330       ??_C@_0CD@BKOEEPOE@?$FLDokanFS?$FN?5?$DM?$DN?$DN?5DokanStopCheckThre@FNODOBFM@ 00020330     timeout.obj
 0001:0000f360       ??_C@_0CD@MJIKOGNH@?$FLDokanFS?$FN?5?$DN?$DN?$DO?5DokanStopCheckThre@FNODOBFM@ 00020360     timeout.obj
 0001:0000f390       ??_C@_0BJ@ILDOFJLF@?$FLDokanFS?$FN?5?$DM?$DN?$DN?5DokanFlush?$AA@FNODOBFM@ 00020390     flush.obj
 0001:0000f3b0       ??_C@_0BP@DHFIPBLK@d?3?2projects?2dokanx?2sys?2flush?4c?$AA@FNODOBFM@ 000203b0     flush.obj
 0001:0000f3d0       ??_C@_0BJ@IPAPOOJD@?$FLDokanFS?$FN?5?$DN?$DN?$DO?5DokanFlush?$AA@FNODOBFM@ 000203d0     flush.obj
 0001:0000f3f0       ??_C@_0CB@LGLIOANF@?$FLDokanFS?$FN?5?$DM?$DN?$DN?5DokanCompleteFlush@FNODOBFM@ 000203f0     flush.obj
 0001:0000f420       ??_C@_0BN@EALAKBIL@?$FLDokanFS?$FN?5?5?5?5set?5Context?5?$CFX?6?$AA@FNODOBFM@ 00020420     flush.obj
 0001:0000f440       ??_C@_0CB@FGNFIIOC@?$FLDokanFS?$FN?5?$DN?$DN?$DO?5DokanCompleteFlush@FNODOBFM@ 00020440     flush.obj
 0001:0000f470       ??_C@_0DH@CIEKOOON@?$FLDokanFS?$FN?5?5?5?5BaseCode?3?50x?$CFx?$CI?$CFs?$CJ?5@FNODOBFM@ 00020470     device.obj
 0001:0000f4b0       ??_C@_0BE@JMODBCOE@MOUNTMGRCONTROLTYPE?$AA@FNODOBFM@ 000204b0     device.obj
 0001:0000f4d0       ??_C@_0BE@MLEGKLLA@MOUNTDEVCONTROLTYPE?$AA@FNODOBFM@ 000204d0     device.obj
 0001:0000f4f0       ??_C@_0BC@JGOCJABF@IOCTL_VOLUME_BASE?$AA@FNODOBFM@ 000204f0     device.obj
 0001:0000f510       ??_C@_0BA@DDIEMKOK@IOCTL_DISK_BASE?$AA@FNODOBFM@ 00020510     device.obj
 0001:0000f520       ??_C@_0BD@IGDCCGAI@IOCTL_STORAGE_BASE?$AA@FNODOBFM@ 00020520     device.obj
 0001:0000f540       ??_C@_0CA@MLJBHEGK@?$FLDokanFS?$FN?5?5?5?5Unknown?5Code?50x?$CFx?6?$AA@FNODOBFM@ 00020540     device.obj
 0001:0000f560       ??_C@_07CIFAGBMG@unknown?$AA@FNODOBFM@ 00020560     device.obj
 0001:0000f570       ??_C@_0DC@FIGGJMKG@?$FLDokanFS?$FN?5?5?5?5?$DM?$DN?5DokanGlobalDevic@FNODOBFM@ 00020570     device.obj
 0001:0000f5b0       ??_C@_0CG@BLHJFNMM@?$FLDokanFS?$FN?5?5?5IOCTL_SET_DEBUG_MODE@FNODOBFM@ 000205b0     device.obj
 0001:0000f5e0       ??_C@_0BO@NBMCOLNK@?$FLDokanFS?$FN?5?5?5IOCTL_EVENT_START?$AA@FNODOBFM@ 000205e0     device.obj
 0001:0000f600       ??_C@_0CJ@IAHCPCN@?$FLDokanFS?$FN?5?5?5?5?$DN?$DO?5DokanGlobalDevic@FNODOBFM@ 00020600     device.obj
 0001:0000f630       ??_C@_0CH@LAJCJBBE@?$FLDokanFS?$FN?5?5?5?5?$DM?$DN?5DokanDiskDeviceC@FNODOBFM@ 00020630     device.obj
 0001:0000f660       ??_C@_0CH@HGOGGNCK@?$FLDokanFS?$FN?5?5?5?5IOCTL_STORAGE_EJECT@FNODOBFM@ 00020660     device.obj
 0001:0000f690       ??_C@_0DC@JCNHPOPO@?$FLDokanFS?$FN?5?5?5?5IOCTL_VOLUME_GET_VO@FNODOBFM@ 00020690     device.obj
 0001:0000f6d0       ??_C@_0CH@EBOBOCEL@?$FLDokanFS?$FN?5?5?5?5IOCTL_VOLUME_IS_CLU@FNODOBFM@ 000206d0     device.obj
 0001:0000f700       ??_C@_0CO@POLANDKH@?$FLDokanFS?$FN?5?5?5?5IOCTL_VOLUME_PHYSIC@FNODOBFM@ 00020700     device.obj
 0001:0000f730       ??_C@_0CE@KJPAKAFJ@?$FLDokanFS?$FN?5?5?5?5IOCTL_VOLUME_READ_P@FNODOBFM@ 00020730     device.obj
 0001:0000f760       ??_C@_0CC@CIIHHPAI@?$FLDokanFS?$FN?5?5?5?5IOCTL_VOLUME_OFFLIN@FNODOBFM@ 00020760     device.obj
 0001:0000f790       ??_C@_0CB@PEPHIGJH@?$FLDokanFS?$FN?5?5?5?5IOCTL_VOLUME_ONLINE@FNODOBFM@ 00020790     device.obj
 0001:0000f7c0       ??_C@_0CO@JIOJDNNB@?$FLDokanFS?$FN?5?5?5?5IOCTL_MOUNTDEV_QUER@FNODOBFM@ 000207c0     device.obj
 0001:0000f7f0       ??_C@_0CJ@DPPIKMPI@?$FLDokanFS?$FN?5?5?5?5IOCTL_MOUNTDEV_LINK@FNODOBFM@ 000207f0     device.obj
 0001:0000f820       ??_C@_0BK@FNCEMBFM@?$FLDokanFS?$FN?5?5?5?5?5?5Name?3?5?$CFws?6?$AA@FNODOBFM@ 00020820     device.obj
 0001:0000f840       ??_C@_0CJ@EFMLPAKJ@?$FLDokanFS?$FN?5?5?5?5IOCTL_MOUNTDEV_LINK@FNODOBFM@ 00020840     device.obj
 0001:0000f870       ??_C@_0DG@GMHFOCHB@?$FLDokanFS?$FN?5?5?5?5IOCTL_MOUNTDEV_QUER@FNODOBFM@ 00020870     device.obj
 0001:0000f8b0       ??_C@_0BM@CABNHGBP@?$FLDokanFS?$FN?5?5?5UniqueName?5?$CFws?6?$AA@FNODOBFM@ 000208b0     device.obj
 0001:0000f8d0       ??_C@_0BB@NJKPEMBL@uniqueId?5?$CB?$DN?5NULL?$AA@FNODOBFM@ 000208d0     device.obj
 0001:0000f8f0       ??_C@_0CM@LAPAALFH@?$FLDokanFS?$FN?5?5?5?5IOCTL_MOUNTDEV_QUER@FNODOBFM@ 000208f0     device.obj
 0001:0000f920       ??_C@_0BM@LMDNLHLA@?$FLDokanFS?$FN?5?5?5DeviceName?5?$CFwZ?6?$AA@FNODOBFM@ 00020920     device.obj
 0001:0000f940       ??_C@_0BF@BIJJGEON@mountdevName?5?$CB?$DN?5NULL?$AA@FNODOBFM@ 00020940     device.obj
 0001:0000f960       ??_C@_0CO@NNGPAPGN@?$FLDokanFS?$FN?5?5?5?5IOCTL_MOUNTDEV_QUER@FNODOBFM@ 00020960     device.obj
 0001:0000f990       ??_C@_0CI@NDEMBFFC@?$FLDokanFS?$FN?5?5?5IOCTL_STORAGE_CHECK_@FNODOBFM@ 00020990     device.obj
 0001:0000f9c0       ??_C@_0CH@FCDGPIOH@?$FLDokanFS?$FN?5?5?5IOCTL_STORAGE_CHECK_@FNODOBFM@ 000209c0     device.obj
 0001:0000f9f0       ??_C@_0CE@IKKENAOA@?$FLDokanFS?$FN?5?5?5IOCTL_DISK_CHECK_VER@FNODOBFM@ 000209f0     device.obj
 0001:0000fa20       ??_C@_0CN@ECHLKFFM@?$FLDokanFS?$FN?5?5?5?5IOCTL_VOLUME_GET_GP@FNODOBFM@ 00020a20     device.obj
 0001:0000fa50       ??_C@_0CL@NEFOGML@?$FLDokanFS?$FN?5?5?5IOCTL_STORAGE_GET_HO@FNODOBFM@ 00020a50     device.obj
 0001:0000fa80       ??_C@_0BO@OOEGDDPF@?$FLDokanFS?$FN?5?5?5IOCTL_DISK_VERIFY?$AA@FNODOBFM@ 00020a80     device.obj
 0001:0000faa0       ??_C@_0CK@BOGCBJCM@?$FLDokanFS?$FN?5?5?5IOCTL_DISK_SET_PARTI@FNODOBFM@ 00020aa0     device.obj
 0001:0000fad0       ??_C@_0CI@DLMJBOLF@?$FLDokanFS?$FN?5?5?5IOCTL_STORAGE_MEDIA_@FNODOBFM@ 00020ad0     device.obj
 0001:0000fb00       ??_C@_0CF@KFHFBJDO@?$FLDokanFS?$FN?5?5?5IOCTL_DISK_MEDIA_REM@FNODOBFM@ 00020b00     device.obj
 0001:0000fb30       ??_C@_0CD@NHKDAOHB@?$FLDokanFS?$FN?5?5?5IOCTL_DISK_IS_WRITAB@FNODOBFM@ 00020b30     device.obj
 0001:0000fb60       ??_C@_0CN@GLOAEIDE@?$FLDokanFS?$FN?5?5?5IOCTL_DISK_GET_PARTI@FNODOBFM@ 00020b60     device.obj
 0001:0000fb90       ??_C@_0CK@OEEICPME@?$FLDokanFS?$FN?5?5?5IOCTL_DISK_GET_PARTI@FNODOBFM@ 00020b90     device.obj
 0001:0000fbc0       ??_C@_0BG@FAEJFEHN@getLengthInfo?5?$CB?$DN?5NULL?$AA@FNODOBFM@ 00020bc0     device.obj
 0001:0000fbe0       ??_C@_0CH@HKAMFJHK@?$FLDokanFS?$FN?5?5?5IOCTL_DISK_GET_LENGT@FNODOBFM@ 00020be0     device.obj
 0001:0000fc10       ??_C@_0BF@BFKBDNPA@diskGeometry?5?$CB?$DN?5NULL?$AA@FNODOBFM@ 00020c10     device.obj
 0001:0000fc30       ??_C@_0CA@IEMIMCHE@d?3?2projects?2dokanx?2sys?2device?4c?$AA@FNODOBFM@ 00020c30     device.obj
 0001:0000fc50       ??_C@_0CK@DBACKJHG@?$FLDokanFS?$FN?5?5?5IOCTL_DISK_GET_DRIVE@FNODOBFM@ 00020c50     device.obj
 0001:0000fc80       ??_C@_0CH@GCGCIBNA@?$FLDokanFS?$FN?5?5?5?5?$DN?$DO?5DokanDiskDeviceC@FNODOBFM@ 00020c80     device.obj
 0001:0000fcb0       ??_C@_0CF@OBBCDGJA@?$FLDokanFS?$FN?5?$DM?$DN?$DN?5DokanDispatchIoCon@FNODOBFM@ 00020cb0     device.obj
 0001:0000fce0       ??_C@_0BO@FHPDCLCB@?$FLDokanFS?$FN?5?5?5IOCTL_EVENT_WRITE?$AA@FNODOBFM@ 00020ce0     device.obj
 0001:0000fd00       ??_C@_0CA@KLGBIEAL@?$FLDokanFS?$FN?5?5?5IOCTL_EVENT_RELEASE?$AA@FNODOBFM@ 00020d00     device.obj
 0001:0000fd20       ??_C@_0CF@LKHDJLIC@?$FLDokanFS?$FN?5?$DN?$DN?$DO?5DokanDispatchIoCon@FNODOBFM@ 00020d20     device.obj
 0001:0000fd50       ??_C@_0CA@PNGPDGCB@?$FLDokanFS?$FN?5?5?5?5?5Unknown?5FSCTL?5?$CFd?6?$AA@FNODOBFM@ 00020d50     fscontrol.obj
 0001:0000fd70       ??_C@_0CA@PPCLJMBI@?$FLDokanFS?$FN?5?5?5?5?5FSCTL_RECALL_FILE?$AA@FNODOBFM@ 00020d70     fscontrol.obj
 0001:0000fd90       ??_C@_0CD@DBKKFFJB@?$FLDokanFS?$FN?5?5?5?5?5FSCTL_SIS_LINK_FIL@FNODOBFM@ 00020d90     fscontrol.obj
 0001:0000fdc0       ??_C@_0CB@DODBLNOH@?$FLDokanFS?$FN?5?5?5?5?5FSCTL_SIS_COPYFILE@FNODOBFM@ 00020dc0     fscontrol.obj
 0001:0000fdf0       ??_C@_0CA@JBIBBPHD@?$FLDokanFS?$FN?5?5?5?5?5FSCTL_MARK_HANDLE?$AA@FNODOBFM@ 00020df0     fscontrol.obj
 0001:0000fe10       ??_C@_0CH@KHAEFCIN@?$FLDokanFS?$FN?5?5?5?5?5FSCTL_DELETE_USN_J@FNODOBFM@ 00020e10     fscontrol.obj
 0001:0000fe40       ??_C@_0CG@EDPGCJOL@?$FLDokanFS?$FN?5?5?5?5?5FSCTL_QUERY_USN_JO@FNODOBFM@ 00020e40     fscontrol.obj
 0001:0000fe70       ??_C@_0CC@OIFAGAFO@?$FLDokanFS?$FN?5?5?5?5?5FSCTL_EXTEND_VOLUM@FNODOBFM@ 00020e70     fscontrol.obj
 0001:0000fea0       ??_C@_0CL@NHBKAGFN@?$FLDokanFS?$FN?5?5?5?5?5FSCTL_WRITE_USN_CL@FNODOBFM@ 00020ea0     fscontrol.obj
 0001:0000fed0       ??_C@_0CH@NFBDHMOI@?$FLDokanFS?$FN?5?5?5?5?5FSCTL_READ_FILE_US@FNODOBFM@ 00020ed0     fscontrol.obj
 0001:0000ff00       ??_C@_0CH@JHDAEHOA@?$FLDokanFS?$FN?5?5?5?5?5FSCTL_CREATE_USN_J@FNODOBFM@ 00020f00     fscontrol.obj
 0001:0000ff30       ??_C@_0CH@EHGMILKD@?$FLDokanFS?$FN?5?5?5?5?5FSCTL_READ_RAW_ENC@FNODOBFM@ 00020f30     fscontrol.obj
 0001:0000ff60       ??_C@_0CI@IDNEOLGC@?$FLDokanFS?$FN?5?5?5?5?5FSCTL_WRITE_RAW_EN@FNODOBFM@ 00020f60     fscontrol.obj
 0001:0000ff90       ??_C@_0CI@CPOBICKD@?$FLDokanFS?$FN?5?5?5?5?5FSCTL_ENCRYPTION_F@FNODOBFM@ 00020f90     fscontrol.obj
 0001:0000ffc0       ??_C@_0CD@IGAMLEDI@?$FLDokanFS?$FN?5?5?5?5?5FSCTL_SET_ENCRYPTI@FNODOBFM@ 00020fc0     fscontrol.obj
 0001:0000fff0       ??_C@_0CL@EJOGKDFP@?$FLDokanFS?$FN?5?5?5?5?5FSCTL_QUERY_ALLOCA@FNODOBFM@ 00020ff0     fscontrol.obj
 0001:00010020       ??_C@_0CC@CGJGABL@?$FLDokanFS?$FN?5?5?5?5?5FSCTL_SET_ZERO_DAT@FNODOBFM@ 00021020     fscontrol.obj
 0001:00010050       ??_C@_0BP@GHAEFEKE@?$FLDokanFS?$FN?5?5?5?5?5FSCTL_SET_SPARSE?$AA@FNODOBFM@ 00021050     fscontrol.obj
 0001:00010070       ??_C@_0CM@GPLHLJKH@?$FLDokanFS?$FN?5?5?5?5?5FSCTL_CREATE_OR_GE@FNODOBFM@ 00021070     fscontrol.obj
 0001:000100a0       ??_C@_0CL@GNIPCNCB@?$FLDokanFS?$FN?5?5?5?5?5FSCTL_SET_OBJECT_I@FNODOBFM@ 000210a0     fscontrol.obj
 0001:000100d0       ??_C@_0CF@FIKEGGLH@?$FLDokanFS?$FN?5?5?5?5?5FSCTL_READ_USN_JOU@FNODOBFM@ 000210d0     fscontrol.obj
 0001:00010100       ??_C@_0CG@LKMKBPDG@?$FLDokanFS?$FN?5?5?5?5?5FSCTL_SECURITY_ID_@FNODOBFM@ 00021100     fscontrol.obj
 0001:00010130       ??_C@_0CC@DGNLBLBI@?$FLDokanFS?$FN?5?5?5?5?5FSCTL_ENUM_USN_DAT@FNODOBFM@ 00021130     fscontrol.obj
 0001:00010160       ??_C@_0CJ@BFMOEGIC@?$FLDokanFS?$FN?5?5?5?5?5FSCTL_DELETE_REPAR@FNODOBFM@ 00021160     fscontrol.obj
 0001:00010190       ??_C@_0CG@NGBFEFEO@?$FLDokanFS?$FN?5?5?5?5?5FSCTL_GET_REPARSE_@FNODOBFM@ 00021190     fscontrol.obj
 0001:000101c0       ??_C@_0CG@PDBOMOFA@?$FLDokanFS?$FN?5?5?5?5?5FSCTL_SET_REPARSE_@FNODOBFM@ 000211c0     fscontrol.obj
 0001:000101f0       ??_C@_0CF@KJGHFBK@?$FLDokanFS?$FN?5?5?5?5?5FSCTL_DELETE_OBJEC@FNODOBFM@ 000211f0     fscontrol.obj
 0001:00010220       ??_C@_0CC@BOAEDAHB@?$FLDokanFS?$FN?5?5?5?5?5FSCTL_GET_OBJECT_I@FNODOBFM@ 00021220     fscontrol.obj
 0001:00010250       ??_C@_0CC@GBBKIDAG@?$FLDokanFS?$FN?5?5?5?5?5FSCTL_SET_OBJECT_I@FNODOBFM@ 00021250     fscontrol.obj
 0001:00010280       ??_C@_0CG@GNIOJPBL@?$FLDokanFS?$FN?5?5?5?5?5FSCTL_FIND_FILES_B@FNODOBFM@ 00021280     fscontrol.obj
 0001:000102b0       ??_C@_0CL@FHCBLAEA@?$FLDokanFS?$FN?5?5?5?5?5FSCTL_ALLOW_EXTEND@FNODOBFM@ 000212b0     fscontrol.obj
 0001:000102e0       ??_C@_0CE@HJIGHOGA@?$FLDokanFS?$FN?5?5?5?5?5FSCTL_IS_VOLUME_DI@FNODOBFM@ 000212e0     fscontrol.obj
 0001:00010310       ??_C@_0BO@KFJMJDKH@?$FLDokanFS?$FN?5?5?5?5?5FSCTL_MOVE_FILE?$AA@FNODOBFM@ 00021310     fscontrol.obj
 0001:00010330       ??_C@_0CL@DBEENKBE@?$FLDokanFS?$FN?5?5?5?5?5FSCTL_GET_RETRIEVA@FNODOBFM@ 00021330     fscontrol.obj
 0001:00010360       ??_C@_0CG@NDGNGKJK@?$FLDokanFS?$FN?5?5?5?5?5FSCTL_GET_VOLUME_B@FNODOBFM@ 00021360     fscontrol.obj
 0001:00010390       ??_C@_0CJ@NLOJDNJC@?$FLDokanFS?$FN?5?5?5?5?5FSCTL_GET_NTFS_FIL@FNODOBFM@ 00021390     fscontrol.obj
 0001:000103c0       ??_C@_0CJ@IGCLMOGD@?$FLDokanFS?$FN?5?5?5?5?5FSCTL_GET_NTFS_VOL@FNODOBFM@ 000213c0     fscontrol.obj
 0001:000103f0       ??_C@_0CO@FLGKLAOM@?$FLDokanFS?$FN?5?5?5?5?5FSCTL_FILESYSTEM_G@FNODOBFM@ 000213f0     fscontrol.obj
 0001:00010420       ??_C@_0CK@IIGHDMCA@?$FLDokanFS?$FN?5?5?5?5?5FSCTL_REQUEST_FILT@FNODOBFM@ 00021420     fscontrol.obj
 0001:00010450       ??_C@_0CC@DCFINLDJ@?$FLDokanFS?$FN?5?5?5?5?5FSCTL_QUERY_FAT_BP@FNODOBFM@ 00021450     fscontrol.obj
 0001:00010480       ??_C@_0CH@NFKKPKJP@?$FLDokanFS?$FN?5?5?5?5?5FSCTL_INVALIDATE_V@FNODOBFM@ 00021480     fscontrol.obj
 0001:000104b0       ??_C@_0CK@GMBPDOJF@?$FLDokanFS?$FN?5?5?5?5?5FSCTL_OPLOCK_BREAK@FNODOBFM@ 000214b0     fscontrol.obj
 0001:000104e0       ??_C@_0CI@GCAKCBDI@?$FLDokanFS?$FN?5?5?5?5?5FSCTL_MARK_AS_SYST@FNODOBFM@ 000214e0     fscontrol.obj
 0001:00010510       ??_C@_0CE@CDICJBPL@?$FLDokanFS?$FN?5?5?5?5?5FSCTL_SET_COMPRESS@FNODOBFM@ 00021510     fscontrol.obj
 0001:00010540       ??_C@_0CE@BBJEODOC@?$FLDokanFS?$FN?5?5?5?5?5FSCTL_GET_COMPRESS@FNODOBFM@ 00021540     fscontrol.obj
 0001:00010570       ??_C@_0CN@IMHFHPPD@?$FLDokanFS?$FN?5?5?5?5?5FSCTL_QUERY_RETRIE@FNODOBFM@ 00021570     fscontrol.obj
 0001:000105a0       ??_C@_0CG@JDOGAOMB@?$FLDokanFS?$FN?5?5?5?5?5FSCTL_MARK_VOLUME_@FNODOBFM@ 000215a0     fscontrol.obj
 0001:000105d0       ??_C@_0CG@CCABJCCM@?$FLDokanFS?$FN?5?5?5?5?5FSCTL_IS_PATHNAME_@FNODOBFM@ 000215d0     fscontrol.obj
 0001:00010600       ??_C@_0CG@IJKEMCGH@?$FLDokanFS?$FN?5?5?5?5?5FSCTL_IS_VOLUME_MO@FNODOBFM@ 00021600     fscontrol.obj
 0001:00010630       ??_C@_0CE@JCJPMINH@?$FLDokanFS?$FN?5?5?5?5?5FSCTL_DISMOUNT_VOL@FNODOBFM@ 00021630     fscontrol.obj
 0001:00010660       ??_C@_0CC@FIPMKCNC@?$FLDokanFS?$FN?5?5?5?5?5FSCTL_UNLOCK_VOLUM@FNODOBFM@ 00021660     fscontrol.obj
 0001:00010690       ??_C@_0CA@OHCBNIC@?$FLDokanFS?$FN?5?5?5?5?5FSCTL_LOCK_VOLUME?$AA@FNODOBFM@ 00021690     fscontrol.obj
 0001:000106b0       ??_C@_0CI@DIFJDFCM@?$FLDokanFS?$FN?5?5?5?5?5FSCTL_OPLOCK_BREAK@FNODOBFM@ 000216b0     fscontrol.obj
 0001:000106e0       ??_C@_0CO@DCBIFHHN@?$FLDokanFS?$FN?5?5?5?5?5FSCTL_OPBATCH_ACK_@FNODOBFM@ 000216e0     fscontrol.obj
 0001:00010710       ??_C@_0CN@DGCIELHP@?$FLDokanFS?$FN?5?5?5?5?5FSCTL_OPLOCK_BREAK@FNODOBFM@ 00021710     fscontrol.obj
 0001:00010740       ??_C@_0CJ@BAOIIFLA@?$FLDokanFS?$FN?5?5?5?5?5FSCTL_REQUEST_BATC@FNODOBFM@ 00021740     fscontrol.obj
 0001:00010770       ??_C@_0CL@DGFMHIHJ@?$FLDokanFS?$FN?5?5?5?5?5FSCTL_REQUEST_OPLO@FNODOBFM@ 00021770     fscontrol.obj
 0001:000107a0       ??_C@_0CL@BNHBCLLK@?$FLDokanFS?$FN?5?5?5?5?5FSCTL_REQUEST_OPLO@FNODOBFM@ 000217a0     fscontrol.obj
 0001:000107d0       ??_C@_0CF@CFBJLFDM@?$FLDokanFS?$FN?5?$DM?$DN?$DN?5DokanFileSystemCon@FNODOBFM@ 000217d0     fscontrol.obj
 0001:00010800       ??_C@_0BI@PEKLFLIA@?$FLDokanFS?$FN?5?5?5unknown?5?$CFd?6?$AA@FNODOBFM@ 00021800     fscontrol.obj
 0001:00010820       ??_C@_0CB@BNLAFJOI@?$FLDokanFS?$FN?5?7?5IRP_MN_VERIFY_VOLUME@FNODOBFM@ 00021820     fscontrol.obj
 0001:00010850       ??_C@_0CD@IINLLLOO@?$FLDokanFS?$FN?5?7?5IRP_MN_USER_FS_REQUE@FNODOBFM@ 00021850     fscontrol.obj
 0001:00010880       ??_C@_0CB@FMPGFKMK@?$FLDokanFS?$FN?5?5?5?5Not?5DokanDiskDevice@FNODOBFM@ 00021880     fscontrol.obj
 0001:000108b0       ??_C@_0CA@DGKEKJBI@?$FLDokanFS?$FN?5?7?5IRP_MN_MOUNT_VOLUME?$AA@FNODOBFM@ 000218b0     fscontrol.obj
 0001:000108d0       ??_C@_0CE@LNHCBLC@?$FLDokanFS?$FN?5?7?5IRP_MN_LOAD_FILE_SYS@FNODOBFM@ 000218d0     fscontrol.obj
 0001:00010900       ??_C@_0BP@LCEFMHOE@?$FLDokanFS?$FN?5?7?5IRP_MN_KERNEL_CALL?$AA@FNODOBFM@ 00021900     fscontrol.obj
 0001:00010920       ??_C@_0CF@HOHIBICO@?$FLDokanFS?$FN?5?$DN?$DN?$DO?5DokanFileSystemCon@FNODOBFM@ 00021920     fscontrol.obj
 0001:00010950       ??_C@_0CG@OBAKFHG@d?3?2projects?2dokanx?2sys?2notificat@FNODOBFM@ 00021950     notification.obj
 0001:00010980       ??_C@_0CJ@FMIAEEFC@?$FLDokanFS?$FN?5?5?5bufferLen?3?5?$CFd?0?5event@FNODOBFM@ 00021980     notification.obj
 0001:000109b0       ??_C@_0DG@LNLCIALC@?$FLDokanFS?$FN?5EventNotice?5?3?5STATUS_I@FNODOBFM@ 000219b0     notification.obj
 0001:000109f0       ??_C@_0CB@HMOMHIN@?$FLDokanFS?$FN?5?$DM?$DN?$DN?5NotificationThread@FNODOBFM@ 000219f0     notification.obj
 0001:00010a20       ??_C@_0CG@MGECIMAF@?$FLDokanFS?$FN?5?5?5Can?8t?5allocate?5WAIT_@FNODOBFM@ 00021a20     notification.obj
 0001:00010a50       ??_C@_0CB@OHKDKPLK@?$FLDokanFS?$FN?5?$DN?$DN?$DO?5NotificationThread@FNODOBFM@ 00021a50     notification.obj
 0001:00010a80       ??_C@_0DA@EOJIFPAF@?$FLDokanFS?$FN?5?$DM?$DN?$DN?5DokanStartEventNot@FNODOBFM@ 00021a80     notification.obj
 0001:00010ab0       ??_C@_0DA@KHPANJBJ@?$FLDokanFS?$FN?5?$DN?$DN?$DO?5DokanStartEventNot@FNODOBFM@ 00021ab0     notification.obj
 0001:00010ae0       ??_C@_0CP@BDMLKOKP@?$FLDokanFS?$FN?5?$DM?$DN?$DN?5DokanStopEventNoti@FNODOBFM@ 00021ae0     notification.obj
 0001:00010b10       ??_C@_0CP@BIOIIHKJ@?$FLDokanFS?$FN?5?$DN?$DN?$DO?5DokanStopEventNoti@FNODOBFM@ 00021b10     notification.obj
 0001:00010b40       ??_C@_0DM@JFDAOHDF@?$FLDokanFS?$FN?5?5?5NotifyCleanup?5ccb?3?$CFX@FNODOBFM@ 00021b40     notification.obj
 0001:00010b80       ??_C@_0CB@LPFGGBPO@?$FLDokanFS?$FN?5?$DM?$DN?$DN?5DokanQuerySecurity@FNODOBFM@ 00021b80     security.obj
 0001:00010bb0       ??_C@_0CJ@DAKGLKAM@?$FLDokanFS?$FN?5?5?5?5?5LABEL_SECURITY_INF@FNODOBFM@ 00021bb0     security.obj
 0001:00010be0       ??_C@_0CI@JBGMCNIF@?$FLDokanFS?$FN?5?5?5?5?5SACL_SECURITY_INFO@FNODOBFM@ 00021be0     security.obj
 0001:00010c10       ??_C@_0CI@ODPNANNL@?$FLDokanFS?$FN?5?5?5?5?5DACL_SECURITY_INFO@FNODOBFM@ 00021c10     security.obj
 0001:00010c40       ??_C@_0CJ@BFHEKFED@?$FLDokanFS?$FN?5?5?5?5?5GROUP_SECURITY_INF@FNODOBFM@ 00021c40     security.obj
 0001:00010c70       ??_C@_0CJ@CNAJHPFK@?$FLDokanFS?$FN?5?5?5?5?5OWNER_SECURITY_INF@FNODOBFM@ 00021c70     security.obj
 0001:00010ca0       ??_C@_0BK@LNJCIEOF@?$FLDokanFS?$FN?5?5?5?5?5ccb?5?$DN?$DN?5NULL?$AA@FNODOBFM@ 00021ca0     security.obj
 0001:00010cc0       ??_C@_0CB@FPDLAJMJ@?$FLDokanFS?$FN?5?$DN?$DN?$DO?5DokanQuerySecurity@FNODOBFM@ 00021cc0     security.obj
 0001:00010cf0       ??_C@_0CJ@ELAIEAME@?$FLDokanFS?$FN?5?$DM?$DN?$DN?5DokanCompleteQuery@FNODOBFM@ 00021cf0     security.obj
 0001:00010d20       ??_C@_0BI@CJDFIODP@?$FLDokanFS?$FN?5?5?5ccb?5?$DN?$DN?5NULL?$AA@FNODOBFM@ 00021d20     security.obj
 0001:00010d40       ??_C@_0CC@PDNIANKK@d?3?2projects?2dokanx?2sys?2security?4@FNODOBFM@ 00021d40     security.obj
 0001:00010d70       ??_C@_0CJ@OAOHMDHJ@?$FLDokanFS?$FN?5?$DN?$DN?$DO?5DokanCompleteQuery@FNODOBFM@ 00021d70     security.obj
 0001:00010da0       ??_C@_0BP@BCNIMPLF@?$FLDokanFS?$FN?5?$DM?$DN?$DN?5DokanSetSecurity?$AA@FNODOBFM@ 00021da0     security.obj
 0001:00010dc0       ??_C@_0DM@DGEEJBJN@?$FLDokanFS?$FN?5?5?5?5?5SecurityDescriptor@FNODOBFM@ 00021dc0     security.obj
 0001:00010e00       ??_C@_0BP@COFEMKIC@?$FLDokanFS?$FN?5?$DN?$DN?$DO?5DokanSetSecurity?$AA@FNODOBFM@ 00021e00     security.obj
 0001:00010e20       ??_C@_0CH@ODHKDFKO@?$FLDokanFS?$FN?5?$DM?$DN?$DN?5DokanCompleteSetSe@FNODOBFM@ 00021e20     security.obj
 0001:00010e50       ??_C@_0CH@DDOJMBEJ@?$FLDokanFS?$FN?5?$DN?$DN?$DO?5DokanCompleteSetSe@FNODOBFM@ 00021e50     security.obj
 0001:00010e80       ??_C@_0CC@NDPKDHBJ@?$FLDokanFS?$FN?5?$DM?$DN?$DN?5DokanGetAccessToke@FNODOBFM@ 00021e80     access.obj
 0001:00010eb0       ??_C@_0DA@CHKPEDDA@?$FLDokanFS?$FN?5?5?5ObOpenObjectByPointe@FNODOBFM@ 00021eb0     access.obj
 0001:00010ee0       ??_C@_0CA@DJFGAGM@?$FLDokanFS?$FN?5?5?5accessToken?5?$DN?$DN?5NULL?$AA@FNODOBFM@ 00021ee0     access.obj
 0001:00010f00       ??_C@_0CI@ELEEJNGC@?$FLDokanFS?$FN?5?5?5can?8t?5find?5pending?5I@FNODOBFM@ 00021f00     access.obj
 0001:00010f30       ??_C@_0DA@KFAINAIH@?$FLDokanFS?$FN?5?5?5wrong?5input?5or?5outpu@FNODOBFM@ 00021f30     access.obj
 0001:00010f60       ??_C@_0CF@IGMKAKEO@?$FLDokanFS?$FN?5?5?5GetIdentifierType?5?$CB?$DN@FNODOBFM@ 00021f60     access.obj
 0001:00010f90       ??_C@_0CO@GHNNEBIH@?$FLDokanFS?$FN?5?5?5needs?5to?5be?5called?5f@FNODOBFM@ 00021f90     access.obj
 0001:00010fc0       ??_C@_0CA@FPIGGCGP@d?3?2projects?2dokanx?2sys?2access?4c?$AA@FNODOBFM@ 00021fc0     access.obj
 0001:00010fe0       ??_C@_0CC@GLKHPPHO@?$FLDokanFS?$FN?5?$DN?$DN?$DO?5DokanGetAccessToke@FNODOBFM@ 00021fe0     access.obj
 0002:00000000       __imp_@KfReleaseSpinLock@8 00023000     hal:HAL.dll
 0002:00000004       __imp__KeGetCurrentIrql@0  00023004     hal:HAL.dll
 0002:00000008       __imp_@KfAcquireSpinLock@4 00023008     hal:HAL.dll
 0002:0000000c       \177HAL_NULL_THUNK_DATA    0002300c     hal:HAL.dll
 0002:00000010       __imp__ExInitializeNPagedLookasideList@28 00023010     ntoskrnl:ntoskrnl.exe
 0002:00000014       __imp__FsRtlMdlWriteCompleteDev@16 00023014     ntoskrnl:ntoskrnl.exe
 0002:00000018       __imp__FsRtlPrepareMdlWriteDev@28 00023018     ntoskrnl:ntoskrnl.exe
 0002:0000001c       __imp__FsRtlMdlReadCompleteDev@12 0002301c     ntoskrnl:ntoskrnl.exe
 0002:00000020       __imp__FsRtlMdlReadDev@28  00023020     ntoskrnl:ntoskrnl.exe
 0002:00000024       __imp__FsRtlCopyWrite@32   00023024     ntoskrnl:ntoskrnl.exe
 0002:00000028       __imp__FsRtlCopyRead@32    00023028     ntoskrnl:ntoskrnl.exe
 0002:0000002c       __imp__IoDeleteDevice@4    0002302c     ntoskrnl:ntoskrnl.exe
 0002:00000030       __imp__ExAllocatePoolWithTag@12 00023030     ntoskrnl:ntoskrnl.exe
 0002:00000034       __imp__memset              00023034     ntoskrnl:ntoskrnl.exe
 0002:00000038       __imp__ExDeleteNPagedLookasideList@4 00023038     ntoskrnl:ntoskrnl.exe
 0002:0000003c       __imp__IoDeleteSymbolicLink@4 0002303c     ntoskrnl:ntoskrnl.exe
 0002:00000040       __imp__RtlInitUnicodeString@8 00023040     ntoskrnl:ntoskrnl.exe
 0002:00000044       __imp__DbgPrint            00023044     ntoskrnl:ntoskrnl.exe
 0002:00000048       __imp_@IofCompleteRequest@8 00023048     ntoskrnl:ntoskrnl.exe
 0002:0000004c       __imp__IoSetTopLevelIrp@4  0002304c     ntoskrnl:ntoskrnl.exe
 0002:00000050       __imp__RtlAssert@16        00023050     ntoskrnl:ntoskrnl.exe
 0002:00000054       __imp__IoGetTopLevelIrp@0  00023054     ntoskrnl:ntoskrnl.exe
 0002:00000058       __imp__FsRtlNotifyFullReportChange@36 00023058     ntoskrnl:ntoskrnl.exe
 0002:0000005c       __imp__IoFreeMdl@4         0002305c     ntoskrnl:ntoskrnl.exe
 0002:00000060       __imp__MmProbeAndLockPages@12 00023060     ntoskrnl:ntoskrnl.exe
 0002:00000064       __imp__IoAllocateMdl@20    00023064     ntoskrnl:ntoskrnl.exe
 0002:00000068       __imp__MmUnlockPages@4     00023068     ntoskrnl:ntoskrnl.exe
 0002:0000006c       __imp_@ObfDereferenceObject@4 0002306c     ntoskrnl:ntoskrnl.exe
 0002:00000070       __imp__KeWaitForSingleObject@20 00023070     ntoskrnl:ntoskrnl.exe
 0002:00000074       __imp__KeInitializeEvent@12 00023074     ntoskrnl:ntoskrnl.exe
 0002:00000078       __imp__ExFreePoolWithTag@8 00023078     ntoskrnl:ntoskrnl.exe
 0002:0000007c       __imp__memcpy              0002307c     ntoskrnl:ntoskrnl.exe
 0002:00000080       __imp__RtlFreeUnicodeString@4 00023080     ntoskrnl:ntoskrnl.exe
 0002:00000084       __imp__IoCreateSymbolicLink@8 00023084     ntoskrnl:ntoskrnl.exe
 0002:00000088       __imp_@ObfReferenceObject@4 00023088     ntoskrnl:ntoskrnl.exe
 0002:0000008c       __imp__PsTerminateSystemThread@4 0002308c     ntoskrnl:ntoskrnl.exe
 0002:00000090       __imp__FsRtlRegisterUncProvider@12 00023090     ntoskrnl:ntoskrnl.exe
 0002:00000094       __imp__FsRtlRegisterFileSystemFilterCallbacks@8 00023094     ntoskrnl:ntoskrnl.exe
 0002:00000098       __imp__ObReferenceObjectByHandle@24 00023098     ntoskrnl:ntoskrnl.exe
 0002:0000009c       __imp__PsCreateSystemThread@28 0002309c     ntoskrnl:ntoskrnl.exe
 0002:000000a0       __imp__FsRtlNotifyInitializeSync@4 000230a0     ntoskrnl:ntoskrnl.exe
 0002:000000a4       __imp__ExInitializeResourceLite@4 000230a4     ntoskrnl:ntoskrnl.exe
 0002:000000a8       __imp__IoCreateDevice@28   000230a8     ntoskrnl:ntoskrnl.exe
 0002:000000ac       __imp__FsRtlDeregisterUncProvider@4 000230ac     ntoskrnl:ntoskrnl.exe
 0002:000000b0       __imp__KeLeaveCriticalRegion@0 000230b0     ntoskrnl:ntoskrnl.exe
 0002:000000b4       __imp__KeEnterCriticalRegion@0 000230b4     ntoskrnl:ntoskrnl.exe
 0002:000000b8       __imp__ExDeleteResourceLite@4 000230b8     ntoskrnl:ntoskrnl.exe
 0002:000000bc       __imp__FsRtlTeardownPerStreamContexts@4 000230bc     ntoskrnl:ntoskrnl.exe
 0002:000000c0       __imp__memmove             000230c0     ntoskrnl:ntoskrnl.exe
 0002:000000c4       __imp__IoGetRequestorProcessId@4 000230c4     ntoskrnl:ntoskrnl.exe
 0002:000000c8       __imp__KeClearEvent@4      000230c8     ntoskrnl:ntoskrnl.exe
 0002:000000cc       __imp__IoReleaseCancelSpinLock@4 000230cc     ntoskrnl:ntoskrnl.exe
 0002:000000d0       __imp__KeSetEvent@12       000230d0     ntoskrnl:ntoskrnl.exe
 0002:000000d4       __imp__RtlStringFromGUID@8 000230d4     ntoskrnl:ntoskrnl.exe
 0002:000000d8       __imp__MmMapLockedPagesSpecifyCache@24 000230d8     ntoskrnl:ntoskrnl.exe
 0002:000000dc       __imp_@InterlockedPopEntrySList@4 000230dc     ntoskrnl:ntoskrnl.exe
 0002:000000e0       __imp_@InterlockedPushEntrySList@8 000230e0     ntoskrnl:ntoskrnl.exe
 0002:000000e4       __imp__FsRtlNotifyFullChangeDirectory@40 000230e4     ntoskrnl:ntoskrnl.exe
 0002:000000e8       __imp__MmFlushImageSection@8 000230e8     ntoskrnl:ntoskrnl.exe
 0002:000000ec       __imp__CcUninitializeCacheMap@12 000230ec     ntoskrnl:ntoskrnl.exe
 0002:000000f0       __imp__CcPurgeCacheSection@16 000230f0     ntoskrnl:ntoskrnl.exe
 0002:000000f4       __imp__CcFlushCache@16     000230f4     ntoskrnl:ntoskrnl.exe
 0002:000000f8       __imp__FsRtlNotifyCleanup@12 000230f8     ntoskrnl:ntoskrnl.exe
 0002:000000fc       __imp__ExAcquireResourceSharedLite@8 000230fc     ntoskrnl:ntoskrnl.exe
 0002:00000100       __imp__KeTickCount         00023100     ntoskrnl:ntoskrnl.exe
 0002:00000100       _KeTickCount               00023100     ntoskrnl:ntoskrnl.exe
 0002:00000104       __imp__KeCancelTimer@4     00023104     ntoskrnl:ntoskrnl.exe
 0002:00000108       __imp__KeWaitForMultipleObjects@32 00023108     ntoskrnl:ntoskrnl.exe
 0002:0000010c       __imp__KeSetTimerEx@20     0002310c     ntoskrnl:ntoskrnl.exe
 0002:00000110       __imp__KeInitializeTimerEx@8 00023110     ntoskrnl:ntoskrnl.exe
 0002:00000114       __imp__KeQueryTimeIncrement@0 00023114     ntoskrnl:ntoskrnl.exe
 0002:00000118       __imp_@ExfInterlockedInsertTailList@12 00023118     ntoskrnl:ntoskrnl.exe
 0002:0000011c       __imp__KeResetEvent@4      0002311c     ntoskrnl:ntoskrnl.exe
 0002:00000120       __imp__RtlLengthSecurityDescriptor@4 00023120     ntoskrnl:ntoskrnl.exe
 0002:00000124       __imp__ObOpenObjectByPointer@28 00023124     ntoskrnl:ntoskrnl.exe
 0002:00000128       _SeTokenObjectType         00023128     ntoskrnl:ntoskrnl.exe
 0002:00000128       __imp__SeTokenObjectType   00023128     ntoskrnl:ntoskrnl.exe
 0002:0000012c       __imp__KeBugCheckEx@20     0002312c     ntoskrnl:ntoskrnl.exe
 0002:00000130       __imp__RtlUnwind@16        00023130     ntoskrnl:ntoskrnl.exe
 0002:00000134       __imp_@ExReleaseResourceLite@4 00023134     ntoskrnl:ntoskrnl.exe
 0002:00000138       __imp__ExAcquireResourceExclusiveLite@8 00023138     ntoskrnl:ntoskrnl.exe
 0002:0000013c       __imp__ZwClose@4           0002313c     ntoskrnl:ntoskrnl.exe
 0002:00000140       __imp__DbgPrintEx          00023140     ntoskrnl:ntoskrnl.exe
 0002:00000144       __imp__MmGetSystemRoutineAddress@4 00023144     wdmsec:ntoskrnl.exe
 0002:00000148       __imp__ZwSetSecurityObject@12 00023148     wdmsec:ntoskrnl.exe
 0002:0000014c       __imp__IoDeviceObjectType  0002314c     wdmsec:ntoskrnl.exe
 0002:0000014c       _IoDeviceObjectType        0002314c     wdmsec:ntoskrnl.exe
 0002:00000150       __imp__RtlGetDaclSecurityDescriptor@16 00023150     wdmsec:ntoskrnl.exe
 0002:00000154       __imp__RtlGetSaclSecurityDescriptor@16 00023154     wdmsec:ntoskrnl.exe
 0002:00000158       __imp__RtlGetGroupSecurityDescriptor@12 00023158     wdmsec:ntoskrnl.exe
 0002:0000015c       __imp__RtlGetOwnerSecurityDescriptor@12 0002315c     wdmsec:ntoskrnl.exe
 0002:00000160       __imp___snwprintf          00023160     wdmsec:ntoskrnl.exe
 0002:00000164       __imp__SeCaptureSecurityDescriptor@20 00023164     wdmsec:ntoskrnl.exe
 0002:00000168       __imp__SeExports           00023168     wdmsec:ntoskrnl.exe
 0002:0000016c       __imp__IoIsWdmVersionAvailable@8 0002316c     wdmsec:ntoskrnl.exe
 0002:00000170       __imp___wcsnicmp           00023170     wdmsec:ntoskrnl.exe
 0002:00000174       __imp__RtlAddAccessAllowedAce@16 00023174     wdmsec:ntoskrnl.exe
 0002:00000178       __imp__RtlLengthSid@4      00023178     wdmsec:ntoskrnl.exe
 0002:0000017c       __imp__wcschr              0002317c     wdmsec:ntoskrnl.exe
 0002:00000180       __imp__RtlAbsoluteToSelfRelativeSD@12 00023180     wdmsec:ntoskrnl.exe
 0002:00000184       __imp__RtlSetDaclSecurityDescriptor@16 00023184     wdmsec:ntoskrnl.exe
 0002:00000188       __imp__RtlCreateSecurityDescriptor@8 00023188     wdmsec:ntoskrnl.exe
 0002:0000018c       __imp__ZwOpenKey@12        0002318c     wdmsec:ntoskrnl.exe
 0002:00000190       __imp__ZwCreateKey@28      00023190     wdmsec:ntoskrnl.exe
 0002:00000194       __imp__ZwQueryValueKey@24  00023194     wdmsec:ntoskrnl.exe
 0002:00000198       __imp__ZwSetValueKey@24    00023198     wdmsec:ntoskrnl.exe
 0002:0000019c       \177ntoskrnl_NULL_THUNK_DATA 0002319c     ntoskrnl:ntoskrnl.exe
 0002:000001c0       ??_C@_1EA@BAHCLPHE@?$AAI?$AAo?$AAV?$AAa?$AAl?$AAi?$AAd?$AAa?$AAt?$AAe?$AAD?$AAe?$AAv?$AAi?$AAc?$AAe?$AAI?$AAo?$AAC?$AAo?$AAn?$AAt?$AAr?$AAo?$AAl?$AAA?$AAc?$AAc?$AAe?$AAs?$AAs?$AA?$AA@ 000231c0     wdmsec:wlwrap.obj
 0002:00000200       ??_C@_1CK@LEEDIGFP@?$AAI?$AAo?$AAC?$AAr?$AAe?$AAa?$AAt?$AAe?$AAD?$AAe?$AAv?$AAi?$AAc?$AAe?$AAS?$AAe?$AAc?$AAu?$AAr?$AAe?$AA?$AA@ 00023200     wdmsec:wlwrap.obj
 0002:00000230       _SDDL_DEVOBJ_KERNEL_ONLY_buffer 00023230     wdmsec:iosddl.obj
 0002:00000238       _SDDL_DEVOBJ_KERNEL_ONLY   00023238     wdmsec:iosddl.obj
 0002:00000240       _SDDL_DEVOBJ_SYS_ALL_buffer 00023240     wdmsec:iosddl.obj
 0002:00000260       _SDDL_DEVOBJ_SYS_ALL       00023260     wdmsec:iosddl.obj
 0002:00000268       _SDDL_DEVOBJ_SYS_ALL_ADM_ALL_buffer 00023268     wdmsec:iosddl.obj
 0002:000002a0       _SDDL_DEVOBJ_SYS_ALL_ADM_ALL 000232a0     wdmsec:iosddl.obj
 0002:000002a8       _SDDL_DEVOBJ_SYS_ALL_ADM_RX_buffer 000232a8     wdmsec:iosddl.obj
 0002:000002e4       _SDDL_DEVOBJ_SYS_ALL_ADM_RX 000232e4     wdmsec:iosddl.obj
 0002:000002f0       _SDDL_DEVOBJ_SYS_ALL_ADM_RWX_WORLD_R_buffer 000232f0     wdmsec:iosddl.obj
 0002:00000348       _SDDL_DEVOBJ_SYS_ALL_ADM_RWX_WORLD_R 00023348     wdmsec:iosddl.obj
 0002:00000350       _SDDL_DEVOBJ_SYS_ALL_ADM_RWX_WORLD_R_RES_R_buffer 00023350     wdmsec:iosddl.obj
 0002:000003c0       _SDDL_DEVOBJ_SYS_ALL_ADM_RWX_WORLD_R_RES_R 000233c0     wdmsec:iosddl.obj
 0002:000003c8       _SDDL_DEVOBJ_SYS_ALL_ADM_RWX_WORLD_RW_RES_R_buffer 000233c8     wdmsec:iosddl.obj
 0002:0000043c       _SDDL_DEVOBJ_SYS_ALL_ADM_RWX_WORLD_RW_RES_R 0002343c     wdmsec:iosddl.obj
 0002:00000448       _SDDL_DEVOBJ_SYS_ALL_ADM_RWX_WORLD_RWX_RES_RWX_buffer 00023448     wdmsec:iosddl.obj
 0002:000004c8       _SDDL_DEVOBJ_SYS_ALL_ADM_RWX_WORLD_RWX_RES_RWX 000234c8     wdmsec:iosddl.obj
 0002:000004d0       ??_C@_1GG@FCALANDO@?$AA?$HL?$AA?$CF?$AA0?$AA8?$AAX?$AA?9?$AA?$CF?$AA0?$AA4?$AAX?$AA?9?$AA?$CF?$AA0?$AA4?$AAX?$AA?9?$AA?$CF?$AA0?$AA2?$AAX?$AA?$CF?$AA0?$AA2?$AAX?$AA?9?$AA?$CF?$AA0?$AA2?$AAX?$AA?$CF?$AA0?$AA2@ 000234d0     wdmsec:ppregstate.obj
 0002:00000538       ??_C@_1HC@DKINPPAJ@?$AA?2?$AAR?$AAe?$AAg?$AAi?$AAs?$AAt?$AAr?$AAy?$AA?2?$AAM?$AAa?$AAc?$AAh?$AAi?$AAn?$AAe?$AA?2?$AAS?$AAy?$AAs?$AAt?$AAe?$AAm?$AA?2?$AAC?$AAu?$AAr?$AAr?$AAe?$AAn?$AAt@ 00023538     wdmsec:ppregstate.obj
 0002:000005ac       ??_C@_1BC@FCJNIDNL@?$AAS?$AAe?$AAc?$AAu?$AAr?$AAi?$AAt?$AAy?$AA?$AA@ 000235ac     wdmsec:ppregstate.obj
 0002:000005c0       ??_C@_1BG@COALCEMK@?$AAP?$AAr?$AAo?$AAp?$AAe?$AAr?$AAt?$AAi?$AAe?$AAs?$AA?$AA@ 000235c0     wdmsec:ppregstate.obj
 0002:000005d8       ??_C@_1BE@DJHAJDEM@?$AAE?$AAx?$AAc?$AAl?$AAu?$AAs?$AAi?$AAv?$AAe?$AA?$AA@ 000235d8     wdmsec:ppregstate.obj
 0002:000005ec       ??_C@_1CM@DIJFBEC@?$AAD?$AAe?$AAv?$AAi?$AAc?$AAe?$AAC?$AAh?$AAa?$AAr?$AAa?$AAc?$AAt?$AAe?$AAr?$AAi?$AAs?$AAt?$AAi?$AAc?$AAs?$AA?$AA@ 000235ec     wdmsec:ppregstate.obj
 0002:00000618       ??_C@_1BG@KCOOGCNN@?$AAD?$AAe?$AAv?$AAi?$AAc?$AAe?$AAT?$AAy?$AAp?$AAe?$AA?$AA@ 00023618     wdmsec:ppregstate.obj
 0002:00000630       ??_C@_1BG@OPOOGLJC@?$AAN?$AAo?$AAU?$AAs?$AAe?$AAC?$AAl?$AAa?$AAs?$AAs?$AA?$AA@ 00023630     wdmsec:ppregstate.obj
 0002:00000648       ??_C@_1BO@DAOBINHA@?$AAN?$AAo?$AAD?$AAi?$AAs?$AAp?$AAl?$AAa?$AAy?$AAC?$AAl?$AAa?$AAs?$AAs?$AA?$AA@ 00023648     wdmsec:ppregstate.obj
 0002:00000668       ??_C@_1M@OAHBGIFG@?$AAC?$AAl?$AAa?$AAs?$AAs?$AA?$AA@ 00023668     wdmsec:ppregstate.obj
 0002:00000674       ??_C@_15FCNJEDMF@?$AAG?$AAX?$AA?$AA@ 00023674     wdmsec:sesddl.obj
 0002:0000067c       ??_C@_15KLKFDJD@?$AAG?$AAW?$AA?$AA@ 0002367c     wdmsec:sesddl.obj
 0002:00000684       ??_C@_15DNGEKDKB@?$AAG?$AAR?$AA?$AA@ 00023684     wdmsec:sesddl.obj
 0002:0000068c       ??_C@_15HPMIFLNA@?$AAG?$AAA?$AA?$AA@ 0002368c     wdmsec:sesddl.obj
 0002:00000694       ??_C@_15NAFBOLGP@?$AAS?$AAD?$AA?$AA@ 00023694     wdmsec:sesddl.obj
 0002:0000069c       ??_C@_15JMMBCOHI@?$AAW?$AAO?$AA?$AA@ 0002369c     wdmsec:sesddl.obj
 0002:000006a4       ??_C@_15ELMAKJHJ@?$AAW?$AAD?$AA?$AA@ 000236a4     wdmsec:sesddl.obj
 0002:000006ac       ??_C@_15IGNKAAHD@?$AAR?$AAC?$AA?$AA@ 000236ac     wdmsec:sesddl.obj
 0002:000006b4       ??_C@_13PNBDBPLL@?$AAA?$AA?$AA@ 000236b4     wdmsec:sesddl.obj
 0002:000006b8       __load_config_used         000236b8     ntoskrnl:loadcfg.obj
 0002:00000750       ___safe_se_handler_table   00023750     <linker-defined>
 0003:00000000       ___security_cookie         00024000     BufferOverflowK:gs_support.obj
 0003:00000004       ___security_cookie_complement 00024004     BufferOverflowK:gs_support.obj
 0003:00000008       __NLG_Destination          00024008     ntoskrnl:_nlgsupp.obj
 0003:00000018       _PiRegStateSysAllInherittedSecurityDescriptor 00024018     wdmsec:ppregstate.obj
 0003:000001a0       _g_Debug                   000241a0     dokan.obj
 0003:000001a4       _WdmlibInitialized         000241a4     wdmsec:wlwrap.obj
 0003:000001a8       _PfnIoCreateDeviceSecure   000241a8     wdmsec:wlwrap.obj
 0003:000001ac       _PfnIoValidateDeviceIoControlAccess 000241ac     wdmsec:wlwrap.obj
 0003:000001b0       _PiRegStateDiscriptor      000241b0     wdmsec:ppregstate.obj
 0003:000001b8       _FcbFileNameNull           000241b8     <common>
 0003:000001c0       _DokanIrpEntryLookasideList 000241c0     <common>
 0003:00000210       ___@@_PchSym_@00@UkilqvxghUwlpzmcUhbhUlyqxspPdrmHPcIGUrDIGUkivxlnkOlyq@dokanx 00024210     <common>
 0004:00000010       _DokanUnload@4             00025010 f   dokan.obj
 0004:00000110       _DokanDispatchShutdown@8   00025110 f   dokan.obj
 0004:000001a0       _DokanDispatchPnp@8        000251a0 f   dokan.obj
 0004:000003c0       _DokanDispatchCreate@8     000253c0 f   create.obj
 0004:00000adb       _WdmlibInit@0              00025adb f   wdmsec:wlwrap.obj
 0004:00000b3a       _WdmlibIoCreateDeviceSecure@36 00025b3a f   wdmsec:wlwrap.obj
 0004:00000b59       _IopDevObjAdjustNewDeviceParameters@16 00025b59 f   wdmsec:iodevobj.obj
 0004:00000b9b       _IopDevObjApplyPostCreationSettings@8 00025b9b f   wdmsec:iodevobj.obj
 0004:00000c1a       _IoDevObjCreateDeviceSecure@36 00025c1a f   wdmsec:iodevobj.obj
 0004:00000d3c       _SeUtilSecurityInfoFromSecurityDescriptor@12 00025d3c f   wdmsec:seutil.obj
 0004:00000df0       _SeSetSecurityAccessMask@8 00025df0 f   wdmsec:seutil.obj
 0004:00000e28       _PpRegStateInitEmptyCreationSettings@4 00025e28 f   wdmsec:ppregstate.obj
 0004:00000e49       _PiRegStateOpenClassKey@20 00025e49 f   wdmsec:ppregstate.obj
 0004:00000f49       _PpRegStateUpdateStackCreationSettings@8 00025f49 f   wdmsec:ppregstate.obj
 0004:0000101c       _PpRegStateFreeStackCreationSettings@4 0002601c f   wdmsec:ppregstate.obj
 0004:0000103d       _PpRegStateLoadSecurityDescriptor@8 0002603d f   wdmsec:ppregstate.obj
 0004:0000105a       _PiRegStateReadStackCreationSettingsFromKey@8 0002605a f   wdmsec:ppregstate.obj
 0004:0000119c       _PpRegStateReadCreateClassCreationSettings@12 0002619c f   wdmsec:ppregstate.obj
 0004:00001289       _SepSddlGetSidForString@12 00026289 f   wdmsec:sesddl.obj
 0004:00001322       _SepSddlLookupAccessMaskInTable@12 00026322 f   wdmsec:sesddl.obj
 0004:0000138f       _SepSddlAddAceToAcl@28     0002638f f   wdmsec:sesddl.obj
 0004:00001432       _SepSddlParseWideStringUlong@12 00026432 f   wdmsec:sesddl.obj
 0004:00001502       _SepSddlGetAclForString@12 00026502 f   wdmsec:sesddl.obj
 0004:00001801       _SepSddlDaclFromSDDLString@16 00026801 f   wdmsec:sesddl.obj
 0004:000018a8       _SepSddlSecurityDescriptorFromSDDLString@12 000268a8 f   wdmsec:sesddl.obj
 0004:0000197b       _SeSddlSecurityDescriptorFromSDDL@12 0002697b f   wdmsec:sesddl.obj
 0004:00001a0c       _CmRegUtilOpenExistingUcKey@16 00026a0c f   wdmsec:cmregutil.obj
 0004:00001a61       _CmRegUtilCreateUcKey@28   00026a61 f   wdmsec:cmregutil.obj
 0004:00001ad2       _CmRegUtilUcValueGetDword@16 00026ad2 f   wdmsec:cmregutil.obj
 0004:00001b31       _CmRegUtilUcValueGetFullBuffer@20 00026b31 f   wdmsec:cmregutil.obj
 0004:00001c2b       _CmRegUtilUcValueSetFullBuffer@20 00026c2b f   wdmsec:cmregutil.obj
 0004:00001c50       _CmRegUtilOpenExistingWstrKey@16 00026c50 f   wdmsec:cmregutil.obj
 0004:00001c82       _CmRegUtilCreateWstrKey@28 00026c82 f   wdmsec:cmregutil.obj
 0004:00001cbd       _CmRegUtilWstrValueGetDword@16 00026cbd f   wdmsec:cmregutil.obj
 0004:00001cef       _CmRegUtilWstrValueGetFullBuffer@20 00026cef f   wdmsec:cmregutil.obj
 0004:00001d24       _CmRegUtilWstrValueSetFullBuffer@20 00026d24 f   wdmsec:cmregutil.obj
 0004:00001d59       _CmpRegUtilAllocateUnicodeString@8 00026d59 f   wdmsec:cmregutil.obj
 0004:00001d9f       _CmRegUtilUcValueSetUcString@12 00026d9f f   wdmsec:cmregutil.obj
 0004:00001e4d       _CmRegUtilWstrValueSetUcString@12 00026e4d f   wdmsec:cmregutil.obj
 0004:00001e7c       _CmRegUtilWstrValueSetWstrString@12 00026e7c f   wdmsec:cmregutil.obj
 0004:00001ec0       ??_C@_0BK@NJABNGPK@?$FLDokanFS?$FN?5?$DM?$DN?$DN?5DokanUnload?$AA@NNGAKEGL@ 00026ec0     dokan.obj
 0004:00001ee0       ??_C@_0CH@GHEEPPLI@?$FLDokanFS?$FN?5?5?5Delete?5Global?5Device@NNGAKEGL@ 00026ee0     dokan.obj
 0004:00001f10       ??_C@_0BK@LAIGCLA@?$FLDokanFS?$FN?5?$DN?$DN?$DO?5DokanUnload?$AA@NNGAKEGL@ 00026f10     dokan.obj
 0004:00001f30       ??_C@_0CF@FOPNHIJF@EX?3?5Pageable?5code?5called?5at?5IRQL@NNGAKEGL@ 00026f30     dokan.obj
 0004:00001f60       ??_C@_1DC@JJHBEEBC@?$AA?2?$AAD?$AAo?$AAs?$AAD?$AAe?$AAv?$AAi?$AAc?$AAe?$AAs?$AA?2?$AAG?$AAl?$AAo?$AAb?$AAa?$AAl?$AA?2?$AAD?$AAo?$AAk?$AAa?$AAn?$AA?$AA@NNGAKEGL@ 00026f60     dokan.obj
 0004:00001fa0       ??_C@_0BM@BKOAMMBC@?$FLDokanFS?$FN?5?$DM?$DN?$DN?5DokanShutdown?$AA@NNGAKEGL@ 00026fa0     dokan.obj
 0004:00001fc0       ??_C@_0BM@NMHKMOAB@?$FLDokanFS?$FN?5?$DN?$DN?$DO?5DokanShutdown?$AA@NNGAKEGL@ 00026fc0     dokan.obj
 0004:00001fe0       ??_C@_0BH@EGLFJJBD@?$FLDokanFS?$FN?5?$DM?$DN?$DN?5DokanPnp?$AA@NNGAKEGL@ 00026fe0     dokan.obj
 0004:00002000       ??_C@_0CH@GHDIJIE@?$FLDokanFS?$FN?5?5?5?5other?5minnor?5functi@NNGAKEGL@ 00027000     dokan.obj
 0004:00002030       ??_C@_0CK@NHBNEDNN@?$FLDokanFS?$FN?5?5?5IRP_MN_QUERY_DEVICE_@NNGAKEGL@ 00027030     dokan.obj
 0004:00002060       ??_C@_0CI@MHPFGLC@?$FLDokanFS?$FN?5?5?5IRP_MN_CANCEL_REMOVE@NNGAKEGL@ 00027060     dokan.obj
 0004:00002090       ??_C@_0CB@NILBPFF@?$FLDokanFS?$FN?5?5?5IRP_MN_REMOVE_DEVICE@NNGAKEGL@ 00027090     dokan.obj
 0004:000020c0       ??_C@_0CE@HFCNCFCL@?$FLDokanFS?$FN?5?5?5IRP_MN_SURPRISE_REMO@NNGAKEGL@ 000270c0     dokan.obj
 0004:000020f0       ??_C@_0CH@DPPCJIGM@?$FLDokanFS?$FN?5?5?5IRP_MN_QUERY_REMOVE_@NNGAKEGL@ 000270f0     dokan.obj
 0004:00002120       ??_C@_0BH@CMBCGJH@?$FLDokanFS?$FN?5?$DN?$DN?$DO?5DokanPnp?$AA@NNGAKEGL@ 00027120     dokan.obj
 0004:00002140       ??_C@_0BK@EHCCPIHG@?$FLDokanFS?$FN?5?$DM?$DN?$DN?5DokanCreate?$AA@NNGAKEGL@ 00027140     create.obj
 0004:00002160       ??_C@_0CB@HPBGBMHG@?$FLDokanFS?$FN?5?5?5RelatedFileName?3?$CFwZ?6@NNGAKEGL@ 00027160     create.obj
 0004:00002190       ??_C@_0BP@BMOJAHOB@?$FLDokanFS?$FN?5?5?5?5?5alternate?5stream?$AA@NNGAKEGL@ 00027190     create.obj
 0004:000021b0       ??_C@_0FH@NJJAAOKL@?$FLDokanFS?$FN?5?5?5when?5RelatedFileObje@NNGAKEGL@ 000271b0     create.obj
 0004:00002210       ??_C@_0CD@MEEBLB@?$FLDokanFS?$FN?5?5?5?5request?5for?5FS?5devi@NNGAKEGL@ 00027210     create.obj
 0004:00002240       ??_C@_0DC@PPJGNHJC@?$FLDokanFS?$FN?5?5?5IrpSp?9?$DOFlags?5SL_OPEN@NNGAKEGL@ 00027240     create.obj
 0004:00002280       ??_C@_0CN@PKJNFALP@?$FLDokanFS?$FN?5?5?5IrpSp?9?$DOFlags?5SL_OPEN@NNGAKEGL@ 00027280     create.obj
 0004:000022b0       ??_C@_0CP@DNBPOKKB@?$FLDokanFS?$FN?5?5?5IrpSp?9?$DOFlags?5SL_FORC@NNGAKEGL@ 000272b0     create.obj
 0004:000022e0       ??_C@_0CL@IOJOCKLE@?$FLDokanFS?$FN?5?5?5IrpSp?9?$DOFlags?5SL_CASE@NNGAKEGL@ 000272e0     create.obj
 0004:00002310       ??_C@_0BP@CGNJLGHF@?$FLDokanFS?$FN?5?5?5IrpSp?9?$DOFlags?5?$DN?5?$CFd?6?$AA@NNGAKEGL@ 00027310     create.obj
 0004:00002330       ??_C@_0BK@EIDMBJFC@?$FLDokanFS?$FN?5?5?5FileName?3?$CFwZ?6?$AA@NNGAKEGL@ 00027330     create.obj
 0004:00002350       ??_C@_0BL@MFADMBAH@?$FLDokanFS?$FN?5?5?5ProcessId?5?$CFlu?6?$AA@NNGAKEGL@ 00027350     create.obj
 0004:00002370       ??_C@_0BP@CJHCKLAN@?$FLDokanFS?$FN?5?5?5fileObject?5?$DN?$DN?5NULL?$AA@NNGAKEGL@ 00027370     create.obj
 0004:00002390       ??_C@_0BK@JFCLEMDM@?$FLDokanFS?$FN?5?$DN?$DN?$DO?5DokanCreate?$AA@NNGAKEGL@ 00027390     create.obj
 0005:00000010       _DriverEntry@8             00028010 f   dokan.obj
 0005:000002a9       ___security_init_cookie    000282a9 f   BufferOverflowK:gs_support.obj
 0005:000002e2       _GsDriverEntry@8           000282e2 f   BufferOverflowK:gs_support.obj
 0005:00000300       ??_C@_0BK@FGPILMMJ@?$FLDokanFS?$FN?5?$DM?$DN?$DN?5DriverEntry?$AA@PBOPGDP@ 00028300     dokan.obj
 0005:00000320       ??_C@_0EC@DFDEMNAL@?$FLDokanFS?$FN?5?5?5FsRtlRegisterFileSys@PBOPGDP@ 00028320     dokan.obj
 0005:00000370       ??_C@_0CC@CFNLNALC@?$FLDokanFS?$FN?5?5?5ExAllocatePool?5faile@PBOPGDP@ 00028370     dokan.obj
 0005:000003a0       ??_C@_0CJ@LNIFNHPE@?$FLDokanFS?$FN?5?$DN?$DN?$DO?5DriverEntry?5ver?4?$CFx@PBOPGDP@ 000283a0     dokan.obj
 0005:000003d0       ??_C@_0M@BBBJLBGJ@Jul?519?52013?$AA@PBOPGDP@ 000283d0     dokan.obj
 0005:000003e0       ??_C@_08FHBPJIIB@12?320?332?$AA@PBOPGDP@ 000283e0     dokan.obj
 0005:000003ec       __IMPORT_DESCRIPTOR_ntoskrnl 000283ec     ntoskrnl:ntoskrnl.exe
 0005:00000400       __IMPORT_DESCRIPTOR_HAL    00028400     hal:HAL.dll
 0005:00000414       __NULL_IMPORT_DESCRIPTOR   00028414     ntoskrnl:ntoskrnl.exe

 entry point at        0005:000002e2

 Static symbols

 0001:00001a70       _RtlStringValidateDestW@12 00012a70 f   init.obj
 0001:00001aa0       _RtlStringValidateDestAndLengthW@16 00012aa0 f   init.obj
 0001:00001af0       _RtlStringLengthWorkerW@12 00012af0 f   init.obj
 0001:00001b70       _RtlStringCopyWorkerW@20   00012b70 f   init.obj
 0001:0000c478       __unwind_handler4          0001d478 f   ntoskrnl:exsup4.obj
