 dokanx

 Timestamp is 51b151d0 (Fri Jun 07 11:21:52 2013)

 Preferred load address is 0000000000010000

 Start         Length     Name                   Class
 0001:00000000 00005fb2H .text                   CODE
 0001:00005fc0 0000014cH .text$s                 CODE
 0001:0000610c 0000029dH .text$x                 CODE
 0002:00000000 00000300H .idata$5                DATA
 0002:00000300 0000058cH .rdata                  DATA
 0002:0000088c 00000052H .rdata$debug            DATA
 0002:000008e0 000006f0H .xdata                  DATA
 0003:00000000 000002e0H .data                   DATA
 0003:00000300 000000c8H .bss                    DATA
 0004:00000000 00000558H .pdata                  DATA
 0005:00000000 00001f73H PAGE                    CODE
 0005:00001f80 00000032H PAGE$s                  CODE
 0005:00001fb2 0000006aH PAGE$x                  CODE
 0006:00000000 00000452H INIT                    CODE
 0006:00000454 00000014H .idata$2                CODE
 0006:00000468 00000014H .idata$3                CODE
 0006:00000480 00000300H .idata$4                CODE
 0006:00000780 000008c0H .idata$6                CODE
 0007:00000000 00000058H .rsrc$01                DATA
 0007:00000060 00000388H .rsrc$02                DATA

  Address         Publics by Value              Rva+Base               Lib:Object

 0000:00000000       ___safe_se_handler_count   0000000000000000     <absolute>
 0000:00000000       ___safe_se_handler_table   0000000000000000     <absolute>
 0001:00000008       DokanFastIoCheckIfPossible 0000000000011008 f   dokan.obj
 0001:00000014       DokanAcquireForCreateSection 0000000000011014 f   dokan.obj
 0001:00000040       DokanReleaseForCreateSection 0000000000011040 f   dokan.obj
 0001:00000068       DokanFilterCallbackAcquireForCreateSection 0000000000011068 f   dokan.obj
 0001:000000ac       DokanNoOpAcquire           00000000000110ac f   dokan.obj
 0001:000000c8       DokanNoOpRelease           00000000000110c8 f   dokan.obj
 0001:000000d8       DokanNotifyReportChange0   00000000000110d8 f   dokan.obj
 0001:00000158       PrintIdType                0000000000011158 f   dokan.obj
 0001:00000164       DokanCheckCCB              0000000000011164 f   dokan.obj
 0001:00000198       DokanAllocateMdl           0000000000011198 f   dokan.obj
 0001:00000210       DokanRegisterUncProvider   0000000000011210 f   init.obj
 0001:0000024c       AllocateUnicodeString      000000000001124c f   init.obj
 0001:000002dc       DokanCreateDiskDevice      00000000000112dc f   init.obj
 0001:00000af0       RtlStringCchCatW           0000000000011af0 f i init.obj
 0001:00000b88       DokanGetFCB                0000000000011b88 f   create.obj
 0001:00000dc4       DokanFreeFCB               0000000000011dc4 f   create.obj
 0001:00000ec4       DokanAllocateCCB           0000000000011ec4 f   create.obj
 0001:00000fb8       DokanFreeCCB               0000000000011fb8 f   create.obj
 0001:0000105c       DokanUnicodeStringChar     000000000001205c f   create.obj
 0001:00001084       SetFileObjectForVCB        0000000000012084 f   create.obj
 0001:0000109c       DokanCompleteCreate        000000000001209c f   create.obj
 0001:000011c8       DokanDispatchClose         00000000000121c8 f   close.obj
 0001:0000132c       DokanIrpCancelRoutine      000000000001232c f   event.obj
 0001:00001454       RegisterPendingIrpMain     0000000000012454 f   event.obj
 0001:00001614       DokanRegisterPendingIrp    0000000000012614 f   event.obj
 0001:0000183c       DokanRegisterPendingIrpForEvent 000000000001283c f   event.obj
 0001:00001a0c       DokanCompleteIrp           0000000000012a0c f   event.obj
 0001:00001da4       DokanEventStart            0000000000012da4 f   event.obj
 0001:000021d4       DokanEventWrite            00000000000131d4 f   event.obj
 0001:0000239c       DokanDispatchDirectoryControl 000000000001339c f   directory.obj
 0001:00002510       DokanQueryDirectory        0000000000013510 f   directory.obj
 0001:00002704       DokanCompleteDirectoryControl 0000000000013704 f   directory.obj
 0001:00002828       DokanDispatchQueryInformation 0000000000013828 f   fileinfo.obj
 0001:00002a80       DokanCompleteQueryInformation 0000000000013a80 f   fileinfo.obj
 0001:00002b50       DokanDispatchSetInformation 0000000000013b50 f   fileinfo.obj
 0001:00002d88       DokanCompleteSetInformation 0000000000013d88 f   fileinfo.obj
 0001:000030f0       DokanDispatchRead          00000000000140f0 f   read.obj
 0001:000032cc       DokanCompleteRead          00000000000142cc f   read.obj
 0001:000033d4       DokanDispatchWrite         00000000000143d4 f   write.obj
 0001:000036ec       DokanDispatchQueryVolumeInformation 00000000000146ec f   volume.obj
 0001:000038bc       DokanDispatchSetVolumeInformation 00000000000148bc f   volume.obj
 0001:000038e8       DokanDispatchCleanup       00000000000148e8 f   cleanup.obj
 0001:00003a6c       DokanDispatchLock          0000000000014a6c f   lock.obj
 0001:00003bc4       DokanUnmount               0000000000014bc4 f   timeout.obj
 0001:00003d34       ReleaseTimeoutPendingIrp   0000000000014d34 f   timeout.obj
 0001:00003f1c       DokanResetPendingIrpTimeout 0000000000014f1c f   timeout.obj
 0001:00003fd4       DokanTimeoutThread         0000000000014fd4 f   timeout.obj
 0001:0000410c       DokanUpdateTimeout         000000000001510c f   timeout.obj
 0001:00004158       DokanDispatchFlush         0000000000015158 f   flush.obj
 0001:000042a0       DiskDeviceControl          00000000000152a0 f   device.obj
 0001:00004570       DokanDispatchDeviceControl 0000000000015570 f   device.obj
 0001:000047d0       DokanUserFsRequest         00000000000157d0 f   fscontrol.obj
 0001:000049bc       DokanDispatchFileSystemControl 00000000000159bc f   fscontrol.obj
 0001:00004b74       AllocateEventContextRaw    0000000000015b74 f   notification.obj
 0001:00004bd4       AllocateEventContext       0000000000015bd4 f   notification.obj
 0001:00004c70       DokanEventNotification     0000000000015c70 f   notification.obj
 0001:00004cac       ReleasePendingIrp          0000000000015cac f   notification.obj
 0001:00004e20       NotificationLoop           0000000000015e20 f   notification.obj
 0001:00005084       NotificationThread         0000000000016084 f   notification.obj
 0001:00005170       DokanEventRelease          0000000000016170 f   notification.obj
 0001:00005400       DokanDispatchQuerySecurity 0000000000016400 f   security.obj
 0001:000055b0       DokanCompleteQuerySecurity 00000000000165b0 f   security.obj
 0001:000056c4       DokanDispatchSetSecurity   00000000000166c4 f   security.obj
 0001:00005880       DokanGetAccessToken        0000000000016880 f   access.obj
 0001:000059f0       __security_check_cookie    00000000000169f0 f   BufferOverflowK:amdsecgs.obj
 0001:00005a18       __report_gsfailure         0000000000016a18 f   BufferOverflowK:gs_report.obj
 0001:00005a50       memcpy                     0000000000016a50 f   ntoskrnl:memcpy.obj
 0001:00005a50       memmove                    0000000000016a50     ntoskrnl:memcpy.obj
 0001:00005d8c       WdmlibRtlInitUnicodeStringEx 0000000000016d8c f   wdmsec:wlwrap.obj
 0001:00005dec       _snwprintf                 0000000000016dec f   wdmsec:ntoskrnl.exe
 0001:00005df8       __GSHandlerCheckCommon     0000000000016df8 f   wdmsec:gshandler.obj
 0001:00005e64       __GSHandlerCheck           0000000000016e64 f   wdmsec:gshandler.obj
 0001:00005e88       wcschr                     0000000000016e88 f   wdmsec:ntoskrnl.exe
 0001:00005e94       _wcsnicmp                  0000000000016e94 f   wdmsec:ntoskrnl.exe
 0001:00005eb0       memset                     0000000000016eb0 f   wdmsec:memset.obj
 0001:00005fa0       __C_specific_handler       0000000000016fa0 f   ntoskrnl:ntoskrnl.exe
 0001:00005fac       _local_unwind              0000000000016fac f   ntoskrnl:ntoskrnl.exe
 0001:00005fc0       ??_C@_1BM@FHCNJMDP@?$AA?2?$AAD?$AAe?$AAv?$AAi?$AAc?$AAe?$AA?2?$AAD?$AAo?$AAk?$AAa?$AAn?$AA?$AA@FNODOBFM@ 0000000000016fc0     init.obj
 0001:00005fe0       ??_C@_1DC@JJHBEEBC@?$AA?2?$AAD?$AAo?$AAs?$AAD?$AAe?$AAv?$AAi?$AAc?$AAe?$AAs?$AA?2?$AAG?$AAl?$AAo?$AAb?$AAa?$AAl?$AA?2?$AAD?$AAo?$AAk?$AAa?$AAn?$AA?$AA@FNODOBFM@ 0000000000016fe0     init.obj
 0001:00006020       ??_C@_1DA@PLMHAKFB@?$AA?2?$AAD?$AAe?$AAv?$AAi?$AAc?$AAe?$AA?2?$AAD?$AAo?$AAk?$AAa?$AAn?$AAR?$AAe?$AAd?$AAi?$AAr?$AAe?$AAc?$AAt?$AAo?$AAr?$AA?$AA@FNODOBFM@ 0000000000017020     init.obj
 0001:00006050       ??_C@_1EG@LEKJENPI@?$AA?2?$AAD?$AAo?$AAs?$AAD?$AAe?$AAv?$AAi?$AAc?$AAe?$AAs?$AA?2?$AAG?$AAl?$AAo?$AAb?$AAa?$AAl?$AA?2?$AAD?$AAo?$AAk?$AAa?$AAn?$AAR?$AAe?$AAd?$AAi?$AAr?$AAe?$AAc?$AAt@FNODOBFM@ 0000000000017050     init.obj
 0001:000060a0       ??_C@_1BO@LGPKALII@?$AA?2?$AAD?$AAe?$AAv?$AAi?$AAc?$AAe?$AA?2?$AAV?$AAo?$AAl?$AAu?$AAm?$AAe?$AA?$AA@FNODOBFM@ 00000000000170a0     init.obj
 0001:000060c0       ??_C@_1DE@BONIMFNN@?$AA?2?$AAD?$AAo?$AAs?$AAD?$AAe?$AAv?$AAi?$AAc?$AAe?$AAs?$AA?2?$AAG?$AAl?$AAo?$AAb?$AAa?$AAl?$AA?2?$AAV?$AAo?$AAl?$AAu?$AAm?$AAe?$AA?$AA@FNODOBFM@ 00000000000170c0     init.obj
 0001:00006100       ??_C@_1M@BDMGMBEO@?$AAD?$AAO?$AAK?$AAA?$AAN?$AA?$AA@FNODOBFM@ 0000000000017100     init.obj
 0002:00000000       __imp_ExAcquireResourceExclusiveLite 0000000000018000     ntoskrnl:ntoskrnl.exe
 0002:00000008       __imp_ExReleaseResourceLite 0000000000018008     ntoskrnl:ntoskrnl.exe
 0002:00000010       __imp_ExAllocatePoolWithTag 0000000000018010     ntoskrnl:ntoskrnl.exe
 0002:00000018       __imp_IoDeleteDevice       0000000000018018     ntoskrnl:ntoskrnl.exe
 0002:00000020       __imp_FsRtlCopyRead        0000000000018020     ntoskrnl:ntoskrnl.exe
 0002:00000028       __imp_FsRtlCopyWrite       0000000000018028     ntoskrnl:ntoskrnl.exe
 0002:00000030       __imp_FsRtlMdlReadDev      0000000000018030     ntoskrnl:ntoskrnl.exe
 0002:00000038       __imp_FsRtlMdlReadCompleteDev 0000000000018038     ntoskrnl:ntoskrnl.exe
 0002:00000040       __imp_FsRtlPrepareMdlWriteDev 0000000000018040     ntoskrnl:ntoskrnl.exe
 0002:00000048       __imp_FsRtlMdlWriteCompleteDev 0000000000018048     ntoskrnl:ntoskrnl.exe
 0002:00000050       __imp_ExInitializeNPagedLookasideList 0000000000018050     ntoskrnl:ntoskrnl.exe
 0002:00000058       __imp_FsRtlRegisterFileSystemFilterCallbacks 0000000000018058     ntoskrnl:ntoskrnl.exe
 0002:00000060       __imp_RtlInitUnicodeString 0000000000018060     ntoskrnl:ntoskrnl.exe
 0002:00000068       __imp_IoDeleteSymbolicLink 0000000000018068     ntoskrnl:ntoskrnl.exe
 0002:00000070       __imp_ExDeleteNPagedLookasideList 0000000000018070     ntoskrnl:ntoskrnl.exe
 0002:00000078       __imp_IofCompleteRequest   0000000000018078     ntoskrnl:ntoskrnl.exe
 0002:00000080       __imp_IoSetTopLevelIrp     0000000000018080     ntoskrnl:ntoskrnl.exe
 0002:00000088       __imp_FsRtlNotifyFullReportChange 0000000000018088     ntoskrnl:ntoskrnl.exe
 0002:00000090       __imp_IoAllocateMdl        0000000000018090     ntoskrnl:ntoskrnl.exe
 0002:00000098       __imp_MmProbeAndLockPages  0000000000018098     ntoskrnl:ntoskrnl.exe
 0002:000000a0       __imp_IoFreeMdl            00000000000180a0     ntoskrnl:ntoskrnl.exe
 0002:000000a8       __imp_MmUnlockPages        00000000000180a8     ntoskrnl:ntoskrnl.exe
 0002:000000b0       __imp_KeInitializeEvent    00000000000180b0     ntoskrnl:ntoskrnl.exe
 0002:000000b8       __imp_KeWaitForSingleObject 00000000000180b8     ntoskrnl:ntoskrnl.exe
 0002:000000c0       __imp_ObfDereferenceObject 00000000000180c0     ntoskrnl:ntoskrnl.exe
 0002:000000c8       __imp_ExFreePoolWithTag    00000000000180c8     ntoskrnl:ntoskrnl.exe
 0002:000000d0       __imp_RtlFreeUnicodeString 00000000000180d0     ntoskrnl:ntoskrnl.exe
 0002:000000d8       __imp_ObfReferenceObject   00000000000180d8     ntoskrnl:ntoskrnl.exe
 0002:000000e0       __imp_IoCreateSymbolicLink 00000000000180e0     ntoskrnl:ntoskrnl.exe
 0002:000000e8       __imp_FsRtlRegisterUncProvider 00000000000180e8     ntoskrnl:ntoskrnl.exe
 0002:000000f0       __imp_PsTerminateSystemThread 00000000000180f0     ntoskrnl:ntoskrnl.exe
 0002:000000f8       __imp_IoCreateDevice       00000000000180f8     ntoskrnl:ntoskrnl.exe
 0002:00000100       __imp_ExInitializeResourceLite 0000000000018100     ntoskrnl:ntoskrnl.exe
 0002:00000108       __imp_FsRtlNotifyInitializeSync 0000000000018108     ntoskrnl:ntoskrnl.exe
 0002:00000110       __imp_PsCreateSystemThread 0000000000018110     ntoskrnl:ntoskrnl.exe
 0002:00000118       __imp_ObReferenceObjectByHandle 0000000000018118     ntoskrnl:ntoskrnl.exe
 0002:00000120       __imp_ZwClose              0000000000018120     ntoskrnl:ntoskrnl.exe
 0002:00000128       __imp_FsRtlDeregisterUncProvider 0000000000018128     ntoskrnl:ntoskrnl.exe
 0002:00000130       __imp_KeEnterCriticalRegion 0000000000018130     ntoskrnl:ntoskrnl.exe
 0002:00000138       __imp_KeLeaveCriticalRegion 0000000000018138     ntoskrnl:ntoskrnl.exe
 0002:00000140       __imp_FsRtlTeardownPerStreamContexts 0000000000018140     ntoskrnl:ntoskrnl.exe
 0002:00000148       __imp_ExDeleteResourceLite 0000000000018148     ntoskrnl:ntoskrnl.exe
 0002:00000150       __imp_IoReleaseCancelSpinLock 0000000000018150     ntoskrnl:ntoskrnl.exe
 0002:00000158       __imp_KeAcquireSpinLockRaiseToDpc 0000000000018158     ntoskrnl:ntoskrnl.exe
 0002:00000160       __imp_KeClearEvent         0000000000018160     ntoskrnl:ntoskrnl.exe
 0002:00000168       __imp_ExpInterlockedPushEntrySList 0000000000018168     ntoskrnl:ntoskrnl.exe
 0002:00000170       __imp_ExQueryDepthSList    0000000000018170     ntoskrnl:ntoskrnl.exe
 0002:00000178       __imp_KeReleaseSpinLock    0000000000018178     ntoskrnl:ntoskrnl.exe
 0002:00000180       __imp_ExpInterlockedPopEntrySList 0000000000018180     ntoskrnl:ntoskrnl.exe
 0002:00000188       __imp_KeSetEvent           0000000000018188     ntoskrnl:ntoskrnl.exe
 0002:00000190       __imp_RtlStringFromGUID    0000000000018190     ntoskrnl:ntoskrnl.exe
 0002:00000198       __imp_MmMapLockedPagesSpecifyCache 0000000000018198     ntoskrnl:ntoskrnl.exe
 0002:000001a0       __imp_FsRtlNotifyFullChangeDirectory 00000000000181a0     ntoskrnl:ntoskrnl.exe
 0002:000001a8       __imp_MmFlushImageSection  00000000000181a8     ntoskrnl:ntoskrnl.exe
 0002:000001b0       __imp_CcFlushCache         00000000000181b0     ntoskrnl:ntoskrnl.exe
 0002:000001b8       __imp_CcPurgeCacheSection  00000000000181b8     ntoskrnl:ntoskrnl.exe
 0002:000001c0       __imp_CcUninitializeCacheMap 00000000000181c0     ntoskrnl:ntoskrnl.exe
 0002:000001c8       __imp_FsRtlNotifyCleanup   00000000000181c8     ntoskrnl:ntoskrnl.exe
 0002:000001d0       __imp_ExAcquireResourceSharedLite 00000000000181d0     ntoskrnl:ntoskrnl.exe
 0002:000001d8       __imp_KeInitializeTimerEx  00000000000181d8     ntoskrnl:ntoskrnl.exe
 0002:000001e0       __imp_KeSetTimerEx         00000000000181e0     ntoskrnl:ntoskrnl.exe
 0002:000001e8       __imp_KeWaitForMultipleObjects 00000000000181e8     ntoskrnl:ntoskrnl.exe
 0002:000001f0       __imp_KeCancelTimer        00000000000181f0     ntoskrnl:ntoskrnl.exe
 0002:000001f8       __imp_KeQueryTimeIncrement 00000000000181f8     ntoskrnl:ntoskrnl.exe
 0002:00000200       __imp_IoGetRequestorProcessId 0000000000018200     ntoskrnl:ntoskrnl.exe
 0002:00000208       __imp_ExInterlockedInsertTailList 0000000000018208     ntoskrnl:ntoskrnl.exe
 0002:00000210       __imp_KeResetEvent         0000000000018210     ntoskrnl:ntoskrnl.exe
 0002:00000218       __imp_RtlLengthSecurityDescriptor 0000000000018218     ntoskrnl:ntoskrnl.exe
 0002:00000220       __imp_ObOpenObjectByPointer 0000000000018220     ntoskrnl:ntoskrnl.exe
 0002:00000228       __imp_SeTokenObjectType    0000000000018228     ntoskrnl:ntoskrnl.exe
 0002:00000228       SeTokenObjectType          0000000000018228     ntoskrnl:ntoskrnl.exe
 0002:00000230       __imp_KeBugCheckEx         0000000000018230     ntoskrnl:ntoskrnl.exe
 0002:00000238       __imp_MmGetSystemRoutineAddress 0000000000018238     wdmsec:ntoskrnl.exe
 0002:00000240       __imp_ZwSetSecurityObject  0000000000018240     wdmsec:ntoskrnl.exe
 0002:00000248       IoDeviceObjectType         0000000000018248     wdmsec:ntoskrnl.exe
 0002:00000248       __imp_IoDeviceObjectType   0000000000018248     wdmsec:ntoskrnl.exe
 0002:00000250       __imp__snwprintf           0000000000018250     wdmsec:ntoskrnl.exe
 0002:00000258       __imp_SeCaptureSecurityDescriptor 0000000000018258     wdmsec:ntoskrnl.exe
 0002:00000260       __imp_RtlCreateSecurityDescriptor 0000000000018260     wdmsec:ntoskrnl.exe
 0002:00000268       __imp_RtlSetDaclSecurityDescriptor 0000000000018268     wdmsec:ntoskrnl.exe
 0002:00000270       __imp_RtlAbsoluteToSelfRelativeSD 0000000000018270     wdmsec:ntoskrnl.exe
 0002:00000278       __imp_IoIsWdmVersionAvailable 0000000000018278     wdmsec:ntoskrnl.exe
 0002:00000280       __imp_SeExports            0000000000018280     wdmsec:ntoskrnl.exe
 0002:00000288       __imp_wcschr               0000000000018288     wdmsec:ntoskrnl.exe
 0002:00000290       __imp__wcsnicmp            0000000000018290     wdmsec:ntoskrnl.exe
 0002:00000298       __imp_RtlLengthSid         0000000000018298     wdmsec:ntoskrnl.exe
 0002:000002a0       __imp_RtlAddAccessAllowedAce 00000000000182a0     wdmsec:ntoskrnl.exe
 0002:000002a8       __imp_RtlGetSaclSecurityDescriptor 00000000000182a8     wdmsec:ntoskrnl.exe
 0002:000002b0       __imp_RtlGetDaclSecurityDescriptor 00000000000182b0     wdmsec:ntoskrnl.exe
 0002:000002b8       __imp_RtlGetGroupSecurityDescriptor 00000000000182b8     wdmsec:ntoskrnl.exe
 0002:000002c0       __imp_RtlGetOwnerSecurityDescriptor 00000000000182c0     wdmsec:ntoskrnl.exe
 0002:000002c8       __imp_ZwOpenKey            00000000000182c8     wdmsec:ntoskrnl.exe
 0002:000002d0       __imp_ZwCreateKey          00000000000182d0     wdmsec:ntoskrnl.exe
 0002:000002d8       __imp_ZwQueryValueKey      00000000000182d8     wdmsec:ntoskrnl.exe
 0002:000002e0       __imp_ZwSetValueKey        00000000000182e0     wdmsec:ntoskrnl.exe
 0002:000002e8       __imp___C_specific_handler 00000000000182e8     ntoskrnl:ntoskrnl.exe
 0002:000002f0       __imp__local_unwind        00000000000182f0     ntoskrnl:ntoskrnl.exe
 0002:000002f8       \177ntoskrnl_NULL_THUNK_DATA 00000000000182f8     ntoskrnl:ntoskrnl.exe
 0002:00000320       ??_C@_1CK@LEEDIGFP@?$AAI?$AAo?$AAC?$AAr?$AAe?$AAa?$AAt?$AAe?$AAD?$AAe?$AAv?$AAi?$AAc?$AAe?$AAS?$AAe?$AAc?$AAu?$AAr?$AAe?$AA?$AA@ 0000000000018320     wdmsec:wlwrap.obj
 0002:00000350       ??_C@_1EA@BAHCLPHE@?$AAI?$AAo?$AAV?$AAa?$AAl?$AAi?$AAd?$AAa?$AAt?$AAe?$AAD?$AAe?$AAv?$AAi?$AAc?$AAe?$AAI?$AAo?$AAC?$AAo?$AAn?$AAt?$AAr?$AAo?$AAl?$AAA?$AAc?$AAc?$AAe?$AAs?$AAs?$AA?$AA@ 0000000000018350     wdmsec:wlwrap.obj
 0002:00000390       SDDL_DEVOBJ_KERNEL_ONLY_buffer 0000000000018390     wdmsec:iosddl.obj
 0002:00000398       SDDL_DEVOBJ_KERNEL_ONLY    0000000000018398     wdmsec:iosddl.obj
 0002:000003a8       SDDL_DEVOBJ_SYS_ALL_buffer 00000000000183a8     wdmsec:iosddl.obj
 0002:000003c8       SDDL_DEVOBJ_SYS_ALL        00000000000183c8     wdmsec:iosddl.obj
 0002:000003d8       SDDL_DEVOBJ_SYS_ALL_ADM_ALL_buffer 00000000000183d8     wdmsec:iosddl.obj
 0002:00000410       SDDL_DEVOBJ_SYS_ALL_ADM_ALL 0000000000018410     wdmsec:iosddl.obj
 0002:00000420       SDDL_DEVOBJ_SYS_ALL_ADM_RX_buffer 0000000000018420     wdmsec:iosddl.obj
 0002:00000460       SDDL_DEVOBJ_SYS_ALL_ADM_RX 0000000000018460     wdmsec:iosddl.obj
 0002:00000470       SDDL_DEVOBJ_SYS_ALL_ADM_RWX_WORLD_R_buffer 0000000000018470     wdmsec:iosddl.obj
 0002:000004c8       SDDL_DEVOBJ_SYS_ALL_ADM_RWX_WORLD_R 00000000000184c8     wdmsec:iosddl.obj
 0002:000004e0       SDDL_DEVOBJ_SYS_ALL_ADM_RWX_WORLD_R_RES_R_buffer 00000000000184e0     wdmsec:iosddl.obj
 0002:00000550       SDDL_DEVOBJ_SYS_ALL_ADM_RWX_WORLD_R_RES_R 0000000000018550     wdmsec:iosddl.obj
 0002:00000560       SDDL_DEVOBJ_SYS_ALL_ADM_RWX_WORLD_RW_RES_R_buffer 0000000000018560     wdmsec:iosddl.obj
 0002:000005d8       SDDL_DEVOBJ_SYS_ALL_ADM_RWX_WORLD_RW_RES_R 00000000000185d8     wdmsec:iosddl.obj
 0002:000005f0       SDDL_DEVOBJ_SYS_ALL_ADM_RWX_WORLD_RWX_RES_RWX_buffer 00000000000185f0     wdmsec:iosddl.obj
 0002:00000670       SDDL_DEVOBJ_SYS_ALL_ADM_RWX_WORLD_RWX_RES_RWX 0000000000018670     wdmsec:iosddl.obj
 0002:00000680       ??_C@_1BG@COALCEMK@?$AAP?$AAr?$AAo?$AAp?$AAe?$AAr?$AAt?$AAi?$AAe?$AAs?$AA?$AA@ 0000000000018680     wdmsec:ppregstate.obj
 0002:00000698       ??_C@_1M@OAHBGIFG@?$AAC?$AAl?$AAa?$AAs?$AAs?$AA?$AA@ 0000000000018698     wdmsec:ppregstate.obj
 0002:000006a8       ??_C@_1BO@DAOBINHA@?$AAN?$AAo?$AAD?$AAi?$AAs?$AAp?$AAl?$AAa?$AAy?$AAC?$AAl?$AAa?$AAs?$AAs?$AA?$AA@ 00000000000186a8     wdmsec:ppregstate.obj
 0002:000006c8       ??_C@_1BG@OPOOGLJC@?$AAN?$AAo?$AAU?$AAs?$AAe?$AAC?$AAl?$AAa?$AAs?$AAs?$AA?$AA@ 00000000000186c8     wdmsec:ppregstate.obj
 0002:000006e0       ??_C@_1BC@FCJNIDNL@?$AAS?$AAe?$AAc?$AAu?$AAr?$AAi?$AAt?$AAy?$AA?$AA@ 00000000000186e0     wdmsec:ppregstate.obj
 0002:000006f8       ??_C@_1BG@KCOOGCNN@?$AAD?$AAe?$AAv?$AAi?$AAc?$AAe?$AAT?$AAy?$AAp?$AAe?$AA?$AA@ 00000000000186f8     wdmsec:ppregstate.obj
 0002:00000710       ??_C@_1CM@DIJFBEC@?$AAD?$AAe?$AAv?$AAi?$AAc?$AAe?$AAC?$AAh?$AAa?$AAr?$AAa?$AAc?$AAt?$AAe?$AAr?$AAi?$AAs?$AAt?$AAi?$AAc?$AAs?$AA?$AA@ 0000000000018710     wdmsec:ppregstate.obj
 0002:00000740       ??_C@_1BE@DJHAJDEM@?$AAE?$AAx?$AAc?$AAl?$AAu?$AAs?$AAi?$AAv?$AAe?$AA?$AA@ 0000000000018740     wdmsec:ppregstate.obj
 0002:00000760       ??_C@_1HC@DKINPPAJ@?$AA?2?$AAR?$AAe?$AAg?$AAi?$AAs?$AAt?$AAr?$AAy?$AA?2?$AAM?$AAa?$AAc?$AAh?$AAi?$AAn?$AAe?$AA?2?$AAS?$AAy?$AAs?$AAt?$AAe?$AAm?$AA?2?$AAC?$AAu?$AAr?$AAr?$AAe?$AAn?$AAt@ 0000000000018760     wdmsec:ppregstate.obj
 0002:000007e0       ??_C@_1GG@FCALANDO@?$AA?$HL?$AA?$CF?$AA0?$AA8?$AAX?$AA?9?$AA?$CF?$AA0?$AA4?$AAX?$AA?9?$AA?$CF?$AA0?$AA4?$AAX?$AA?9?$AA?$CF?$AA0?$AA2?$AAX?$AA?$CF?$AA0?$AA2?$AAX?$AA?9?$AA?$CF?$AA0?$AA2?$AAX?$AA?$CF?$AA0?$AA2@ 00000000000187e0     wdmsec:ppregstate.obj
 0002:00000848       ??_C@_15FCNJEDMF@?$AAG?$AAX?$AA?$AA@ 0000000000018848     wdmsec:sesddl.obj
 0002:00000850       ??_C@_15KLKFDJD@?$AAG?$AAW?$AA?$AA@ 0000000000018850     wdmsec:sesddl.obj
 0002:00000858       ??_C@_15DNGEKDKB@?$AAG?$AAR?$AA?$AA@ 0000000000018858     wdmsec:sesddl.obj
 0002:00000860       ??_C@_15HPMIFLNA@?$AAG?$AAA?$AA?$AA@ 0000000000018860     wdmsec:sesddl.obj
 0002:00000868       ??_C@_15NAFBOLGP@?$AAS?$AAD?$AA?$AA@ 0000000000018868     wdmsec:sesddl.obj
 0002:00000870       ??_C@_15JMMBCOHI@?$AAW?$AAO?$AA?$AA@ 0000000000018870     wdmsec:sesddl.obj
 0002:00000878       ??_C@_15ELMAKJHJ@?$AAW?$AAD?$AA?$AA@ 0000000000018878     wdmsec:sesddl.obj
 0002:00000880       ??_C@_15IGNKAAHD@?$AAR?$AAC?$AA?$AA@ 0000000000018880     wdmsec:sesddl.obj
 0002:00000888       ??_C@_13PNBDBPLL@?$AAA?$AA?$AA@ 0000000000018888     wdmsec:sesddl.obj
 0003:00000000       HotPatchBuffer             0000000000019000     hotpatch.obj
 0003:00000100       __security_cookie          0000000000019100     BufferOverflowK:gs_support.obj
 0003:00000108       __security_cookie_complement 0000000000019108     BufferOverflowK:gs_support.obj
 0003:00000110       PiRegStateSysAllInherittedSecurityDescriptor 0000000000019110     wdmsec:ppregstate.obj
 0003:00000300       WdmlibInitialized          0000000000019300     wdmsec:wlwrap.obj
 0003:00000308       PfnIoCreateDeviceSecure    0000000000019308     wdmsec:wlwrap.obj
 0003:00000310       PfnIoValidateDeviceIoControlAccess 0000000000019310     wdmsec:wlwrap.obj
 0003:00000318       PiRegStateDiscriptor       0000000000019318     wdmsec:ppregstate.obj
 0003:00000340       DokanIrpEntryLookasideList 0000000000019340     dokan.obj
 0003:000003c0       g_Debug                    00000000000193c0     dokan.obj
 0003:000003c4       __@@_PchSym_@00@UkilqvxghUwlpzmcUhbhUlyquivPdrmHPznwGEUznwGEUkivxlnkOlyq@dokanx 00000000000193c4     <common>
 0005:00000008       DokanUnload                000000000001b008 f   dokan.obj
 0005:00000090       DokanDispatchShutdown      000000000001b090 f   dokan.obj
 0005:000000b8       DokanDispatchPnp           000000000001b0b8 f   dokan.obj
 0005:00000114       DokanDispatchCreate        000000000001b114 f   create.obj
 0005:00000534       WdmlibInit                 000000000001b534 f   wdmsec:wlwrap.obj
 0005:000005a0       WdmlibIoCreateDeviceSecure 000000000001b5a0 f   wdmsec:wlwrap.obj
 0005:00000638       IopDevObjApplyPostCreationSettings 000000000001b638 f   wdmsec:iodevobj.obj
 0005:000006e4       IoDevObjCreateDeviceSecure 000000000001b6e4 f   wdmsec:iodevobj.obj
 0005:0000089c       PpRegStateLoadSecurityDescriptor 000000000001b89c f   wdmsec:ppregstate.obj
 0005:000008b0       PpRegStateFreeStackCreationSettings 000000000001b8b0 f   wdmsec:ppregstate.obj
 0005:000008d0       PiRegStateOpenClassKey     000000000001b8d0 f   wdmsec:ppregstate.obj
 0005:00000a6c       PpRegStateInitEmptyCreationSettings 000000000001ba6c f   wdmsec:ppregstate.obj
 0005:00000a84       PiRegStateReadStackCreationSettingsFromKey 000000000001ba84 f   wdmsec:ppregstate.obj
 0005:00000c50       PpRegStateReadCreateClassCreationSettings 000000000001bc50 f   wdmsec:ppregstate.obj
 0005:00000d80       PpRegStateUpdateStackCreationSettings 000000000001bd80 f   wdmsec:ppregstate.obj
 0005:00000eac       SepSddlParseWideStringUlong 000000000001beac f   wdmsec:sesddl.obj
 0005:00000f8c       SepSddlAddAceToAcl         000000000001bf8c f   wdmsec:sesddl.obj
 0005:00001074       SepSddlLookupAccessMaskInTable 000000000001c074 f   wdmsec:sesddl.obj
 0005:0000110c       SepSddlGetSidForString     000000000001c10c f   wdmsec:sesddl.obj
 0005:000011d0       SepSddlGetAclForString     000000000001c1d0 f   wdmsec:sesddl.obj
 0005:00001590       SepSddlDaclFromSDDLString  000000000001c590 f   wdmsec:sesddl.obj
 0005:00001658       SepSddlSecurityDescriptorFromSDDLString 000000000001c658 f   wdmsec:sesddl.obj
 0005:00001758       SeSddlSecurityDescriptorFromSDDL 000000000001c758 f   wdmsec:sesddl.obj
 0005:00001820       SeSetSecurityAccessMask    000000000001c820 f   wdmsec:seutil.obj
 0005:0000184c       SeUtilSecurityInfoFromSecurityDescriptor 000000000001c84c f   wdmsec:seutil.obj
 0005:0000191c       CmpRegUtilAllocateUnicodeString 000000000001c91c f   wdmsec:cmregutil.obj
 0005:00001968       CmRegUtilUcValueSetUcString 000000000001c968 f   wdmsec:cmregutil.obj
 0005:00001a68       CmRegUtilUcValueGetDword   000000000001ca68 f   wdmsec:cmregutil.obj
 0005:00001ae0       CmRegUtilCreateUcKey       000000000001cae0 f   wdmsec:cmregutil.obj
 0005:00001b7c       CmRegUtilOpenExistingUcKey 000000000001cb7c f   wdmsec:cmregutil.obj
 0005:00001bd8       CmRegUtilWstrValueSetWstrString 000000000001cbd8 f   wdmsec:cmregutil.obj
 0005:00001c30       CmRegUtilWstrValueSetUcString 000000000001cc30 f   wdmsec:cmregutil.obj
 0005:00001c70       CmRegUtilWstrValueSetFullBuffer 000000000001cc70 f   wdmsec:cmregutil.obj
 0005:00001cd0       CmRegUtilWstrValueGetDword 000000000001ccd0 f   wdmsec:cmregutil.obj
 0005:00001d20       CmRegUtilCreateWstrKey     000000000001cd20 f   wdmsec:cmregutil.obj
 0005:00001d98       CmRegUtilOpenExistingWstrKey 000000000001cd98 f   wdmsec:cmregutil.obj
 0005:00001de8       CmRegUtilUcValueGetFullBuffer 000000000001cde8 f   wdmsec:cmregutil.obj
 0005:00001f20       CmRegUtilWstrValueGetFullBuffer 000000000001cf20 f   wdmsec:cmregutil.obj
 0005:00001f80       ??_C@_1DC@JJHBEEBC@?$AA?2?$AAD?$AAo?$AAs?$AAD?$AAe?$AAv?$AAi?$AAc?$AAe?$AAs?$AA?2?$AAG?$AAl?$AAo?$AAb?$AAa?$AAl?$AA?2?$AAD?$AAo?$AAk?$AAa?$AAn?$AA?$AA@NNGAKEGL@ 000000000001cf80     dokan.obj
 0006:00000008       DriverEntry                000000000001e008 f   dokan.obj
 0006:000003d8       __security_init_cookie     000000000001e3d8 f   BufferOverflowK:gs_support.obj
 0006:00000434       GsDriverEntry              000000000001e434 f   BufferOverflowK:gs_support.obj
 0006:00000454       __IMPORT_DESCRIPTOR_ntoskrnl 000000000001e454     ntoskrnl:ntoskrnl.exe
 0006:00000468       __NULL_IMPORT_DESCRIPTOR   000000000001e468     ntoskrnl:ntoskrnl.exe

 entry point at        0006:00000434

 Static symbols

 0001:00006112       DokanGetAccessToken$fin$0  0000000000017112 f    CIL library: CIL module
 0001:00006148       DokanDispatchFileSystemControl$fin$0 0000000000017148 f    CIL library: CIL module
 0001:0000617c       DokanCompleteSetInformation$fin$0 000000000001717c f    CIL library: CIL module
 0001:000061aa       DokanDispatchSetSecurity$fin$0 00000000000171aa f    CIL library: CIL module
 0001:000061aa       DokanDispatchQuerySecurity$fin$0 00000000000171aa f    CIL library: CIL module
 0001:000061e3       DokanDispatchFlush$fin$0   00000000000171e3 f    CIL library: CIL module
 0001:000061e3       DokanDispatchClose$fin$0   00000000000171e3 f    CIL library: CIL module
 0001:000061e3       DokanDispatchLock$fin$0    00000000000171e3 f    CIL library: CIL module
 0001:0000621c       DokanDispatchCleanup$fin$0 000000000001721c f    CIL library: CIL module
 0001:0000621c       DokanDispatchSetInformation$fin$0 000000000001721c f    CIL library: CIL module
 0001:00006255       DokanDispatchQueryVolumeInformation$fin$0 0000000000017255 f    CIL library: CIL module
 0001:00006290       DokanDispatchWrite$fin$0   0000000000017290 f    CIL library: CIL module
 0001:000062cc       DokanDispatchRead$fin$0    00000000000172cc f    CIL library: CIL module
 0001:00006307       DokanDispatchQueryInformation$fin$0 0000000000017307 f    CIL library: CIL module
 0001:00006342       DokanDispatchDirectoryControl$fin$0 0000000000017342 f    CIL library: CIL module
 0001:0000637b       DokanDispatchDeviceControl$fin$0 000000000001737b f    CIL library: CIL module
 0005:00001fb8       DokanDispatchPnp$fin$0     000000000001cfb8 f    CIL library: CIL module
 0005:00001fe4       DokanDispatchCreate$fin$0  000000000001cfe4 f    CIL library: CIL module
