 dokanx

 Timestamp is 51b14f7a (Fri Jun 07 11:11:54 2013)

 Preferred load address is 00010000

 Start         Length     Name                   Class
 0001:00000000 0000c608H .text                   CODE
 0001:0000c610 000049d2H .text$s                 CODE
 0002:00000000 000001a0H .idata$5                DATA
 0002:000001a0 00000560H .rdata                  DATA
 0002:00000700 0000004fH .rdata$debug            DATA
 0002:00000750 00000008H .rdata$sxdata           DATA
 0002:00000758 0000025cH .xdata$x                DATA
 0003:00000000 00000198H .data                   DATA
 0003:000001a0 00000074H .bss                    DATA
 0004:00000000 00001f0aH PAGE                    CODE
 0004:00001f10 00000540H PAGE$s                  CODE
 0005:00000000 000002f2H INIT                    CODE
 0005:00000300 000000e9H INIT$s                  CODE
 0005:000003ec 00000028H .idata$2                CODE
 0005:00000414 00000014H .idata$3                CODE
 0005:00000428 000001a0H .idata$4                CODE
 0005:000005c8 00000904H .idata$6                CODE
 0006:00000000 00000058H .rsrc$01                DATA
 0006:00000060 00000388H .rsrc$02                DATA

  Address         Publics by Value              Rva+Base       Lib:Object

 0000:00000002       ___safe_se_handler_count   00000002     <absolute>
 0001:00000010       _DokanFastIoCheckIfPossible@32 00011010 f   dokan.obj
 0001:00000040       _DokanAcquireForCreateSection@4 00011040 f   dokan.obj
 0001:000000a0       _DokanReleaseForCreateSection@4 000110a0 f   dokan.obj
 0001:000000f0       _DokanFilterCallbackAcquireForCreateSection@8 000110f0 f   dokan.obj
 0001:00000160       _DokanNoOpAcquire@8        00011160 f   dokan.obj
 0001:000001f0       _DokanNoOpRelease@4        000111f0 f   dokan.obj
 0001:00000280       _DokanPrintNTStatus@4      00011280 f   dokan.obj
 0001:00000540       _DokanNotifyReportChange0@16 00011540 f   dokan.obj
 0001:00000670       _DokanNotifyReportChange@12 00011670 f   dokan.obj
 0001:000006d0       _PrintIdType@4             000116d0 f   dokan.obj
 0001:00000810       _DokanCheckCCB@8           00011810 f   dokan.obj
 0001:00000900       _DokanAllocateMdl@8        00011900 f   dokan.obj
 0001:00000a30       _DokanFreeMdl@4            00011a30 f   dokan.obj
 0001:00000a70       _IoGetCurrentIrpStackLocation@4 00011a70 f i dokan.obj
 0001:00000ad0       _DokanInitIrpList@4        00011ad0 f   init.obj
 0001:00000b10       _DokanCreateGlobalDiskDevice@8 00011b10 f   init.obj
 0001:00000cc0       _InitializeListHead@4      00011cc0 f i init.obj
 0001:00000ce0       _DokanRegisterUncProvider@4 00011ce0 f   init.obj
 0001:00000d70       _AllocateUnicodeString@4   00011d70 f   init.obj
 0001:00000e30       _FreeUnicodeString@4       00011e30 f   init.obj
 0001:00000e60       _DokanCreateDiskDevice@28  00011e60 f   init.obj
 0001:000016a0       _KeInitializeSpinLock@4    000126a0 f i init.obj
 0001:000016c0       _ExInitializeFastMutex@4   000126c0 f i init.obj
 0001:00001700       _DokanDeleteDeviceObject@4 00012700 f   init.obj
 0001:00001930       _FsRtlSetupAdvancedHeader@8 00012930 f i init.obj
 0001:000019a0       _RtlStringCchCopyW@12      000129a0 f i init.obj
 0001:000019f0       _RtlStringCchCatW@12       000129f0 f i init.obj
 0001:00001c00       _DokanAllocateFCB@4        00012c00 f   create.obj
 0001:00001da0       _DokanGetFCB@12            00012da0 f   create.obj
 0001:00001f60       _DokanFreeFCB@4            00012f60 f   create.obj
 0001:000020d0       _DokanAllocateCCB@8        000130d0 f   create.obj
 0001:00002210       _DokanFreeCCB@4            00013210 f   create.obj
 0001:000022e0       _DokanUnicodeStringChar@8  000132e0 f   create.obj
 0001:00002330       _SetFileObjectForVCB@8     00013330 f   create.obj
 0001:00002360       _RemoveEntryList@4         00013360 f i create.obj
 0001:000023a0       _InsertTailList@8          000133a0 f i create.obj
 0001:000023e0       _DokanCompleteCreate@8     000133e0 f   create.obj
 0001:00002740       _DokanDispatchClose@8      00013740 f   close.obj
 0001:00002b80       _DokanIrpCancelRoutine@8   00013b80 f   event.obj
 0001:00002d60       _RegisterPendingIrpMain@24 00013d60 f   event.obj
 0001:00002f50       _DokanRegisterPendingIrp@16 00013f50 f   event.obj
 0001:00002fe0       _DokanRegisterPendingIrpForEvent@8 00013fe0 f   event.obj
 0001:00003030       _DokanRegisterPendingIrpForService@8 00014030 f   event.obj
 0001:000030a0       _DokanCompleteIrp@8        000140a0 f   event.obj
 0001:00003400       _IsListEmpty@4             00014400 f i event.obj
 0001:00003420       _DokanEventStart@8         00014420 f   event.obj
 0001:00003980       _DokanEventWrite@8         00014980 f   event.obj
 0001:00003d00       _ExAllocateFromNPagedLookasideList@4 00014d00 f i event.obj
 0001:00003d70       _ExFreeToNPagedLookasideList@8 00014d70 f i event.obj
 0001:00003dd0       _IoMarkIrpPending@4        00014dd0 f i event.obj
 0001:00003e00       _DokanDispatchDirectoryControl@8 00014e00 f   directory.obj
 0001:00004050       _DokanQueryDirectory@8     00015050 f   directory.obj
 0001:000045f0       _DokanNotifyChangeDirectory@8 000155f0 f   directory.obj
 0001:00004730       _DokanCompleteDirectoryControl@8 00015730 f   directory.obj
 0001:00004990       _DokanDispatchQueryInformation@8 00015990 f   fileinfo.obj
 0001:00005020       _DokanCompleteQueryInformation@8 00016020 f   fileinfo.obj
 0001:000051e0       _DokanDispatchSetInformation@8 000161e0 f   fileinfo.obj
 0001:00005870       _DokanCompleteSetInformation@8 00016870 f   fileinfo.obj
 0001:00005da0       _DokanDispatchRead@8       00016da0 f   read.obj
 0001:00006270       _DokanCompleteRead@8       00017270 f   read.obj
 0001:00006560       _DokanDispatchWrite@8      00017560 f   write.obj
 0001:00006bb0       _DokanCompleteWrite@8      00017bb0 f   write.obj
 0001:00006d40       _DokanDispatchQueryVolumeInformation@8 00017d40 f   volume.obj
 0001:00007190       _DokanCompleteQueryVolumeInformation@8 00018190 f   volume.obj
 0001:000072e0       _DokanDispatchSetVolumeInformation@8 000182e0 f   volume.obj
 0001:00007350       _DokanDispatchCleanup@8    00018350 f   cleanup.obj
 0001:000076b0       _DokanCompleteCleanup@8    000186b0 f   cleanup.obj
 0001:00007830       _DokanDispatchLock@8       00018830 f   lock.obj
 0001:00007c70       _DokanCompleteLock@8       00018c70 f   lock.obj
 0001:00007d50       _DokanUnmount@4            00018d50 f   timeout.obj
 0001:00007eb0       _DokanCheckKeepAlive@4     00018eb0 f   timeout.obj
 0001:00007f90       _ReleaseTimeoutPendingIrp@4 00018f90 f   timeout.obj
 0001:00008240       _DokanResetPendingIrpTimeout@8 00019240 f   timeout.obj
 0001:000083b0       _DokanTimeoutThread@4      000193b0 f   timeout.obj
 0001:000084c0       _DokanStartCheckThread@4   000194c0 f   timeout.obj
 0001:00008560       _RemoveHeadList@4          00019560 f i timeout.obj
 0001:000085a0       _DokanStopCheckThread@4    000195a0 f   timeout.obj
 0001:00008640       _DokanUpdateTimeout@8      00019640 f   timeout.obj
 0001:000086c0       _DokanDispatchFlush@8      000196c0 f   flush.obj
 0001:000089e0       _DokanCompleteFlush@8      000199e0 f   flush.obj
 0001:00008af0       _PrintUnknownDeviceIoctlCode@4 00019af0 f   device.obj
 0001:00008c50       _GlobalDeviceControl@8     00019c50 f   device.obj
 0001:00008de0       _DiskDeviceControl@8       00019de0 f   device.obj
 0001:000097f0       _DokanDispatchDeviceControl@8 0001a7f0 f   device.obj
 0001:00009ba0       _DokanUserFsRequest@8      0001aba0 f   fscontrol.obj
 0001:0000a5d0       _DokanDispatchFileSystemControl@8 0001b5d0 f   fscontrol.obj
 0001:0000a8d0       _SetCommonEventContext@16  0001b8d0 f   notification.obj
 0001:0000a950       _AllocateEventContextRaw@4 0001b950 f   notification.obj
 0001:0000a9c0       _AllocateEventContext@16   0001b9c0 f   notification.obj
 0001:0000aa20       _DokanFreeEventContext@4   0001ba20 f   notification.obj
 0001:0000aa50       _DokanEventNotification@8  0001ba50 f   notification.obj
 0001:0000aad0       _ReleasePendingIrp@4       0001bad0 f   notification.obj
 0001:0000ac60       _NotificationLoop@8        0001bc60 f   notification.obj
 0001:0000af40       _NotificationThread@4      0001bf40 f   notification.obj
 0001:0000b080       _DokanStartEventNotificationThread@4 0001c080 f   notification.obj
 0001:0000b130       _DokanStopEventNotificationThread@4 0001c130 f   notification.obj
 0001:0000b1d0       _DokanEventRelease@4       0001c1d0 f   notification.obj
 0001:0000b370       _DokanDispatchQuerySecurity@8 0001c370 f   security.obj
 0001:0000b760       _DokanCompleteQuerySecurity@8 0001c760 f   security.obj
 0001:0000b960       _DokanDispatchSetSecurity@8 0001c960 f   security.obj
 0001:0000bda0       _DokanCompleteSetSecurity@8 0001cda0 f   security.obj
 0001:0000bea0       _DokanGetAccessToken@8     0001cea0 f   access.obj
 0001:0000c200       @__security_check_cookie@4 0001d200 f   BufferOverflowK:secchk.obj
 0001:0000c215       ___report_gsfailure        0001d215 f   BufferOverflowK:gs_report.obj
 0001:0000c240       _memset                    0001d240 f   ntoskrnl:ntoskrnl.exe
 0001:0000c24c       _DbgPrint                  0001d24c f   ntoskrnl:ntoskrnl.exe
 0001:0000c258       _memcpy                    0001d258 f   ntoskrnl:ntoskrnl.exe
 0001:0000c270       __except_handler4          0001d270 f   wdmsec:chandler4.obj
 0001:0000c3c9       _WdmlibRtlInitUnicodeStringEx@8 0001d3c9 f   wdmsec:wlwrap.obj
 0001:0000c428       __local_unwind4            0001d428 f   wdmsec:exsup4.obj
 0001:0000c4fe       __seh_longjmp_unwind4@4    0001d4fe f   wdmsec:exsup4.obj
 0001:0000c51a       @_EH4_CallFilterFunc@8     0001d51a f   wdmsec:exsup4.obj
 0001:0000c531       @_EH4_TransferToHandler@8  0001d531 f   wdmsec:exsup4.obj
 0001:0000c54a       @_EH4_GlobalUnwind@4       0001d54a f   wdmsec:exsup4.obj
 0001:0000c564       @_EH4_LocalUnwind@16       0001d564 f   wdmsec:exsup4.obj
 0001:0000c580       __NLG_Notify1              0001d580 f   wdmsec:_nlgsupp.obj
 0001:0000c589       __NLG_Notify               0001d589 f   wdmsec:_nlgsupp.obj
 0001:0000c5a0       __NLG_Dispatch             0001d5a0     wdmsec:_nlgsupp.obj
 0001:0000c5a0       __NLG_Dispatch2            0001d5a0     wdmsec:_nlgsupp.obj
 0001:0000c5a8       __NLG_Call                 0001d5a8 f   wdmsec:_nlgsupp.obj
 0001:0000c5aa       __NLG_Return2              0001d5aa     wdmsec:_nlgsupp.obj
 0001:0000c5b0       _RtlUnwind@16              0001d5b0 f   wdmsec:ntoskrnl.exe
 0001:0000c5bb       _RtlULongAdd@12            0001d5bb f i wdmsec:cmregutil.obj
 0001:0000c5ea       __snwprintf                0001d5ea f   wdmsec:ntoskrnl.exe
 0001:0000c5f6       __wcsnicmp                 0001d5f6 f   wdmsec:ntoskrnl.exe
 0001:0000c602       _wcschr                    0001d602 f   wdmsec:ntoskrnl.exe
 0001:0000c610       ??_C@_0CF@CBFFJGFD@?$FLDokanFS?$FN?5DokanFastIoCheckIfPoss@FNODOBFM@ 0001d610     dokan.obj
 0001:0000c640       ??_C@_0CH@DJKGDNLN@?$FLDokanFS?$FN?5DokanAcquireForCreateS@FNODOBFM@ 0001d640     dokan.obj
 0001:0000c670       ??_C@_0CH@KJPJEGFF@?$FLDokanFS?$FN?5DokanReleaseForCreateS@FNODOBFM@ 0001d670     dokan.obj
 0001:0000c6a0       ??_C@_0DF@MMFMCBAH@?$FLDokanFS?$FN?5DokanFilterCallbackAcq@FNODOBFM@ 0001d6a0     dokan.obj
 0001:0000c6e0       ??_C@_0BP@PPNIGPMP@?$FLDokanFS?$FN?5?$DM?$DN?$DN?5DokanNoOpAcquire?$AA@FNODOBFM@ 0001d6e0     dokan.obj
 0001:0000c700       ??_C@_0BL@GKLKFIBL@IoGetTopLevelIrp?$CI?$CJ?5?$DN?$DN?5NULL?$AA@FNODOBFM@ 0001d700     dokan.obj
 0001:0000c720       ??_C@_0BP@ECACBEIP@d?3?2projects?2dokanx?2sys?2dokan?4c?$AA@FNODOBFM@ 0001d720     dokan.obj
 0001:0000c740       ??_C@_0BP@MDFEGKPI@?$FLDokanFS?$FN?5?$DN?$DN?$DO?5DokanNoOpAcquire?$AA@FNODOBFM@ 0001d740     dokan.obj
 0001:0000c760       ??_C@_0BP@HFOCKICC@?$FLDokanFS?$FN?5?$DM?$DN?$DN?5DokanNoOpRelease?$AA@FNODOBFM@ 0001d760     dokan.obj
 0001:0000c780       ??_C@_0DG@BIDPEDCH@IoGetTopLevelIrp?$CI?$CJ?5?$DN?$DN?5?$CIPIRP?$CJFSRT@FNODOBFM@ 0001d780     dokan.obj
 0001:0000c7c0       ??_C@_0BP@EJGOKNBF@?$FLDokanFS?$FN?5?$DN?$DN?$DO?5DokanNoOpRelease?$AA@FNODOBFM@ 0001d7c0     dokan.obj
 0001:0000c7e0       ??_C@_0CM@OMPFBOKD@?$FLDokanFS?$FN?5?5?5status?5?$DN?5STATUS_INVA@FNODOBFM@ 0001d7e0     dokan.obj
 0001:0000c810       ??_C@_0DB@KBKGBLCN@?$FLDokanFS?$FN?5?5?5status?5?$DN?5STATUS_INVA@FNODOBFM@ 0001d810     dokan.obj
 0001:0000c850       ??_C@_0CP@MMMAIAFD@?$FLDokanFS?$FN?5?5?5status?5?$DN?5STATUS_INVA@FNODOBFM@ 0001d850     dokan.obj
 0001:0000c880       ??_C@_0CO@OFDIJPJG@?$FLDokanFS?$FN?5?5?5status?5?$DN?5STATUS_ACCE@FNODOBFM@ 0001d880     dokan.obj
 0001:0000c8b0       ??_C@_0CL@EFENEEFK@?$FLDokanFS?$FN?5?5?5status?5?$DN?5STATUS_ACCE@FNODOBFM@ 0001d8b0     dokan.obj
 0001:0000c8e0       ??_C@_0DE@PPEDOBLC@?$FLDokanFS?$FN?5?5?5status?5?$DN?5STATUS_OBJE@FNODOBFM@ 0001d8e0     dokan.obj
 0001:0000c920       ??_C@_0DD@DECLIMMJ@?$FLDokanFS?$FN?5?5?5status?5?$DN?5STATUS_OBJE@FNODOBFM@ 0001d920     dokan.obj
 0001:0000c960       ??_C@_0DB@BLHKICAA@?$FLDokanFS?$FN?5?5?5status?5?$DN?5STATUS_OBJE@FNODOBFM@ 0001d960     dokan.obj
 0001:0000c9a0       ??_C@_0DD@MBJJFGDB@?$FLDokanFS?$FN?5?5?5status?5?$DN?5STATUS_OBJE@FNODOBFM@ 0001d9a0     dokan.obj
 0001:0000c9e0       ??_C@_0DD@HNEGOHKO@?$FLDokanFS?$FN?5?5?5status?5?$DN?5STATUS_OBJE@FNODOBFM@ 0001d9e0     dokan.obj
 0001:0000ca20       ??_C@_0DB@OMHGHBIG@?$FLDokanFS?$FN?5?5?5status?5?$DN?5STATUS_OBJE@FNODOBFM@ 0001da20     dokan.obj
 0001:0000ca60       ??_C@_0CP@GPHEGDDO@?$FLDokanFS?$FN?5?5?5status?5?$DN?5STATUS_SHAR@FNODOBFM@ 0001da60     dokan.obj
 0001:0000ca90       ??_C@_0DB@OAMFLFMK@?$FLDokanFS?$FN?5?5?5status?5?$DN?5STATUS_FILE@FNODOBFM@ 0001da90     dokan.obj
 0001:0000cad0       ??_C@_0CN@MLEEMHCC@?$FLDokanFS?$FN?5?5?5status?5?$DN?5STATUS_BUFF@FNODOBFM@ 0001dad0     dokan.obj
 0001:0000cb00       ??_C@_0CN@NNPOCGKC@?$FLDokanFS?$FN?5?5?5status?5?$DN?5STATUS_NOT_@FNODOBFM@ 0001db00     dokan.obj
 0001:0000cb30       ??_C@_0CK@COFLJLPM@?$FLDokanFS?$FN?5?5?5status?5?$DN?5STATUS_NO_S@FNODOBFM@ 0001db30     dokan.obj
 0001:0000cb60       ??_C@_0CJ@NONEPMJA@?$FLDokanFS?$FN?5?5?5status?5?$DN?5STATUS_END_@FNODOBFM@ 0001db60     dokan.obj
 0001:0000cb90       ??_C@_0CL@LNPELHDF@?$FLDokanFS?$FN?5?5?5status?5?$DN?5STATUS_NO_M@FNODOBFM@ 0001db90     dokan.obj
 0001:0000cbc0       ??_C@_0CF@NOEELBMN@?$FLDokanFS?$FN?5?5?5status?5?$DN?5STATUS_SUCC@FNODOBFM@ 0001dbc0     dokan.obj
 0001:0000cbf0       ??_C@_0CG@OKBDMMHA@?$FLDokanFS?$FN?5?$DM?$DN?$DN?5DokanNotifyReportC@FNODOBFM@ 0001dbf0     dokan.obj
 0001:0000cc20       ??_C@_0BB@DIJGLHAJ@FileName?5?$CB?$DN?5NULL?$AA@FNODOBFM@ 0001dc20     dokan.obj
 0001:0000cc40       ??_C@_0M@DJEDCO@Fcb?5?$CB?$DN?5NULL?$AA@FNODOBFM@ 0001dc40     dokan.obj
 0001:0000cc50       ??_C@_0CL@DJMDGADF@?$FLDokanFS?$FN?5?$DN?$DN?$DO?5DokanNotifyReportC@FNODOBFM@ 0001dc50     dokan.obj
 0001:0000cc80       ??_C@_0BO@NNNOGOIM@?$FLDokanFS?$FN?5?5?5?5IdType?5?$DN?5Unknown?$AA@FNODOBFM@ 0001dc80     dokan.obj
 0001:0000cca0       ??_C@_0BK@BFAMHHMO@?$FLDokanFS?$FN?5?5?5?5IdType?5?$DN?5CCB?$AA@FNODOBFM@ 0001dca0     dokan.obj
 0001:0000ccc0       ??_C@_0BK@CCNCIHPM@?$FLDokanFS?$FN?5?5?5?5IdType?5?$DN?5FCB?$AA@FNODOBFM@ 0001dcc0     dokan.obj
 0001:0000cce0       ??_C@_0BK@HCMLNAGD@?$FLDokanFS?$FN?5?5?5?5IdType?5?$DN?5VCB?$AA@FNODOBFM@ 0001dce0     dokan.obj
 0001:0000cd00       ??_C@_0BK@IINLEPHH@?$FLDokanFS?$FN?5?5?5?5IdType?5?$DN?5DCB?$AA@FNODOBFM@ 0001dd00     dokan.obj
 0001:0000cd20       ??_C@_0BL@CIANLHAG@?$FLDokanFS?$FN?5?5?5?5?5IdType?5?$DN?5DGL?$AA@FNODOBFM@ 0001dd20     dokan.obj
 0001:0000cd40       ??_C@_0BM@FCHCPDO@?$FLDokanFS?$FN?5?5?5?5?5IdType?5?$DN?5NULL?$AA@FNODOBFM@ 0001dd40     dokan.obj
 0001:0000cd60       ??_C@_0BI@IBKAJBMH@?$FLDokanFS?$FN?5?5?5Not?5mounted?$AA@FNODOBFM@ 0001dd60     dokan.obj
 0001:0000cd80       ??_C@_0CC@KADEDIND@?$FLDokanFS?$FN?5?5?5?5MountId?5is?5differen@FNODOBFM@ 0001dd80     dokan.obj
 0001:0000cdb0       ??_C@_0BJ@CHAEJGBO@?$FLDokanFS?$FN?5?5?5?5ccb?5is?5NULL?$AA@FNODOBFM@ 0001ddb0     dokan.obj
 0001:0000cdd0       ??_C@_0M@OMACNNLB@Dcb?5?$CB?$DN?5NULL?$AA@FNODOBFM@ 0001ddd0     dokan.obj
 0001:0000cde0       ??_C@_0CI@DONEEGGH@?$FLDokanFS?$FN?5?5?5?5?5MmProveAndLockPage@FNODOBFM@ 0001dde0     dokan.obj
 0001:0000ce10       ??_C@_0CK@NKMGNBKB@?$FLDokanFS?$FN?5?5?5?5?5IoAllocateMdl?5retu@FNODOBFM@ 0001de10     dokan.obj
 0001:0000ce40       ??_C@_0CM@LOONDNKF@Irp?9?$DOCurrentLocation?5?$DM?$DN?5Irp?9?$DOSta@FNODOBFM@ 0001de40     dokan.obj
 0001:0000ce70       ??_C@_0CF@DDOEGKHI@D?3?2WinDDK?27600?416385?41?2inc?2ddk?2w@FNODOBFM@ 0001de70     dokan.obj
 0001:0000cea0       ??_C@_0CM@NGAHAIMI@?$FLDokanFS?$FN?5SymbolicLink?3?5?$CFwZ?5?9?$DO?5?$CF@FNODOBFM@ 0001dea0     init.obj
 0001:0000ced0       ??_C@_0DA@KADHBLIL@?$FLDokanFS?$FN?5?5?5IoCreateSymbolicLink@FNODOBFM@ 0001ded0     init.obj
 0001:0000cf00       ??_C@_0CK@JFHFFEJI@?$FLDokanFS?$FN?5DokanGlobalDevice?3?5?$CFwZ@FNODOBFM@ 0001df00     init.obj
 0001:0000cf30       ??_C@_0CK@GGKOHIED@?$FLDokanFS?$FN?5?5?5IoCreateDevice?5retur@FNODOBFM@ 0001df30     init.obj
 0001:0000cf60       ??_C@_1DC@JJHBEEBC@?$AA?2?$AAD?$AAo?$AAs?$AAD?$AAe?$AAv?$AAi?$AAc?$AAe?$AAs?$AA?2?$AAG?$AAl?$AAo?$AAb?$AAa?$AAl?$AA?2?$AAD?$AAo?$AAk?$AAa?$AAn?$AA?$AA@FNODOBFM@ 0001df60     init.obj
 0001:0000cfa0       ??_C@_1BM@FHCNJMDP@?$AA?2?$AAD?$AAe?$AAv?$AAi?$AAc?$AAe?$AA?2?$AAD?$AAo?$AAk?$AAa?$AAn?$AA?$AA@FNODOBFM@ 0001dfa0     init.obj
 0001:0000cfc0       ??_C@_0DD@FAGCANDG@?$FLDokanFS?$FN?5?5?5FsRtlRegisterUncProv@FNODOBFM@ 0001dfc0     init.obj
 0001:0000d000       ??_C@_0CN@BFDCNNPF@?$FLDokanFS?$FN?5?5?5FsRtlRegisterUncProv@FNODOBFM@ 0001e000     init.obj
 0001:0000d030       ??_C@_0CN@KHBLAECP@?$FLDokanFS?$FN?5PsCreateSystemThread?5f@FNODOBFM@ 0001e030     init.obj
 0001:0000d060       ??_C@_1M@BDMGMBEO@?$AAD?$AAO?$AAK?$AAA?$AAN?$AA?$AA@FNODOBFM@ 0001e060     init.obj
 0001:0000d070       ??_C@_0CO@EAKMMBMJ@?$FLDokanFS?$FN?5DokanFileSystemDevice?3@FNODOBFM@ 0001e070     init.obj
 0001:0000d0a0       ??_C@_0DO@HBCNDPCK@?$FLDokanFS?$FN?5?5?5IoCreateDevice?5?$CIFILE@FNODOBFM@ 0001e0a0     init.obj
 0001:0000d0e0       ??_C@_0CI@OIOBPMJE@?$FLDokanFS?$FN?5DokanDiskDevice?3?5?$CFwZ?5c@FNODOBFM@ 0001e0e0     init.obj
 0001:0000d110       ??_C@_0DH@IKLDOEAL@?$FLDokanFS?$FN?5?5?5IoCreateDevice?5?$CIDISK@FNODOBFM@ 0001e110     init.obj
 0001:0000d150       ??_C@_1DE@BONIMFNN@?$AA?2?$AAD?$AAo?$AAs?$AAD?$AAe?$AAv?$AAi?$AAc?$AAe?$AAs?$AA?2?$AAG?$AAl?$AAo?$AAb?$AAa?$AAl?$AA?2?$AAV?$AAo?$AAl?$AAu?$AAm?$AAe?$AA?$AA@FNODOBFM@ 0001e150     init.obj
 0001:0000d190       ??_C@_1BO@LGPKALII@?$AA?2?$AAD?$AAe?$AAv?$AAi?$AAc?$AAe?$AA?2?$AAV?$AAo?$AAl?$AAu?$AAm?$AAe?$AA?$AA@FNODOBFM@ 0001e190     init.obj
 0001:0000d1b0       ??_C@_1EG@LEKJENPI@?$AA?2?$AAD?$AAo?$AAs?$AAD?$AAe?$AAv?$AAi?$AAc?$AAe?$AAs?$AA?2?$AAG?$AAl?$AAo?$AAb?$AAa?$AAl?$AA?2?$AAD?$AAo?$AAk?$AAa?$AAn?$AAR?$AAe?$AAd?$AAi?$AAr?$AAe?$AAc?$AAt@FNODOBFM@ 0001e1b0     init.obj
 0001:0000d200       ??_C@_1DA@PLMHAKFB@?$AA?2?$AAD?$AAe?$AAv?$AAi?$AAc?$AAe?$AA?2?$AAD?$AAo?$AAk?$AAa?$AAn?$AAR?$AAe?$AAd?$AAi?$AAr?$AAe?$AAc?$AAt?$AAo?$AAr?$AA?$AA@FNODOBFM@ 0001e200     init.obj
 0001:0000d230       ??_C@_0CF@NKOOHHJN@?$FLDokanFS?$FN?5?5?5Delete?5Disk?5DeviceOb@FNODOBFM@ 0001e230     init.obj
 0001:0000d260       ??_C@_0CA@OBPDCPPJ@?$FLDokanFS?$FN?5?5?5Delete?5DeviceObject?$AA@FNODOBFM@ 0001e260     init.obj
 0001:0000d280       ??_C@_0BP@HLKDCHBP@?$FLDokanFS?$FN?5?5?5CCB?5?5?5?5?5freed?3?5?$CFd?6?$AA@FNODOBFM@ 0001e280     init.obj
 0001:0000d2a0       ??_C@_0BP@FKCBBM@?$FLDokanFS?$FN?5?5?5CCB?5allocated?3?5?$CFd?6?$AA@FNODOBFM@ 0001e2a0     init.obj
 0001:0000d2c0       ??_C@_0BP@EFCJKKKF@?$FLDokanFS?$FN?5?5?5FCB?5?5?5?5?5freed?3?5?$CFd?6?$AA@FNODOBFM@ 0001e2c0     init.obj
 0001:0000d2e0       ??_C@_0BP@DONAKMKG@?$FLDokanFS?$FN?5?5?5FCB?5allocated?3?5?$CFd?6?$AA@FNODOBFM@ 0001e2e0     init.obj
 0001:0000d300       ??_C@_0CH@EHBKKOJP@?$FLDokanFS?$FN?5?5?5Delete?5Symbolic?5Name@FNODOBFM@ 0001e300     init.obj
 0001:0000d330       ??_C@_0BO@BLAMILI@GetIdentifierType?$CIDcb?$CJ?5?$DN?$DN?5DCB?$AA@FNODOBFM@ 0001e330     init.obj
 0001:0000d350       ??_C@_0BO@OGPGCJOL@d?3?2projects?2dokanx?2sys?2init?4c?$AA@FNODOBFM@ 0001e350     init.obj
 0001:0000d370       ??_C@_0M@MCBKONC@Vcb?5?$CB?$DN?5NULL?$AA@FNODOBFM@ 0001e370     create.obj
 0001:0000d380       ??_C@_0M@BIAIJING@fcb?5?$CB?$DN?5NULL?$AA@FNODOBFM@ 0001e380     create.obj
 0001:0000d390       ??_C@_0CA@POHCNICD@d?3?2projects?2dokanx?2sys?2create?4c?$AA@FNODOBFM@ 0001e390     create.obj
 0001:0000d3b0       ??_C@_0BJ@LPEKKPAK@?$FLDokanFS?$FN?5?5?5Allocate?5FCB?$AA@FNODOBFM@ 0001e3b0     create.obj
 0001:0000d3d0       ??_C@_0BJ@DKOJNHB@?$FLDokanFS?$FN?5?5?5Free?5FCB?3?$CFX?6?$AA@FNODOBFM@ 0001e3d0     create.obj
 0001:0000d3f0       ??_C@_0M@IAKLOPMG@ccb?5?$CB?$DN?5NULL?$AA@FNODOBFM@ 0001e3f0     create.obj
 0001:0000d400       ??_C@_0CC@KKNBPJH@?$FLDokanFS?$FN?5?$DM?$DN?$DN?5DokanCompleteCreat@FNODOBFM@ 0001e400     create.obj
 0001:0000d430       ??_C@_0CF@DDDPGJCJ@?$FLDokanFS?$FN?5?5?5DOKAN_FILE_DIRECTORY@FNODOBFM@ 0001e430     create.obj
 0001:0000d460       ??_C@_0CE@DADOHPOC@?$FLDokanFS?$FN?5?5?5FILE_DIRECTORY_FILE?5@FNODOBFM@ 0001e460     create.obj
 0001:0000d490       ??_C@_0BH@EAIJBCJD@?$FLDokanFS?$FN?5?5?5info?5?$DN?5?$CFd?6?$AA@FNODOBFM@ 0001e490     create.obj
 0001:0000d4b0       ??_C@_0BI@GIOIMLLA@?$FLDokanFS?$FN?5?5?5FILE_EXISTS?$AA@FNODOBFM@ 0001e4b0     create.obj
 0001:0000d4d0       ??_C@_0CA@JOOLGJHJ@?$FLDokanFS?$FN?5?5?5FILE_DOES_NOT_EXIST?$AA@FNODOBFM@ 0001e4d0     create.obj
 0001:0000d4f0       ??_C@_0BN@JPKALNKD@?$FLDokanFS?$FN?5?5?5FILE_OVERWRITTEN?$AA@FNODOBFM@ 0001e4f0     create.obj
 0001:0000d510       ??_C@_0BJ@EIEKFMNE@?$FLDokanFS?$FN?5?5?5FILE_CREATED?$AA@FNODOBFM@ 0001e510     create.obj
 0001:0000d530       ??_C@_0BI@FPCPDJAB@?$FLDokanFS?$FN?5?5?5FILE_OPENED?$AA@FNODOBFM@ 0001e530     create.obj
 0001:0000d550       ??_C@_0BK@EIDMBJFC@?$FLDokanFS?$FN?5?5?5FileName?3?$CFwZ?6?$AA@FNODOBFM@ 0001e550     create.obj
 0001:0000d570       ??_C@_0CC@LCPANHPA@?$FLDokanFS?$FN?5?$DN?$DN?$DO?5DokanCompleteCreat@FNODOBFM@ 0001e570     create.obj
 0001:0000d5a0       ??_C@_0BJ@FBPJABLA@?$FLDokanFS?$FN?5?$DM?$DN?$DN?5DokanClose?$AA@FNODOBFM@ 0001e5a0     close.obj
 0001:0000d5c0       ??_C@_0BN@NKLNCIKM@?$FLDokanFS?$FN?5?5?5?5UserContext?3?$CFX?6?$AA@FNODOBFM@ 0001e5c0     close.obj
 0001:0000d5e0       ??_C@_0CC@PABIBLDJ@?$FLDokanFS?$FN?5?5?5?5eventContext?5?$DN?$DN?5NUL@FNODOBFM@ 0001e5e0     close.obj
 0001:0000d610       ??_C@_0BK@BEIAHCPG@?$FLDokanFS?$FN?5?5?5?5Free?5CCB?3?$CFX?6?$AA@FNODOBFM@ 0001e610     close.obj
 0001:0000d630       ??_C@_0BP@CPJPAGPO@d?3?2projects?2dokanx?2sys?2close?4c?$AA@FNODOBFM@ 0001e630     close.obj
 0001:0000d650       ??_C@_0CN@ODNMEACG@?$FLDokanFS?$FN?5?5?5FileName?3?5?$CFwZ?5FCB?4Fi@FNODOBFM@ 0001e650     close.obj
 0001:0000d680       ??_C@_0BL@MFADMBAH@?$FLDokanFS?$FN?5?5?5ProcessId?5?$CFlu?6?$AA@FNODOBFM@ 0001e680     close.obj
 0001:0000d6a0       ??_C@_0BP@OMCKFIBF@?$FLDokanFS?$FN?5?5?5fileObject?5is?5NULL?$AA@FNODOBFM@ 0001e6a0     close.obj
 0001:0000d6c0       ??_C@_0BJ@FFMILGJG@?$FLDokanFS?$FN?5?$DN?$DN?$DO?5DokanClose?$AA@FNODOBFM@ 0001e6c0     close.obj
 0001:0000d6e0       ??_C@_0CE@DIPNNHJI@?$FLDokanFS?$FN?5?$DM?$DN?$DN?5DokanIrpCancelRout@FNODOBFM@ 0001e6e0     event.obj
 0001:0000d710       ??_C@_0BP@JGGBIIEC@?$FLDokanFS?$FN?5?5?5?5canceled?5IRP?5?$CD?$CFX?6?$AA@FNODOBFM@ 0001e710     event.obj
 0001:0000d730       ??_C@_0O@KCFBMMAN@irpSp?5?$CB?$DN?5NULL?$AA@FNODOBFM@ 0001e730     event.obj
 0001:0000d740       ??_C@_0CF@LCLMJH@KeGetCurrentIrql?$CI?$CJ?5?$DM?$DN?5DISPATCH_L@FNODOBFM@ 0001e740     event.obj
 0001:0000d770       ??_C@_0BP@PLBAIMFG@d?3?2projects?2dokanx?2sys?2event?4c?$AA@FNODOBFM@ 0001e770     event.obj
 0001:0000d790       ??_C@_0CE@IHPONICH@?$FLDokanFS?$FN?5?$DN?$DN?$DO?5DokanIrpCancelRout@FNODOBFM@ 0001e790     event.obj
 0001:0000d7c0       ??_C@_0CF@IEGPKJJP@?$FLDokanFS?$FN?5?5?5can?8t?5allocate?5IRP_E@FNODOBFM@ 0001e7c0     event.obj
 0001:0000d7f0       ??_C@_0CB@OLNKBCE@?$FLDokanFS?$FN?5?5device?5is?5not?5mounted@FNODOBFM@ 0001e7f0     event.obj
 0001:0000d820       ??_C@_0CM@ILOBDP@?$FLDokanFS?$FN?5DokanRegisterPendingIr@FNODOBFM@ 0001e820     event.obj
 0001:0000d850       ??_C@_0BK@PEFAPKGP@?$FLDokanFS?$FN?5Unknown?5IRP?5?$CFd?6?$AA@FNODOBFM@ 0001e850     event.obj
 0001:0000d870       ??_C@_0CL@LOBOLDGE@irpEntry?9?$DOCancelRoutineFreeMemor@FNODOBFM@ 0001e870     event.obj
 0001:0000d8a0       ??_C@_0BC@GDFMLKCO@eventInfo?5?$CB?$DN?5NULL?$AA@FNODOBFM@ 0001e8a0     event.obj
 0001:0000d8c0       ??_C@_0BO@MDDKAFLL@?$FLDokanFS?$FN?5?$DM?$DN?$DN?5DokanEventStart?$AA@FNODOBFM@ 0001e8c0     event.obj
 0001:0000d8e0       ??_C@_0BK@HAIBBAEC@?$FLDokanFS?$FN?5?5?5KEEP_ALIVE_ON?$AA@FNODOBFM@ 0001e8e0     event.obj
 0001:0000d900       ??_C@_0BK@FNDPECFL@?$FLDokanFS?$FN?5?5?5ALT_STREAM_ON?$AA@FNODOBFM@ 0001e900     event.obj
 0001:0000d920       ??_C@_0BM@CJOMOLCC@?$FLDokanFS?$FN?5?5?5DeviceName?3?$CFws?6?$AA@FNODOBFM@ 0001e920     event.obj
 0001:0000d940       ??_C@_0BI@EMCBCKNG@?$FLDokanFS?$FN?5?5?5MountId?3?$CFd?6?$AA@FNODOBFM@ 0001e940     event.obj
 0001:0000d960       ??_C@_0DK@HBINCLDF@?$FLDokanFS?$FN?5?5?5DeviceCharacteristic@FNODOBFM@ 0001e960     event.obj
 0001:0000d9a0       ??_C@_0CF@JGCJOHHF@?$FLDokanFS?$FN?5?5?5Unknown?5device?5type?3@FNODOBFM@ 0001e9a0     event.obj
 0001:0000d9d0       ??_C@_0BO@EMNLODJP@?$FLDokanFS?$FN?5?$DN?$DN?$DO?5DokanEventStart?$AA@FNODOBFM@ 0001e9d0     event.obj
 0001:0000d9f0       ??_C@_0P@FBHHDKCM@buffer?5?$CB?$DN?5NULL?$AA@FNODOBFM@ 0001e9f0     event.obj
 0001:0000da00       ??_C@_0DF@NFKCEPPA@?$FLDokanFS?$FN?5?5?5EventWrite?3?5STATUS_I@FNODOBFM@ 0001ea00     event.obj
 0001:0000da40       ??_C@_0BF@MHJMPOCN@eventContext?5?$CB?$DN?5NULL?$AA@FNODOBFM@ 0001ea40     event.obj
 0001:0000da60       ??_C@_0BD@OEDMEEFH@eventIrpSp?5?$CB?$DN?5NULL?$AA@FNODOBFM@ 0001ea60     event.obj
 0001:0000da80       ??_C@_0BD@PCHHAGOO@writeIrpSp?5?$CB?$DN?5NULL?$AA@FNODOBFM@ 0001ea80     event.obj
 0001:0000daa0       ??_C@_0CP@NPCDIIHM@?$FLDokanFS?$FN?5?$DN?$DN?$DO?5DokanEventWrite?5?$FLE@FNODOBFM@ 0001eaa0     event.obj
 0001:0000dad0       ??_C@_0CE@CKMLJOOF@?$FLDokanFS?$FN?5?$DM?$DN?$DN?5DokanDirectoryCont@FNODOBFM@ 0001ead0     directory.obj
 0001:0000db00       ??_C@_0CD@LALCKEHB@?$FLDokanFS?$FN?5?5?5invalid?5minor?5functi@FNODOBFM@ 0001eb00     directory.obj
 0001:0000db30       ??_C@_0CG@PPIIABAH@?$FLDokanFS?$FN?5?5failed?5?5fileObject?5is@FNODOBFM@ 0001eb30     directory.obj
 0001:0000db60       ??_C@_0CE@JFMIJBFK@?$FLDokanFS?$FN?5?$DN?$DN?$DO?5DokanDirectoryCont@FNODOBFM@ 0001eb60     directory.obj
 0001:0000db90       ??_C@_0CG@LLPGOOHH@?$FLDokanFS?$FN?5?5?5?5?5ccb?9?$DOSearchPattern@FNODOBFM@ 0001eb90     directory.obj
 0001:0000dbc0       ??_C@_0BP@LMGFKPFL@?$FLDokanFS?$FN?5?5?5?5?5ccb?9?$DOContext?5?$CFd?6?$AA@FNODOBFM@ 0001ebc0     directory.obj
 0001:0000dbe0       ??_C@_0BO@CIBCKMAJ@?$FLDokanFS?$FN?5?5?5?5?5SL_RESTART_SCAN?$AA@FNODOBFM@ 0001ebe0     directory.obj
 0001:0000dc00       ??_C@_0CC@CIINPOKC@?$FLDokanFS?$FN?5?5?5?5?5using?5FileIndex?5?$CFd@FNODOBFM@ 0001ec00     directory.obj
 0001:0000dc30       ??_C@_0BM@CAKODKOH@?$FLDokanFS?$FN?5?5?5?5?5initial?5query?$AA@FNODOBFM@ 0001ec30     directory.obj
 0001:0000dc50       ??_C@_0CG@CGNMJPDL@?$FLDokanFS?$FN?5?5?5unknown?5FileInfoClas@FNODOBFM@ 0001ec50     directory.obj
 0001:0000dc80       ??_C@_0CL@IGJIPLGL@?$FLDokanFS?$FN?5?5?5FileIdBothDirectoryI@FNODOBFM@ 0001ec80     directory.obj
 0001:0000dcb0       ??_C@_0CJ@MCNDJONE@?$FLDokanFS?$FN?5?5?5FileBothDirectoryInf@FNODOBFM@ 0001ecb0     directory.obj
 0001:0000dce0       ??_C@_0CB@DJBHDLME@?$FLDokanFS?$FN?5?5?5FileNamesInformation@FNODOBFM@ 0001ece0     directory.obj
 0001:0000dd10       ??_C@_0CJ@BAFJANMJ@?$FLDokanFS?$FN?5?5?5FileFullDirectoryInf@FNODOBFM@ 0001ed10     directory.obj
 0001:0000dd40       ??_C@_0CF@DPCCAKHB@?$FLDokanFS?$FN?5?5?5FileDirectoryInforma@FNODOBFM@ 0001ed40     directory.obj
 0001:0000dd70       ??_C@_0BJ@CEAJLOHJ@?$FLDokanFS?$FN?5?5?5pattern?3?$CFwZ?6?$AA@FNODOBFM@ 0001ed70     directory.obj
 0001:0000dd90       ??_C@_0BJ@BDOAMIMO@?$FLDokanFS?$FN?5?5?5restart?5scan?$AA@FNODOBFM@ 0001ed90     directory.obj
 0001:0000ddb0       ??_C@_0CA@EDPNLMOP@?$FLDokanFS?$FN?5?5?5return?5single?5entry?$AA@FNODOBFM@ 0001edb0     directory.obj
 0001:0000ddd0       ??_C@_0CA@HAKFNENA@?$FLDokanFS?$FN?5?5?5index?5specified?5?$CFd?6?$AA@FNODOBFM@ 0001edd0     directory.obj
 0001:0000ddf0       ??_C@_0CD@OIFHLCPG@d?3?2projects?2dokanx?2sys?2directory@FNODOBFM@ 0001edf0     directory.obj
 0001:0000de20       ??_C@_0CB@HGHNFOGM@?$FLDokanFS?$FN?5?7NotifyChangeDirectory@FNODOBFM@ 0001ee20     directory.obj
 0001:0000de50       ??_C@_0CM@DHLJHEH@?$FLDokanFS?$FN?5?$DM?$DN?$DN?5DokanCompleteDirec@FNODOBFM@ 0001ee50     directory.obj
 0001:0000de80       ??_C@_0CL@ELMFLBPN@?$FLDokanFS?$FN?5?5?5?5?5eventInfo?9?$DOStatus?5@FNODOBFM@ 0001ee80     directory.obj
 0001:0000deb0       ??_C@_0CP@JDMMEFDG@?$FLDokanFS?$FN?5?5?5?5?5eventInfo?9?$DOBufferL@FNODOBFM@ 0001eeb0     directory.obj
 0001:0000dee0       ??_C@_0CP@GLAGLLC@?$FLDokanFS?$FN?5?5?5?5?5eventInfo?9?$DODirecto@FNODOBFM@ 0001eee0     directory.obj
 0001:0000df10       ??_C@_0CM@OOOGMOMO@?$FLDokanFS?$FN?5?$DN?$DN?$DO?5DokanCompleteDirec@FNODOBFM@ 0001ef10     directory.obj
 0001:0000df40       ??_C@_0CE@PKGCHAAH@?$FLDokanFS?$FN?5?$DM?$DN?$DN?5DokanQueryInformat@FNODOBFM@ 0001ef40     fileinfo.obj
 0001:0000df70       ??_C@_0BN@FDONLKBH@?$FLDokanFS?$FN?5?5?5unknown?5type?3?$CFd?6?$AA@FNODOBFM@ 0001ef70     fileinfo.obj
 0001:0000df90       ??_C@_0CC@DPGGNAGC@?$FLDokanFS?$FN?5?5?5FileStreamInformatio@FNODOBFM@ 0001ef90     fileinfo.obj
 0001:0000dfc0       ??_C@_0BA@GIAFHMFK@posInfo?5?$CB?$DN?5NULL?$AA@FNODOBFM@ 0001efc0     fileinfo.obj
 0001:0000dfd0       ??_C@_0CE@OLEBMJLF@?$FLDokanFS?$FN?5?5?5FilePositionInformat@FNODOBFM@ 0001efd0     fileinfo.obj
 0001:0000e000       ??_C@_0CH@IDKOLKNN@?$FLDokanFS?$FN?5?5?5FileNetworkOpenInfor@FNODOBFM@ 0001f000     fileinfo.obj
 0001:0000e030       ??_C@_0BB@BCJAAGO@nameInfo?5?$CB?$DN?5NULL?$AA@FNODOBFM@ 0001f030     fileinfo.obj
 0001:0000e050       ??_C@_0CA@EGEACKMH@?$FLDokanFS?$FN?5?5?5FileNameInformation?$AA@FNODOBFM@ 0001f050     fileinfo.obj
 0001:0000e070       ??_C@_0CH@DDBLIMJB@?$FLDokanFS?$FN?5?5?5FileCompressionInfor@FNODOBFM@ 0001f070     fileinfo.obj
 0001:0000e0a0       ??_C@_0CI@NHBIHKIC@?$FLDokanFS?$FN?5?5?5FileAttributeTagInfo@FNODOBFM@ 0001f0a0     fileinfo.obj
 0001:0000e0d0       ??_C@_0CJ@LGCNFEFN@?$FLDokanFS?$FN?5?5?5FileAlternateNameInf@FNODOBFM@ 0001f0d0     fileinfo.obj
 0001:0000e100       ??_C@_0BP@KGJNLANE@?$FLDokanFS?$FN?5?5?5FileAllInformation?$AA@FNODOBFM@ 0001f100     fileinfo.obj
 0001:0000e120       ??_C@_0CE@DEABLHIB@?$FLDokanFS?$FN?5?5?5FileStandardInformat@FNODOBFM@ 0001f120     fileinfo.obj
 0001:0000e150       ??_C@_0BO@FDCDACGJ@?$FLDokanFS?$FN?5?5?5FileEaInformation?$AA@FNODOBFM@ 0001f150     fileinfo.obj
 0001:0000e170       ??_C@_0CE@DDLIOLDM@?$FLDokanFS?$FN?5?5?5FileInternalInformat@FNODOBFM@ 0001f170     fileinfo.obj
 0001:0000e1a0       ??_C@_0CB@JLOMODFI@?$FLDokanFS?$FN?5?5?5FileBasicInformation@FNODOBFM@ 0001f1a0     fileinfo.obj
 0001:0000e1d0       ??_C@_0CC@ICMJEPHK@d?3?2projects?2dokanx?2sys?2fileinfo?4@FNODOBFM@ 0001f1d0     fileinfo.obj
 0001:0000e200       ??_C@_0CH@COFFKOLG@?$FLDokanFS?$FN?5?5?5Failed?4?5fileObject?5?$DN@FNODOBFM@ 0001f200     fileinfo.obj
 0001:0000e230       ??_C@_0BO@PPCKJEGO@?$FLDokanFS?$FN?5?5?5FileInfoClass?5?$CFd?6?$AA@FNODOBFM@ 0001f230     fileinfo.obj
 0001:0000e250       ??_C@_0CE@EFGBHPLI@?$FLDokanFS?$FN?5?$DN?$DN?$DO?5DokanQueryInformat@FNODOBFM@ 0001f250     fileinfo.obj
 0001:0000e280       ??_C@_0CM@NDNCHJKF@?$FLDokanFS?$FN?5?$DM?$DN?$DN?5DokanCompleteQuery@FNODOBFM@ 0001f280     fileinfo.obj
 0001:0000e2b0       ??_C@_0CM@DOEPCACM@?$FLDokanFS?$FN?5?$DN?$DN?$DO?5DokanCompleteQuery@FNODOBFM@ 0001f2b0     fileinfo.obj
 0001:0000e2e0       ??_C@_0CC@LMCJCNML@?$FLDokanFS?$FN?5?$DM?$DN?$DN?5DokanSetInformatio@FNODOBFM@ 0001f2e0     fileinfo.obj
 0001:0000e310       ??_C@_0CJ@CDKFMLFK@?$FLDokanFS?$FN?5?5?5renameContext?9?$DOFileN@FNODOBFM@ 0001f310     fileinfo.obj
 0001:0000e340       ??_C@_0CO@DFPPEDBM@?$FLDokanFS?$FN?5?5?5renameContext?9?$DOFileN@FNODOBFM@ 0001f340     fileinfo.obj
 0001:0000e370       ??_C@_0CG@IKPJHEFJ@?$FLDokanFS?$FN?5?5?5FileObject?5Specified@FNODOBFM@ 0001f370     fileinfo.obj
 0001:0000e3a0       ??_C@_0CL@JMKJGLLG@?$FLDokanFS?$FN?5?5?5FileValidDataLengthI@FNODOBFM@ 0001f3a0     fileinfo.obj
 0001:0000e3d0       ??_C@_0CC@PLEMPOMI@?$FLDokanFS?$FN?5?5?5FileRenameInformatio@FNODOBFM@ 0001f3d0     fileinfo.obj
 0001:0000e400       ??_C@_0CK@CIMCPMON@?$FLDokanFS?$FN?5?5?5FilePositionInformat@FNODOBFM@ 0001f400     fileinfo.obj
 0001:0000e430       ??_C@_0CA@IIOOOKEI@?$FLDokanFS?$FN?5?5?5FileLinkInformation?$AA@FNODOBFM@ 0001f430     fileinfo.obj
 0001:0000e450       ??_C@_0CL@LHOBEGIN@?$FLDokanFS?$FN?5?5?5FileEndOfFileInforma@FNODOBFM@ 0001f450     fileinfo.obj
 0001:0000e480       ??_C@_0CH@HDEKKFBK@?$FLDokanFS?$FN?5?5?5FileDispositionInfor@FNODOBFM@ 0001f480     fileinfo.obj
 0001:0000e4b0       ??_C@_0CM@JJJNELEH@?$FLDokanFS?$FN?5?5?5FileAllocationInform@FNODOBFM@ 0001f4b0     fileinfo.obj
 0001:0000e4e0       ??_C@_0BP@CJHCKLAN@?$FLDokanFS?$FN?5?5?5fileObject?5?$DN?$DN?5NULL?$AA@FNODOBFM@ 0001f4e0     fileinfo.obj
 0001:0000e500       ??_C@_0CD@CEBKNNAP@?$FLDokanFS?$FN?5?$DN?$DN?$DO?5DokanSetInformatio@FNODOBFM@ 0001f500     fileinfo.obj
 0001:0000e530       ??_C@_0CK@HKNBKKFI@?$FLDokanFS?$FN?5?$DM?$DN?$DN?5DokanCompleteSetIn@FNODOBFM@ 0001f530     fileinfo.obj
 0001:0000e560       ??_C@_0BN@GBBABMCG@fcb?9?$DOFileName?4Buffer?5?$CB?$DN?5NULL?$AA@FNODOBFM@ 0001f560     fileinfo.obj
 0001:0000e580       ??_C@_0CP@BEOBINBP@?$FLDokanFS?$FN?5?5?5?5FileObject?9?$DODeleteP@FNODOBFM@ 0001f580     fileinfo.obj
 0001:0000e5b0       ??_C@_0CO@LBIEPELI@?$FLDokanFS?$FN?5?5?5?5FileObject?9?$DODeleteP@FNODOBFM@ 0001f5b0     fileinfo.obj
 0001:0000e5e0       ??_C@_0CM@OABAEFBD@?$FLDokanFS?$FN?5?5?5Cannot?5delete?5user?5m@FNODOBFM@ 0001f5e0     fileinfo.obj
 0001:0000e610       ??_C@_0CK@MPKKIKOK@?$FLDokanFS?$FN?5?$DN?$DN?$DO?5DokanCompleteSetIn@FNODOBFM@ 0001f610     fileinfo.obj
 0001:0000e640       ??_C@_0BI@DFEMEHMC@?$FLDokanFS?$FN?5?$DM?$DN?$DN?5DokanRead?$AA@FNODOBFM@ 0001f640     read.obj
 0001:0000e660       ??_C@_0BL@KNJEHFGP@?$FLDokanFS?$FN?5?5?5STATUS_PENDING?$AA@FNODOBFM@ 0001f660     read.obj
 0001:0000e680       ??_C@_0BE@KEGAFLKM@?$FLDokanFS?$FN?5?5?5Nocache?$AA@FNODOBFM@ 0001f680     read.obj
 0001:0000e6a0       ??_C@_0BL@EDGLACOB@?$FLDokanFS?$FN?5?5?5Synchronous?5IO?$AA@FNODOBFM@ 0001f6a0     read.obj
 0001:0000e6c0       ??_C@_0BG@CCKFDMCI@?$FLDokanFS?$FN?5?5?5Paging?5IO?$AA@FNODOBFM@ 0001f6c0     read.obj
 0001:0000e6e0       ??_C@_0CG@CBBCHEOD@?$FLDokanFS?$FN?5?5?5?5DOKAN_FILE_DIRECTOR@FNODOBFM@ 0001f6e0     read.obj
 0001:0000e710       ??_C@_0BO@IJIBANEC@d?3?2projects?2dokanx?2sys?2read?4c?$AA@FNODOBFM@ 0001f710     read.obj
 0001:0000e730       ??_C@_0CI@DIJJKPOA@?$FLDokanFS?$FN?5?5?5ByteCount?3?$CFd?5ByteOff@FNODOBFM@ 0001f730     read.obj
 0001:0000e760       ??_C@_0CE@ENIAFNJP@?$FLDokanFS?$FN?5use?5FileObject?5ByteOff@FNODOBFM@ 0001f760     read.obj
 0001:0000e790       ??_C@_0BI@NPNNHEEE@?$FLDokanFS?$FN?5?$DN?$DN?$DO?5DokanRead?$AA@FNODOBFM@ 0001f790     read.obj
 0001:0000e7b0       ??_C@_0CA@GLGAPAKH@?$FLDokanFS?$FN?5?$DM?$DN?$DN?5DokanCompleteRead?$AA@FNODOBFM@ 0001f7b0     read.obj
 0001:0000e7d0       ??_C@_0BL@EOLEGKAI@?$FLDokanFS?$FN?5?5?5status?5?$DN?50x?$CFX?6?$AA@FNODOBFM@ 0001f7d0     read.obj
 0001:0000e7f0       ??_C@_0BP@NNDMDOME@?$FLDokanFS?$FN?5?5?5STATUS_END_OF_FILE?$AA@FNODOBFM@ 0001f7f0     read.obj
 0001:0000e810       ??_C@_0CK@POIHFPIJ@?$FLDokanFS?$FN?5?5?5STATUS_INSUFFICIENT_@FNODOBFM@ 0001f810     read.obj
 0001:0000e840       ??_C@_0BL@DKPNHJEC@?$FLDokanFS?$FN?5?5?5STATUS_SUCCESS?$AA@FNODOBFM@ 0001f840     read.obj
 0001:0000e860       ??_C@_0CN@NHPENONM@?$FLDokanFS?$FN?5?5?5Updated?5CurrentByteO@FNODOBFM@ 0001f860     read.obj
 0001:0000e890       ??_C@_0CO@KKFECHPL@?$FLDokanFS?$FN?5?5?5bufferLen?5?$CFd?0?5Event?4@FNODOBFM@ 0001f890     read.obj
 0001:0000e8c0       ??_C@_0CF@LCHPPPPE@?$FLDokanFS?$FN?5?$DN?$DN?$DO?5DokanCompleteRead?5@FNODOBFM@ 0001f8c0     read.obj
 0001:0000e8f0       ??_C@_0BD@GPOKNFMJ@fileObject?5?$CB?$DN?5NULL?$AA@FNODOBFM@ 0001f8f0     read.obj
 0001:0000e910       ??_C@_0BJ@DGEKCBIH@?$FLDokanFS?$FN?5?$DM?$DN?$DN?5DokanWrite?$AA@FNODOBFM@ 0001f910     write.obj
 0001:0000e930       ??_C@_0DA@HLGMIEEJ@?$FLDokanFS?$FN?5?5?5?5Offset?5?$CFd?3?$CFd?0?5Lengt@FNODOBFM@ 0001f930     write.obj
 0001:0000e960       ??_C@_0CG@NBMKALOI@?$FLDokanFS?$FN?5?5?5?5Offset?5?$CFd?3?$CFd?0?5Lengt@FNODOBFM@ 0001f960     write.obj
 0001:0000e990       ??_C@_0CG@JMOHNKMI@?$FLDokanFS?$FN?5?5?5WriteOffset?5?$DN?5end?5of@FNODOBFM@ 0001f990     write.obj
 0001:0000e9c0       ??_C@_0BL@PMLOEBH@?$FLDokanFS?$FN?5?5?5buffer?5?$DN?$DN?5NULL?$AA@FNODOBFM@ 0001f9c0     write.obj
 0001:0000e9e0       ??_C@_0BL@MKPLJLBP@?$FLDokanFS?$FN?5?5?5use?5UserBuffer?$AA@FNODOBFM@ 0001f9e0     write.obj
 0001:0000ea00       ??_C@_0BL@FONPGLHC@?$FLDokanFS?$FN?5?5?5use?5MdlAddress?$AA@FNODOBFM@ 0001fa00     write.obj
 0001:0000ea20       ??_C@_0BP@IEPGOBLB@d?3?2projects?2dokanx?2sys?2write?4c?$AA@FNODOBFM@ 0001fa20     write.obj
 0001:0000ea40       ??_C@_0BJ@DCHLJGKB@?$FLDokanFS?$FN?5?$DN?$DN?$DO?5DokanWrite?$AA@FNODOBFM@ 0001fa40     write.obj
 0001:0000ea60       ??_C@_0CB@LMMJIOH@?$FLDokanFS?$FN?5?$DM?$DN?$DN?5DokanCompleteWrite@FNODOBFM@ 0001fa60     write.obj
 0001:0000ea90       ??_C@_0CG@JACAKAF@?$FLDokanFS?$FN?5?$DN?$DN?$DO?5DokanCompleteWrite@FNODOBFM@ 0001fa90     write.obj
 0001:0000eac0       ??_C@_0CK@HMBBKCIA@?$FLDokanFS?$FN?5?$DM?$DN?$DN?5DokanQueryVolumeIn@FNODOBFM@ 0001fac0     volume.obj
 0001:0000eaf0       ??_C@_0CF@OFIHCKHM@?$FLDokanFS?$FN?5?5?5FileFsMaximumInforma@FNODOBFM@ 0001faf0     volume.obj
 0001:0000eb20       ??_C@_0CG@DGDFEDCN@?$FLDokanFS?$FN?5?5?5FileFsObjectIdInform@FNODOBFM@ 0001fb20     volume.obj
 0001:0000eb50       ??_C@_0CG@LLGKDGIK@?$FLDokanFS?$FN?5?5?5FileFsFullSizeInform@FNODOBFM@ 0001fb50     volume.obj
 0001:0000eb80       ??_C@_0CF@EOCGBPHB@?$FLDokanFS?$FN?5?5?5FileFsControlInforma@FNODOBFM@ 0001fb80     volume.obj
 0001:0000ebb0       ??_C@_0CH@PKLIMBBG@?$FLDokanFS?$FN?5?5?5FileFsAttributeInfor@FNODOBFM@ 0001fbb0     volume.obj
 0001:0000ebe0       ??_C@_0CE@DBGAFJNI@?$FLDokanFS?$FN?5?5?5FileFsDeviceInformat@FNODOBFM@ 0001fbe0     volume.obj
 0001:0000ec10       ??_C@_0CC@FKIGAGDC@?$FLDokanFS?$FN?5?5?5FileFsSizeInformatio@FNODOBFM@ 0001fc10     volume.obj
 0001:0000ec40       ??_C@_0CD@EOIAOOLL@?$FLDokanFS?$FN?5?5?5FileFsLabelInformati@FNODOBFM@ 0001fc40     volume.obj
 0001:0000ec70       ??_C@_0CE@PAKDFGID@?$FLDokanFS?$FN?5?5?5FileFsVolumeInformat@FNODOBFM@ 0001fc70     volume.obj
 0001:0000eca0       ??_C@_0BL@FDDILAAA@?$FLDokanFS?$FN?5?5?5FileName?3?5?$CFwZ?6?$AA@FNODOBFM@ 0001fca0     volume.obj
 0001:0000ecc0       ??_C@_0CK@MJGKICDC@?$FLDokanFS?$FN?5?$DN?$DN?$DO?5DokanQueryVolumeIn@FNODOBFM@ 0001fcc0     volume.obj
 0001:0000ecf0       ??_C@_0DC@PDLEDOB@?$FLDokanFS?$FN?5?$DM?$DN?$DN?5DokanCompleteQuery@FNODOBFM@ 0001fcf0     volume.obj
 0001:0000ed30       ??_C@_0CA@JPLEALEK@d?3?2projects?2dokanx?2sys?2volume?4c?$AA@FNODOBFM@ 0001fd30     volume.obj
 0001:0000ed50       ??_C@_0DC@ONJHNBMB@?$FLDokanFS?$FN?5?$DN?$DN?$DO?5DokanCompleteQuery@FNODOBFM@ 0001fd50     volume.obj
 0001:0000ed90       ??_C@_0CI@OCLKFJHL@?$FLDokanFS?$FN?5?$DM?$DN?$DN?5DokanSetVolumeInfo@FNODOBFM@ 0001fd90     volume.obj
 0001:0000edc0       ??_C@_0CI@NMAELNFE@?$FLDokanFS?$FN?5?$DN?$DN?$DO?5DokanSetVolumeInfo@FNODOBFM@ 0001fdc0     volume.obj
 0001:0000edf0       ??_C@_0BL@ICHNHMBP@?$FLDokanFS?$FN?5?$DM?$DN?$DN?5DokanCleanup?$AA@FNODOBFM@ 0001fdf0     cleanup.obj
 0001:0000ee10       ??_C@_0CB@BJHGHCFA@d?3?2projects?2dokanx?2sys?2cleanup?4c@FNODOBFM@ 0001fe10     cleanup.obj
 0001:0000ee40       ??_C@_0BL@BEKGNNCF@?$FLDokanFS?$FN?5?$DN?$DN?$DO?5DokanCleanup?$AA@FNODOBFM@ 0001fe40     cleanup.obj
 0001:0000ee60       ??_C@_0CD@FFDNCBBG@?$FLDokanFS?$FN?5?$DM?$DN?$DN?5DokanCompleteClean@FNODOBFM@ 0001fe60     cleanup.obj
 0001:0000ee90       ??_C@_0CD@IGFDIICF@?$FLDokanFS?$FN?5?$DN?$DN?$DO?5DokanCompleteClean@FNODOBFM@ 0001fe90     cleanup.obj
 0001:0000eec0       ??_C@_0BI@BDNEGOE@?$FLDokanFS?$FN?5?$DM?$DN?$DN?5DokanLock?$AA@FNODOBFM@ 0001fec0     lock.obj
 0001:0000eee0       ??_C@_0CG@IMMGAJEP@?$FLDokanFS?$FN?5?5?5LockControl?4Length?5?$DN@FNODOBFM@ 0001fee0     lock.obj
 0001:0000ef10       ??_C@_0BN@HCKGNDJC@?$FLDokanFS?$FN?5?5?5?5get?5Context?5?$CFX?6?$AA@FNODOBFM@ 0001ff10     lock.obj
 0001:0000ef30       ??_C@_0BO@DNFIIKIB@d?3?2projects?2dokanx?2sys?2lock?4c?$AA@FNODOBFM@ 0001ff30     lock.obj
 0001:0000ef50       ??_C@_0CD@DGIKJIJB@?$FLDokanFS?$FN?5?5?5unknown?5function?5?3?5?$CF@FNODOBFM@ 0001ff50     lock.obj
 0001:0000ef80       ??_C@_0CB@HDMHFJBB@?$FLDokanFS?$FN?5?5?5IRP_MN_UNLOCK_SINGLE@FNODOBFM@ 0001ff80     lock.obj
 0001:0000efb0       ??_C@_0CF@JIDBGHDB@?$FLDokanFS?$FN?5?5?5IRP_MN_UNLOCK_ALL_BY@FNODOBFM@ 0001ffb0     lock.obj
 0001:0000efe0       ??_C@_0BO@BFCKKPOA@?$FLDokanFS?$FN?5?5?5IRP_MN_UNLOCK_ALL?$AA@FNODOBFM@ 0001ffe0     lock.obj
 0001:0000f000       ??_C@_0BI@PLBGKGCI@?$FLDokanFS?$FN?5?5?5IRP_MN_LOCK?$AA@FNODOBFM@ 00020000     lock.obj
 0001:0000f020       ??_C@_0BI@OLKMHFGC@?$FLDokanFS?$FN?5?$DN?$DN?$DO?5DokanLock?$AA@FNODOBFM@ 00020020     lock.obj
 0001:0000f040       ??_C@_0CA@FPBBPBIB@?$FLDokanFS?$FN?5?$DM?$DN?$DN?5DokanCompleteLock?$AA@FNODOBFM@ 00020040     lock.obj
 0001:0000f060       ??_C@_0CA@OHJANIIL@?$FLDokanFS?$FN?5?$DN?$DN?$DO?5DokanCompleteLock?$AA@FNODOBFM@ 00020060     lock.obj
 0001:0000f080       ??_C@_0CL@BGKBOCAH@?$FLDokanFS?$FN?5?5?5Send?5Unmount?5to?5Serv@FNODOBFM@ 00020080     timeout.obj
 0001:0000f0b0       ??_C@_0CF@JKBLJCIO@?$FLDokanFS?$FN?5?5?5Timeout?0?5force?5to?5um@FNODOBFM@ 000200b0     timeout.obj
 0001:0000f0e0       ??_C@_0CH@KHLPJMCF@?$FLDokanFS?$FN?5?$DM?$DN?$DN?5ReleaseTimeoutPend@FNODOBFM@ 000200e0     timeout.obj
 0001:0000f110       ??_C@_0BM@OJAPGOFJ@?$FLDokanFS?$FN?5?5timeout?5Irp?5?$CD?$CFX?6?$AA@FNODOBFM@ 00020110     timeout.obj
 0001:0000f130       ??_C@_0BO@JJNAKIOK@?$FLDokanFS?$FN?5?5?5IrpQueue?5is?5Empty?$AA@FNODOBFM@ 00020130     timeout.obj
 0001:0000f150       ??_C@_0CB@PFAHNGNK@d?3?2projects?2dokanx?2sys?2timeout?4c@FNODOBFM@ 00020150     timeout.obj
 0001:0000f180       ??_C@_0CH@HHCMGIMC@?$FLDokanFS?$FN?5?$DN?$DN?$DO?5ReleaseTimeoutPend@FNODOBFM@ 00020180     timeout.obj
 0001:0000f1b0       ??_C@_0CF@KAGJCJNL@?$FLDokanFS?$FN?5?$DM?$DN?$DN?5ResetPendingIrpTim@FNODOBFM@ 000201b0     timeout.obj
 0001:0000f1e0       ??_C@_0CF@PLAIIEMJ@?$FLDokanFS?$FN?5?$DN?$DN?$DO?5ResetPendingIrpTim@FNODOBFM@ 000201e0     timeout.obj
 0001:0000f210       ??_C@_0CB@ICBILEJB@?$FLDokanFS?$FN?5?$DM?$DN?$DN?5DokanTimeoutThread@FNODOBFM@ 00020210     timeout.obj
 0001:0000f240       ??_C@_0DB@DCBHLLNH@?$FLDokanFS?$FN?5?5?5DokanTimeoutThread?5c@FNODOBFM@ 00020240     timeout.obj
 0001:0000f280       ??_C@_0CB@GCHFNMKG@?$FLDokanFS?$FN?5?$DN?$DN?$DO?5DokanTimeoutThread@FNODOBFM@ 00020280     timeout.obj
 0001:0000f2b0       ??_C@_0CE@OAAAKKI@?$FLDokanFS?$FN?5?$DM?$DN?$DN?5DokanStartCheckThr@FNODOBFM@ 000202b0     timeout.obj
 0001:0000f2e0       ??_C@_0CE@LBADAFBH@?$FLDokanFS?$FN?5?$DN?$DN?$DO?5DokanStartCheckThr@FNODOBFM@ 000202e0     timeout.obj
 0001:0000f310       ??_C@_0CD@BKOEEPOE@?$FLDokanFS?$FN?5?$DM?$DN?$DN?5DokanStopCheckThre@FNODOBFM@ 00020310     timeout.obj
 0001:0000f340       ??_C@_0CD@MJIKOGNH@?$FLDokanFS?$FN?5?$DN?$DN?$DO?5DokanStopCheckThre@FNODOBFM@ 00020340     timeout.obj
 0001:0000f370       ??_C@_0BJ@ILDOFJLF@?$FLDokanFS?$FN?5?$DM?$DN?$DN?5DokanFlush?$AA@FNODOBFM@ 00020370     flush.obj
 0001:0000f390       ??_C@_0BP@DHFIPBLK@d?3?2projects?2dokanx?2sys?2flush?4c?$AA@FNODOBFM@ 00020390     flush.obj
 0001:0000f3b0       ??_C@_0BJ@IPAPOOJD@?$FLDokanFS?$FN?5?$DN?$DN?$DO?5DokanFlush?$AA@FNODOBFM@ 000203b0     flush.obj
 0001:0000f3d0       ??_C@_0CB@LGLIOANF@?$FLDokanFS?$FN?5?$DM?$DN?$DN?5DokanCompleteFlush@FNODOBFM@ 000203d0     flush.obj
 0001:0000f400       ??_C@_0BN@EALAKBIL@?$FLDokanFS?$FN?5?5?5?5set?5Context?5?$CFX?6?$AA@FNODOBFM@ 00020400     flush.obj
 0001:0000f420       ??_C@_0CB@FGNFIIOC@?$FLDokanFS?$FN?5?$DN?$DN?$DO?5DokanCompleteFlush@FNODOBFM@ 00020420     flush.obj
 0001:0000f450       ??_C@_0DH@CIEKOOON@?$FLDokanFS?$FN?5?5?5?5BaseCode?3?50x?$CFx?$CI?$CFs?$CJ?5@FNODOBFM@ 00020450     device.obj
 0001:0000f490       ??_C@_0BE@JMODBCOE@MOUNTMGRCONTROLTYPE?$AA@FNODOBFM@ 00020490     device.obj
 0001:0000f4b0       ??_C@_0BE@MLEGKLLA@MOUNTDEVCONTROLTYPE?$AA@FNODOBFM@ 000204b0     device.obj
 0001:0000f4d0       ??_C@_0BC@JGOCJABF@IOCTL_VOLUME_BASE?$AA@FNODOBFM@ 000204d0     device.obj
 0001:0000f4f0       ??_C@_0BA@DDIEMKOK@IOCTL_DISK_BASE?$AA@FNODOBFM@ 000204f0     device.obj
 0001:0000f500       ??_C@_0BD@IGDCCGAI@IOCTL_STORAGE_BASE?$AA@FNODOBFM@ 00020500     device.obj
 0001:0000f520       ??_C@_0CA@MLJBHEGK@?$FLDokanFS?$FN?5?5?5?5Unknown?5Code?50x?$CFx?6?$AA@FNODOBFM@ 00020520     device.obj
 0001:0000f540       ??_C@_07CIFAGBMG@unknown?$AA@FNODOBFM@ 00020540     device.obj
 0001:0000f550       ??_C@_0DC@FIGGJMKG@?$FLDokanFS?$FN?5?5?5?5?$DM?$DN?5DokanGlobalDevic@FNODOBFM@ 00020550     device.obj
 0001:0000f590       ??_C@_0CG@BLHJFNMM@?$FLDokanFS?$FN?5?5?5IOCTL_SET_DEBUG_MODE@FNODOBFM@ 00020590     device.obj
 0001:0000f5c0       ??_C@_0BO@NBMCOLNK@?$FLDokanFS?$FN?5?5?5IOCTL_EVENT_START?$AA@FNODOBFM@ 000205c0     device.obj
 0001:0000f5e0       ??_C@_0CJ@IAHCPCN@?$FLDokanFS?$FN?5?5?5?5?$DN?$DO?5DokanGlobalDevic@FNODOBFM@ 000205e0     device.obj
 0001:0000f610       ??_C@_0CH@LAJCJBBE@?$FLDokanFS?$FN?5?5?5?5?$DM?$DN?5DokanDiskDeviceC@FNODOBFM@ 00020610     device.obj
 0001:0000f640       ??_C@_0CH@HGOGGNCK@?$FLDokanFS?$FN?5?5?5?5IOCTL_STORAGE_EJECT@FNODOBFM@ 00020640     device.obj
 0001:0000f670       ??_C@_0DC@JCNHPOPO@?$FLDokanFS?$FN?5?5?5?5IOCTL_VOLUME_GET_VO@FNODOBFM@ 00020670     device.obj
 0001:0000f6b0       ??_C@_0CH@EBOBOCEL@?$FLDokanFS?$FN?5?5?5?5IOCTL_VOLUME_IS_CLU@FNODOBFM@ 000206b0     device.obj
 0001:0000f6e0       ??_C@_0CO@POLANDKH@?$FLDokanFS?$FN?5?5?5?5IOCTL_VOLUME_PHYSIC@FNODOBFM@ 000206e0     device.obj
 0001:0000f710       ??_C@_0CE@KJPAKAFJ@?$FLDokanFS?$FN?5?5?5?5IOCTL_VOLUME_READ_P@FNODOBFM@ 00020710     device.obj
 0001:0000f740       ??_C@_0CC@CIIHHPAI@?$FLDokanFS?$FN?5?5?5?5IOCTL_VOLUME_OFFLIN@FNODOBFM@ 00020740     device.obj
 0001:0000f770       ??_C@_0CB@PEPHIGJH@?$FLDokanFS?$FN?5?5?5?5IOCTL_VOLUME_ONLINE@FNODOBFM@ 00020770     device.obj
 0001:0000f7a0       ??_C@_0CO@JIOJDNNB@?$FLDokanFS?$FN?5?5?5?5IOCTL_MOUNTDEV_QUER@FNODOBFM@ 000207a0     device.obj
 0001:0000f7d0       ??_C@_0CJ@DPPIKMPI@?$FLDokanFS?$FN?5?5?5?5IOCTL_MOUNTDEV_LINK@FNODOBFM@ 000207d0     device.obj
 0001:0000f800       ??_C@_0BK@FNCEMBFM@?$FLDokanFS?$FN?5?5?5?5?5?5Name?3?5?$CFws?6?$AA@FNODOBFM@ 00020800     device.obj
 0001:0000f820       ??_C@_0CJ@EFMLPAKJ@?$FLDokanFS?$FN?5?5?5?5IOCTL_MOUNTDEV_LINK@FNODOBFM@ 00020820     device.obj
 0001:0000f850       ??_C@_0DG@GMHFOCHB@?$FLDokanFS?$FN?5?5?5?5IOCTL_MOUNTDEV_QUER@FNODOBFM@ 00020850     device.obj
 0001:0000f890       ??_C@_0BM@CABNHGBP@?$FLDokanFS?$FN?5?5?5UniqueName?5?$CFws?6?$AA@FNODOBFM@ 00020890     device.obj
 0001:0000f8b0       ??_C@_0BB@NJKPEMBL@uniqueId?5?$CB?$DN?5NULL?$AA@FNODOBFM@ 000208b0     device.obj
 0001:0000f8d0       ??_C@_0CM@LAPAALFH@?$FLDokanFS?$FN?5?5?5?5IOCTL_MOUNTDEV_QUER@FNODOBFM@ 000208d0     device.obj
 0001:0000f900       ??_C@_0BM@LMDNLHLA@?$FLDokanFS?$FN?5?5?5DeviceName?5?$CFwZ?6?$AA@FNODOBFM@ 00020900     device.obj
 0001:0000f920       ??_C@_0BF@BIJJGEON@mountdevName?5?$CB?$DN?5NULL?$AA@FNODOBFM@ 00020920     device.obj
 0001:0000f940       ??_C@_0CO@NNGPAPGN@?$FLDokanFS?$FN?5?5?5?5IOCTL_MOUNTDEV_QUER@FNODOBFM@ 00020940     device.obj
 0001:0000f970       ??_C@_0CI@NDEMBFFC@?$FLDokanFS?$FN?5?5?5IOCTL_STORAGE_CHECK_@FNODOBFM@ 00020970     device.obj
 0001:0000f9a0       ??_C@_0CH@FCDGPIOH@?$FLDokanFS?$FN?5?5?5IOCTL_STORAGE_CHECK_@FNODOBFM@ 000209a0     device.obj
 0001:0000f9d0       ??_C@_0CE@IKKENAOA@?$FLDokanFS?$FN?5?5?5IOCTL_DISK_CHECK_VER@FNODOBFM@ 000209d0     device.obj
 0001:0000fa00       ??_C@_0CN@ECHLKFFM@?$FLDokanFS?$FN?5?5?5?5IOCTL_VOLUME_GET_GP@FNODOBFM@ 00020a00     device.obj
 0001:0000fa30       ??_C@_0CL@NEFOGML@?$FLDokanFS?$FN?5?5?5IOCTL_STORAGE_GET_HO@FNODOBFM@ 00020a30     device.obj
 0001:0000fa60       ??_C@_0BO@OOEGDDPF@?$FLDokanFS?$FN?5?5?5IOCTL_DISK_VERIFY?$AA@FNODOBFM@ 00020a60     device.obj
 0001:0000fa80       ??_C@_0CK@BOGCBJCM@?$FLDokanFS?$FN?5?5?5IOCTL_DISK_SET_PARTI@FNODOBFM@ 00020a80     device.obj
 0001:0000fab0       ??_C@_0CI@DLMJBOLF@?$FLDokanFS?$FN?5?5?5IOCTL_STORAGE_MEDIA_@FNODOBFM@ 00020ab0     device.obj
 0001:0000fae0       ??_C@_0CF@KFHFBJDO@?$FLDokanFS?$FN?5?5?5IOCTL_DISK_MEDIA_REM@FNODOBFM@ 00020ae0     device.obj
 0001:0000fb10       ??_C@_0CD@NHKDAOHB@?$FLDokanFS?$FN?5?5?5IOCTL_DISK_IS_WRITAB@FNODOBFM@ 00020b10     device.obj
 0001:0000fb40       ??_C@_0CN@GLOAEIDE@?$FLDokanFS?$FN?5?5?5IOCTL_DISK_GET_PARTI@FNODOBFM@ 00020b40     device.obj
 0001:0000fb70       ??_C@_0CK@OEEICPME@?$FLDokanFS?$FN?5?5?5IOCTL_DISK_GET_PARTI@FNODOBFM@ 00020b70     device.obj
 0001:0000fba0       ??_C@_0BG@FAEJFEHN@getLengthInfo?5?$CB?$DN?5NULL?$AA@FNODOBFM@ 00020ba0     device.obj
 0001:0000fbc0       ??_C@_0CH@HKAMFJHK@?$FLDokanFS?$FN?5?5?5IOCTL_DISK_GET_LENGT@FNODOBFM@ 00020bc0     device.obj
 0001:0000fbf0       ??_C@_0BF@BFKBDNPA@diskGeometry?5?$CB?$DN?5NULL?$AA@FNODOBFM@ 00020bf0     device.obj
 0001:0000fc10       ??_C@_0CA@IEMIMCHE@d?3?2projects?2dokanx?2sys?2device?4c?$AA@FNODOBFM@ 00020c10     device.obj
 0001:0000fc30       ??_C@_0CK@DBACKJHG@?$FLDokanFS?$FN?5?5?5IOCTL_DISK_GET_DRIVE@FNODOBFM@ 00020c30     device.obj
 0001:0000fc60       ??_C@_0CH@GCGCIBNA@?$FLDokanFS?$FN?5?5?5?5?$DN?$DO?5DokanDiskDeviceC@FNODOBFM@ 00020c60     device.obj
 0001:0000fc90       ??_C@_0CF@OBBCDGJA@?$FLDokanFS?$FN?5?$DM?$DN?$DN?5DokanDispatchIoCon@FNODOBFM@ 00020c90     device.obj
 0001:0000fcc0       ??_C@_0BO@FHPDCLCB@?$FLDokanFS?$FN?5?5?5IOCTL_EVENT_WRITE?$AA@FNODOBFM@ 00020cc0     device.obj
 0001:0000fce0       ??_C@_0CA@KLGBIEAL@?$FLDokanFS?$FN?5?5?5IOCTL_EVENT_RELEASE?$AA@FNODOBFM@ 00020ce0     device.obj
 0001:0000fd00       ??_C@_0CF@LKHDJLIC@?$FLDokanFS?$FN?5?$DN?$DN?$DO?5DokanDispatchIoCon@FNODOBFM@ 00020d00     device.obj
 0001:0000fd30       ??_C@_0CA@PNGPDGCB@?$FLDokanFS?$FN?5?5?5?5?5Unknown?5FSCTL?5?$CFd?6?$AA@FNODOBFM@ 00020d30     fscontrol.obj
 0001:0000fd50       ??_C@_0CA@PPCLJMBI@?$FLDokanFS?$FN?5?5?5?5?5FSCTL_RECALL_FILE?$AA@FNODOBFM@ 00020d50     fscontrol.obj
 0001:0000fd70       ??_C@_0CD@DBKKFFJB@?$FLDokanFS?$FN?5?5?5?5?5FSCTL_SIS_LINK_FIL@FNODOBFM@ 00020d70     fscontrol.obj
 0001:0000fda0       ??_C@_0CB@DODBLNOH@?$FLDokanFS?$FN?5?5?5?5?5FSCTL_SIS_COPYFILE@FNODOBFM@ 00020da0     fscontrol.obj
 0001:0000fdd0       ??_C@_0CA@JBIBBPHD@?$FLDokanFS?$FN?5?5?5?5?5FSCTL_MARK_HANDLE?$AA@FNODOBFM@ 00020dd0     fscontrol.obj
 0001:0000fdf0       ??_C@_0CH@KHAEFCIN@?$FLDokanFS?$FN?5?5?5?5?5FSCTL_DELETE_USN_J@FNODOBFM@ 00020df0     fscontrol.obj
 0001:0000fe20       ??_C@_0CG@EDPGCJOL@?$FLDokanFS?$FN?5?5?5?5?5FSCTL_QUERY_USN_JO@FNODOBFM@ 00020e20     fscontrol.obj
 0001:0000fe50       ??_C@_0CC@OIFAGAFO@?$FLDokanFS?$FN?5?5?5?5?5FSCTL_EXTEND_VOLUM@FNODOBFM@ 00020e50     fscontrol.obj
 0001:0000fe80       ??_C@_0CL@NHBKAGFN@?$FLDokanFS?$FN?5?5?5?5?5FSCTL_WRITE_USN_CL@FNODOBFM@ 00020e80     fscontrol.obj
 0001:0000feb0       ??_C@_0CH@NFBDHMOI@?$FLDokanFS?$FN?5?5?5?5?5FSCTL_READ_FILE_US@FNODOBFM@ 00020eb0     fscontrol.obj
 0001:0000fee0       ??_C@_0CH@JHDAEHOA@?$FLDokanFS?$FN?5?5?5?5?5FSCTL_CREATE_USN_J@FNODOBFM@ 00020ee0     fscontrol.obj
 0001:0000ff10       ??_C@_0CH@EHGMILKD@?$FLDokanFS?$FN?5?5?5?5?5FSCTL_READ_RAW_ENC@FNODOBFM@ 00020f10     fscontrol.obj
 0001:0000ff40       ??_C@_0CI@IDNEOLGC@?$FLDokanFS?$FN?5?5?5?5?5FSCTL_WRITE_RAW_EN@FNODOBFM@ 00020f40     fscontrol.obj
 0001:0000ff70       ??_C@_0CI@CPOBICKD@?$FLDokanFS?$FN?5?5?5?5?5FSCTL_ENCRYPTION_F@FNODOBFM@ 00020f70     fscontrol.obj
 0001:0000ffa0       ??_C@_0CD@IGAMLEDI@?$FLDokanFS?$FN?5?5?5?5?5FSCTL_SET_ENCRYPTI@FNODOBFM@ 00020fa0     fscontrol.obj
 0001:0000ffd0       ??_C@_0CL@EJOGKDFP@?$FLDokanFS?$FN?5?5?5?5?5FSCTL_QUERY_ALLOCA@FNODOBFM@ 00020fd0     fscontrol.obj
 0001:00010000       ??_C@_0CC@CGJGABL@?$FLDokanFS?$FN?5?5?5?5?5FSCTL_SET_ZERO_DAT@FNODOBFM@ 00021000     fscontrol.obj
 0001:00010030       ??_C@_0BP@GHAEFEKE@?$FLDokanFS?$FN?5?5?5?5?5FSCTL_SET_SPARSE?$AA@FNODOBFM@ 00021030     fscontrol.obj
 0001:00010050       ??_C@_0CM@GPLHLJKH@?$FLDokanFS?$FN?5?5?5?5?5FSCTL_CREATE_OR_GE@FNODOBFM@ 00021050     fscontrol.obj
 0001:00010080       ??_C@_0CL@GNIPCNCB@?$FLDokanFS?$FN?5?5?5?5?5FSCTL_SET_OBJECT_I@FNODOBFM@ 00021080     fscontrol.obj
 0001:000100b0       ??_C@_0CF@FIKEGGLH@?$FLDokanFS?$FN?5?5?5?5?5FSCTL_READ_USN_JOU@FNODOBFM@ 000210b0     fscontrol.obj
 0001:000100e0       ??_C@_0CG@LKMKBPDG@?$FLDokanFS?$FN?5?5?5?5?5FSCTL_SECURITY_ID_@FNODOBFM@ 000210e0     fscontrol.obj
 0001:00010110       ??_C@_0CC@DGNLBLBI@?$FLDokanFS?$FN?5?5?5?5?5FSCTL_ENUM_USN_DAT@FNODOBFM@ 00021110     fscontrol.obj
 0001:00010140       ??_C@_0CJ@BFMOEGIC@?$FLDokanFS?$FN?5?5?5?5?5FSCTL_DELETE_REPAR@FNODOBFM@ 00021140     fscontrol.obj
 0001:00010170       ??_C@_0CG@NGBFEFEO@?$FLDokanFS?$FN?5?5?5?5?5FSCTL_GET_REPARSE_@FNODOBFM@ 00021170     fscontrol.obj
 0001:000101a0       ??_C@_0CG@PDBOMOFA@?$FLDokanFS?$FN?5?5?5?5?5FSCTL_SET_REPARSE_@FNODOBFM@ 000211a0     fscontrol.obj
 0001:000101d0       ??_C@_0CF@KJGHFBK@?$FLDokanFS?$FN?5?5?5?5?5FSCTL_DELETE_OBJEC@FNODOBFM@ 000211d0     fscontrol.obj
 0001:00010200       ??_C@_0CC@BOAEDAHB@?$FLDokanFS?$FN?5?5?5?5?5FSCTL_GET_OBJECT_I@FNODOBFM@ 00021200     fscontrol.obj
 0001:00010230       ??_C@_0CC@GBBKIDAG@?$FLDokanFS?$FN?5?5?5?5?5FSCTL_SET_OBJECT_I@FNODOBFM@ 00021230     fscontrol.obj
 0001:00010260       ??_C@_0CG@GNIOJPBL@?$FLDokanFS?$FN?5?5?5?5?5FSCTL_FIND_FILES_B@FNODOBFM@ 00021260     fscontrol.obj
 0001:00010290       ??_C@_0CL@FHCBLAEA@?$FLDokanFS?$FN?5?5?5?5?5FSCTL_ALLOW_EXTEND@FNODOBFM@ 00021290     fscontrol.obj
 0001:000102c0       ??_C@_0CE@HJIGHOGA@?$FLDokanFS?$FN?5?5?5?5?5FSCTL_IS_VOLUME_DI@FNODOBFM@ 000212c0     fscontrol.obj
 0001:000102f0       ??_C@_0BO@KFJMJDKH@?$FLDokanFS?$FN?5?5?5?5?5FSCTL_MOVE_FILE?$AA@FNODOBFM@ 000212f0     fscontrol.obj
 0001:00010310       ??_C@_0CL@DBEENKBE@?$FLDokanFS?$FN?5?5?5?5?5FSCTL_GET_RETRIEVA@FNODOBFM@ 00021310     fscontrol.obj
 0001:00010340       ??_C@_0CG@NDGNGKJK@?$FLDokanFS?$FN?5?5?5?5?5FSCTL_GET_VOLUME_B@FNODOBFM@ 00021340     fscontrol.obj
 0001:00010370       ??_C@_0CJ@NLOJDNJC@?$FLDokanFS?$FN?5?5?5?5?5FSCTL_GET_NTFS_FIL@FNODOBFM@ 00021370     fscontrol.obj
 0001:000103a0       ??_C@_0CJ@IGCLMOGD@?$FLDokanFS?$FN?5?5?5?5?5FSCTL_GET_NTFS_VOL@FNODOBFM@ 000213a0     fscontrol.obj
 0001:000103d0       ??_C@_0CO@FLGKLAOM@?$FLDokanFS?$FN?5?5?5?5?5FSCTL_FILESYSTEM_G@FNODOBFM@ 000213d0     fscontrol.obj
 0001:00010400       ??_C@_0CK@IIGHDMCA@?$FLDokanFS?$FN?5?5?5?5?5FSCTL_REQUEST_FILT@FNODOBFM@ 00021400     fscontrol.obj
 0001:00010430       ??_C@_0CC@DCFINLDJ@?$FLDokanFS?$FN?5?5?5?5?5FSCTL_QUERY_FAT_BP@FNODOBFM@ 00021430     fscontrol.obj
 0001:00010460       ??_C@_0CH@NFKKPKJP@?$FLDokanFS?$FN?5?5?5?5?5FSCTL_INVALIDATE_V@FNODOBFM@ 00021460     fscontrol.obj
 0001:00010490       ??_C@_0CK@GMBPDOJF@?$FLDokanFS?$FN?5?5?5?5?5FSCTL_OPLOCK_BREAK@FNODOBFM@ 00021490     fscontrol.obj
 0001:000104c0       ??_C@_0CI@GCAKCBDI@?$FLDokanFS?$FN?5?5?5?5?5FSCTL_MARK_AS_SYST@FNODOBFM@ 000214c0     fscontrol.obj
 0001:000104f0       ??_C@_0CE@CDICJBPL@?$FLDokanFS?$FN?5?5?5?5?5FSCTL_SET_COMPRESS@FNODOBFM@ 000214f0     fscontrol.obj
 0001:00010520       ??_C@_0CE@BBJEODOC@?$FLDokanFS?$FN?5?5?5?5?5FSCTL_GET_COMPRESS@FNODOBFM@ 00021520     fscontrol.obj
 0001:00010550       ??_C@_0CN@IMHFHPPD@?$FLDokanFS?$FN?5?5?5?5?5FSCTL_QUERY_RETRIE@FNODOBFM@ 00021550     fscontrol.obj
 0001:00010580       ??_C@_0CG@JDOGAOMB@?$FLDokanFS?$FN?5?5?5?5?5FSCTL_MARK_VOLUME_@FNODOBFM@ 00021580     fscontrol.obj
 0001:000105b0       ??_C@_0CG@CCABJCCM@?$FLDokanFS?$FN?5?5?5?5?5FSCTL_IS_PATHNAME_@FNODOBFM@ 000215b0     fscontrol.obj
 0001:000105e0       ??_C@_0CG@IJKEMCGH@?$FLDokanFS?$FN?5?5?5?5?5FSCTL_IS_VOLUME_MO@FNODOBFM@ 000215e0     fscontrol.obj
 0001:00010610       ??_C@_0CE@JCJPMINH@?$FLDokanFS?$FN?5?5?5?5?5FSCTL_DISMOUNT_VOL@FNODOBFM@ 00021610     fscontrol.obj
 0001:00010640       ??_C@_0CC@FIPMKCNC@?$FLDokanFS?$FN?5?5?5?5?5FSCTL_UNLOCK_VOLUM@FNODOBFM@ 00021640     fscontrol.obj
 0001:00010670       ??_C@_0CA@OHCBNIC@?$FLDokanFS?$FN?5?5?5?5?5FSCTL_LOCK_VOLUME?$AA@FNODOBFM@ 00021670     fscontrol.obj
 0001:00010690       ??_C@_0CI@DIFJDFCM@?$FLDokanFS?$FN?5?5?5?5?5FSCTL_OPLOCK_BREAK@FNODOBFM@ 00021690     fscontrol.obj
 0001:000106c0       ??_C@_0CO@DCBIFHHN@?$FLDokanFS?$FN?5?5?5?5?5FSCTL_OPBATCH_ACK_@FNODOBFM@ 000216c0     fscontrol.obj
 0001:000106f0       ??_C@_0CN@DGCIELHP@?$FLDokanFS?$FN?5?5?5?5?5FSCTL_OPLOCK_BREAK@FNODOBFM@ 000216f0     fscontrol.obj
 0001:00010720       ??_C@_0CJ@BAOIIFLA@?$FLDokanFS?$FN?5?5?5?5?5FSCTL_REQUEST_BATC@FNODOBFM@ 00021720     fscontrol.obj
 0001:00010750       ??_C@_0CL@DGFMHIHJ@?$FLDokanFS?$FN?5?5?5?5?5FSCTL_REQUEST_OPLO@FNODOBFM@ 00021750     fscontrol.obj
 0001:00010780       ??_C@_0CL@BNHBCLLK@?$FLDokanFS?$FN?5?5?5?5?5FSCTL_REQUEST_OPLO@FNODOBFM@ 00021780     fscontrol.obj
 0001:000107b0       ??_C@_0CF@CFBJLFDM@?$FLDokanFS?$FN?5?$DM?$DN?$DN?5DokanFileSystemCon@FNODOBFM@ 000217b0     fscontrol.obj
 0001:000107e0       ??_C@_0BI@PEKLFLIA@?$FLDokanFS?$FN?5?5?5unknown?5?$CFd?6?$AA@FNODOBFM@ 000217e0     fscontrol.obj
 0001:00010800       ??_C@_0CB@BNLAFJOI@?$FLDokanFS?$FN?5?7?5IRP_MN_VERIFY_VOLUME@FNODOBFM@ 00021800     fscontrol.obj
 0001:00010830       ??_C@_0CD@IINLLLOO@?$FLDokanFS?$FN?5?7?5IRP_MN_USER_FS_REQUE@FNODOBFM@ 00021830     fscontrol.obj
 0001:00010860       ??_C@_0CB@FMPGFKMK@?$FLDokanFS?$FN?5?5?5?5Not?5DokanDiskDevice@FNODOBFM@ 00021860     fscontrol.obj
 0001:00010890       ??_C@_0CA@DGKEKJBI@?$FLDokanFS?$FN?5?7?5IRP_MN_MOUNT_VOLUME?$AA@FNODOBFM@ 00021890     fscontrol.obj
 0001:000108b0       ??_C@_0CE@LNHCBLC@?$FLDokanFS?$FN?5?7?5IRP_MN_LOAD_FILE_SYS@FNODOBFM@ 000218b0     fscontrol.obj
 0001:000108e0       ??_C@_0BP@LCEFMHOE@?$FLDokanFS?$FN?5?7?5IRP_MN_KERNEL_CALL?$AA@FNODOBFM@ 000218e0     fscontrol.obj
 0001:00010900       ??_C@_0CF@HOHIBICO@?$FLDokanFS?$FN?5?$DN?$DN?$DO?5DokanFileSystemCon@FNODOBFM@ 00021900     fscontrol.obj
 0001:00010930       ??_C@_0CG@OBAKFHG@d?3?2projects?2dokanx?2sys?2notificat@FNODOBFM@ 00021930     notification.obj
 0001:00010960       ??_C@_0CJ@FMIAEEFC@?$FLDokanFS?$FN?5?5?5bufferLen?3?5?$CFd?0?5event@FNODOBFM@ 00021960     notification.obj
 0001:00010990       ??_C@_0DG@LNLCIALC@?$FLDokanFS?$FN?5EventNotice?5?3?5STATUS_I@FNODOBFM@ 00021990     notification.obj
 0001:000109d0       ??_C@_0CB@HMOMHIN@?$FLDokanFS?$FN?5?$DM?$DN?$DN?5NotificationThread@FNODOBFM@ 000219d0     notification.obj
 0001:00010a00       ??_C@_0CG@MGECIMAF@?$FLDokanFS?$FN?5?5?5Can?8t?5allocate?5WAIT_@FNODOBFM@ 00021a00     notification.obj
 0001:00010a30       ??_C@_0CB@OHKDKPLK@?$FLDokanFS?$FN?5?$DN?$DN?$DO?5NotificationThread@FNODOBFM@ 00021a30     notification.obj
 0001:00010a60       ??_C@_0DA@EOJIFPAF@?$FLDokanFS?$FN?5?$DM?$DN?$DN?5DokanStartEventNot@FNODOBFM@ 00021a60     notification.obj
 0001:00010a90       ??_C@_0DA@KHPANJBJ@?$FLDokanFS?$FN?5?$DN?$DN?$DO?5DokanStartEventNot@FNODOBFM@ 00021a90     notification.obj
 0001:00010ac0       ??_C@_0CP@BDMLKOKP@?$FLDokanFS?$FN?5?$DM?$DN?$DN?5DokanStopEventNoti@FNODOBFM@ 00021ac0     notification.obj
 0001:00010af0       ??_C@_0CP@BIOIIHKJ@?$FLDokanFS?$FN?5?$DN?$DN?$DO?5DokanStopEventNoti@FNODOBFM@ 00021af0     notification.obj
 0001:00010b20       ??_C@_0DM@JFDAOHDF@?$FLDokanFS?$FN?5?5?5NotifyCleanup?5ccb?3?$CFX@FNODOBFM@ 00021b20     notification.obj
 0001:00010b60       ??_C@_0CB@LPFGGBPO@?$FLDokanFS?$FN?5?$DM?$DN?$DN?5DokanQuerySecurity@FNODOBFM@ 00021b60     security.obj
 0001:00010b90       ??_C@_0CJ@DAKGLKAM@?$FLDokanFS?$FN?5?5?5?5?5LABEL_SECURITY_INF@FNODOBFM@ 00021b90     security.obj
 0001:00010bc0       ??_C@_0CI@JBGMCNIF@?$FLDokanFS?$FN?5?5?5?5?5SACL_SECURITY_INFO@FNODOBFM@ 00021bc0     security.obj
 0001:00010bf0       ??_C@_0CI@ODPNANNL@?$FLDokanFS?$FN?5?5?5?5?5DACL_SECURITY_INFO@FNODOBFM@ 00021bf0     security.obj
 0001:00010c20       ??_C@_0CJ@BFHEKFED@?$FLDokanFS?$FN?5?5?5?5?5GROUP_SECURITY_INF@FNODOBFM@ 00021c20     security.obj
 0001:00010c50       ??_C@_0CJ@CNAJHPFK@?$FLDokanFS?$FN?5?5?5?5?5OWNER_SECURITY_INF@FNODOBFM@ 00021c50     security.obj
 0001:00010c80       ??_C@_0BK@LNJCIEOF@?$FLDokanFS?$FN?5?5?5?5?5ccb?5?$DN?$DN?5NULL?$AA@FNODOBFM@ 00021c80     security.obj
 0001:00010ca0       ??_C@_0CB@FPDLAJMJ@?$FLDokanFS?$FN?5?$DN?$DN?$DO?5DokanQuerySecurity@FNODOBFM@ 00021ca0     security.obj
 0001:00010cd0       ??_C@_0CJ@ELAIEAME@?$FLDokanFS?$FN?5?$DM?$DN?$DN?5DokanCompleteQuery@FNODOBFM@ 00021cd0     security.obj
 0001:00010d00       ??_C@_0BI@CJDFIODP@?$FLDokanFS?$FN?5?5?5ccb?5?$DN?$DN?5NULL?$AA@FNODOBFM@ 00021d00     security.obj
 0001:00010d20       ??_C@_0CC@PDNIANKK@d?3?2projects?2dokanx?2sys?2security?4@FNODOBFM@ 00021d20     security.obj
 0001:00010d50       ??_C@_0CJ@OAOHMDHJ@?$FLDokanFS?$FN?5?$DN?$DN?$DO?5DokanCompleteQuery@FNODOBFM@ 00021d50     security.obj
 0001:00010d80       ??_C@_0BP@BCNIMPLF@?$FLDokanFS?$FN?5?$DM?$DN?$DN?5DokanSetSecurity?$AA@FNODOBFM@ 00021d80     security.obj
 0001:00010da0       ??_C@_0DM@DGEEJBJN@?$FLDokanFS?$FN?5?5?5?5?5SecurityDescriptor@FNODOBFM@ 00021da0     security.obj
 0001:00010de0       ??_C@_0BP@COFEMKIC@?$FLDokanFS?$FN?5?$DN?$DN?$DO?5DokanSetSecurity?$AA@FNODOBFM@ 00021de0     security.obj
 0001:00010e00       ??_C@_0CH@ODHKDFKO@?$FLDokanFS?$FN?5?$DM?$DN?$DN?5DokanCompleteSetSe@FNODOBFM@ 00021e00     security.obj
 0001:00010e30       ??_C@_0CH@DDOJMBEJ@?$FLDokanFS?$FN?5?$DN?$DN?$DO?5DokanCompleteSetSe@FNODOBFM@ 00021e30     security.obj
 0001:00010e60       ??_C@_0CC@NDPKDHBJ@?$FLDokanFS?$FN?5?$DM?$DN?$DN?5DokanGetAccessToke@FNODOBFM@ 00021e60     access.obj
 0001:00010e90       ??_C@_0DA@CHKPEDDA@?$FLDokanFS?$FN?5?5?5ObOpenObjectByPointe@FNODOBFM@ 00021e90     access.obj
 0001:00010ec0       ??_C@_0CA@DJFGAGM@?$FLDokanFS?$FN?5?5?5accessToken?5?$DN?$DN?5NULL?$AA@FNODOBFM@ 00021ec0     access.obj
 0001:00010ee0       ??_C@_0CI@ELEEJNGC@?$FLDokanFS?$FN?5?5?5can?8t?5find?5pending?5I@FNODOBFM@ 00021ee0     access.obj
 0001:00010f10       ??_C@_0DA@KFAINAIH@?$FLDokanFS?$FN?5?5?5wrong?5input?5or?5outpu@FNODOBFM@ 00021f10     access.obj
 0001:00010f40       ??_C@_0CF@IGMKAKEO@?$FLDokanFS?$FN?5?5?5GetIdentifierType?5?$CB?$DN@FNODOBFM@ 00021f40     access.obj
 0001:00010f70       ??_C@_0CO@GHNNEBIH@?$FLDokanFS?$FN?5?5?5needs?5to?5be?5called?5f@FNODOBFM@ 00021f70     access.obj
 0001:00010fa0       ??_C@_0CA@FPIGGCGP@d?3?2projects?2dokanx?2sys?2access?4c?$AA@FNODOBFM@ 00021fa0     access.obj
 0001:00010fc0       ??_C@_0CC@GLKHPPHO@?$FLDokanFS?$FN?5?$DN?$DN?$DO?5DokanGetAccessToke@FNODOBFM@ 00021fc0     access.obj
 0002:00000000       __imp_@KfReleaseSpinLock@8 00022000     hal:HAL.dll
 0002:00000004       __imp__KeGetCurrentIrql@0  00022004     hal:HAL.dll
 0002:00000008       __imp_@KfAcquireSpinLock@4 00022008     hal:HAL.dll
 0002:0000000c       \177HAL_NULL_THUNK_DATA    0002200c     hal:HAL.dll
 0002:00000010       __imp__ExInitializeNPagedLookasideList@28 00022010     ntoskrnl:ntoskrnl.exe
 0002:00000014       __imp__FsRtlMdlWriteCompleteDev@16 00022014     ntoskrnl:ntoskrnl.exe
 0002:00000018       __imp__FsRtlPrepareMdlWriteDev@28 00022018     ntoskrnl:ntoskrnl.exe
 0002:0000001c       __imp__FsRtlMdlReadCompleteDev@12 0002201c     ntoskrnl:ntoskrnl.exe
 0002:00000020       __imp__FsRtlMdlReadDev@28  00022020     ntoskrnl:ntoskrnl.exe
 0002:00000024       __imp__FsRtlCopyWrite@32   00022024     ntoskrnl:ntoskrnl.exe
 0002:00000028       __imp__FsRtlCopyRead@32    00022028     ntoskrnl:ntoskrnl.exe
 0002:0000002c       __imp__IoDeleteDevice@4    0002202c     ntoskrnl:ntoskrnl.exe
 0002:00000030       __imp__ExAllocatePoolWithTag@12 00022030     ntoskrnl:ntoskrnl.exe
 0002:00000034       __imp__memset              00022034     ntoskrnl:ntoskrnl.exe
 0002:00000038       __imp__ExDeleteNPagedLookasideList@4 00022038     ntoskrnl:ntoskrnl.exe
 0002:0000003c       __imp__IoDeleteSymbolicLink@4 0002203c     ntoskrnl:ntoskrnl.exe
 0002:00000040       __imp__RtlInitUnicodeString@8 00022040     ntoskrnl:ntoskrnl.exe
 0002:00000044       __imp__RtlAssert@16        00022044     ntoskrnl:ntoskrnl.exe
 0002:00000048       __imp__DbgPrint            00022048     ntoskrnl:ntoskrnl.exe
 0002:0000004c       __imp_@IofCompleteRequest@8 0002204c     ntoskrnl:ntoskrnl.exe
 0002:00000050       __imp__IoSetTopLevelIrp@4  00022050     ntoskrnl:ntoskrnl.exe
 0002:00000054       __imp__IoGetTopLevelIrp@0  00022054     ntoskrnl:ntoskrnl.exe
 0002:00000058       __imp__FsRtlNotifyFullReportChange@36 00022058     ntoskrnl:ntoskrnl.exe
 0002:0000005c       __imp__IoFreeMdl@4         0002205c     ntoskrnl:ntoskrnl.exe
 0002:00000060       __imp__MmProbeAndLockPages@12 00022060     ntoskrnl:ntoskrnl.exe
 0002:00000064       __imp__IoAllocateMdl@20    00022064     ntoskrnl:ntoskrnl.exe
 0002:00000068       __imp__MmUnlockPages@4     00022068     ntoskrnl:ntoskrnl.exe
 0002:0000006c       __imp_@ObfDereferenceObject@4 0002206c     ntoskrnl:ntoskrnl.exe
 0002:00000070       __imp__KeWaitForSingleObject@20 00022070     ntoskrnl:ntoskrnl.exe
 0002:00000074       __imp__KeInitializeEvent@12 00022074     ntoskrnl:ntoskrnl.exe
 0002:00000078       __imp__ExFreePoolWithTag@8 00022078     ntoskrnl:ntoskrnl.exe
 0002:0000007c       __imp__memcpy              0002207c     ntoskrnl:ntoskrnl.exe
 0002:00000080       __imp__RtlFreeUnicodeString@4 00022080     ntoskrnl:ntoskrnl.exe
 0002:00000084       __imp__IoCreateSymbolicLink@8 00022084     ntoskrnl:ntoskrnl.exe
 0002:00000088       __imp_@ObfReferenceObject@4 00022088     ntoskrnl:ntoskrnl.exe
 0002:0000008c       __imp__PsTerminateSystemThread@4 0002208c     ntoskrnl:ntoskrnl.exe
 0002:00000090       __imp__FsRtlRegisterFileSystemFilterCallbacks@8 00022090     ntoskrnl:ntoskrnl.exe
 0002:00000094       __imp__ZwClose@4           00022094     ntoskrnl:ntoskrnl.exe
 0002:00000098       __imp__ObReferenceObjectByHandle@24 00022098     ntoskrnl:ntoskrnl.exe
 0002:0000009c       __imp__PsCreateSystemThread@28 0002209c     ntoskrnl:ntoskrnl.exe
 0002:000000a0       __imp__FsRtlNotifyInitializeSync@4 000220a0     ntoskrnl:ntoskrnl.exe
 0002:000000a4       __imp__ExInitializeResourceLite@4 000220a4     ntoskrnl:ntoskrnl.exe
 0002:000000a8       __imp__IoCreateDevice@28   000220a8     ntoskrnl:ntoskrnl.exe
 0002:000000ac       __imp__FsRtlDeregisterUncProvider@4 000220ac     ntoskrnl:ntoskrnl.exe
 0002:000000b0       __imp__KeLeaveCriticalRegion@0 000220b0     ntoskrnl:ntoskrnl.exe
 0002:000000b4       __imp__KeEnterCriticalRegion@0 000220b4     ntoskrnl:ntoskrnl.exe
 0002:000000b8       __imp__ExDeleteResourceLite@4 000220b8     ntoskrnl:ntoskrnl.exe
 0002:000000bc       __imp__FsRtlTeardownPerStreamContexts@4 000220bc     ntoskrnl:ntoskrnl.exe
 0002:000000c0       __imp__memmove             000220c0     ntoskrnl:ntoskrnl.exe
 0002:000000c4       __imp__IoGetRequestorProcessId@4 000220c4     ntoskrnl:ntoskrnl.exe
 0002:000000c8       __imp__KeClearEvent@4      000220c8     ntoskrnl:ntoskrnl.exe
 0002:000000cc       __imp__IoReleaseCancelSpinLock@4 000220cc     ntoskrnl:ntoskrnl.exe
 0002:000000d0       __imp__KeSetEvent@12       000220d0     ntoskrnl:ntoskrnl.exe
 0002:000000d4       __imp__RtlStringFromGUID@8 000220d4     ntoskrnl:ntoskrnl.exe
 0002:000000d8       __imp__MmMapLockedPagesSpecifyCache@24 000220d8     ntoskrnl:ntoskrnl.exe
 0002:000000dc       __imp_@InterlockedPopEntrySList@4 000220dc     ntoskrnl:ntoskrnl.exe
 0002:000000e0       __imp_@InterlockedPushEntrySList@8 000220e0     ntoskrnl:ntoskrnl.exe
 0002:000000e4       __imp__FsRtlNotifyFullChangeDirectory@40 000220e4     ntoskrnl:ntoskrnl.exe
 0002:000000e8       __imp__MmFlushImageSection@8 000220e8     ntoskrnl:ntoskrnl.exe
 0002:000000ec       __imp__CcUninitializeCacheMap@12 000220ec     ntoskrnl:ntoskrnl.exe
 0002:000000f0       __imp__CcPurgeCacheSection@16 000220f0     ntoskrnl:ntoskrnl.exe
 0002:000000f4       __imp__CcFlushCache@16     000220f4     ntoskrnl:ntoskrnl.exe
 0002:000000f8       __imp__FsRtlNotifyCleanup@12 000220f8     ntoskrnl:ntoskrnl.exe
 0002:000000fc       __imp__ExAcquireResourceSharedLite@8 000220fc     ntoskrnl:ntoskrnl.exe
 0002:00000100       __imp__KeTickCount         00022100     ntoskrnl:ntoskrnl.exe
 0002:00000100       _KeTickCount               00022100     ntoskrnl:ntoskrnl.exe
 0002:00000104       __imp__KeCancelTimer@4     00022104     ntoskrnl:ntoskrnl.exe
 0002:00000108       __imp__KeWaitForMultipleObjects@32 00022108     ntoskrnl:ntoskrnl.exe
 0002:0000010c       __imp__KeSetTimerEx@20     0002210c     ntoskrnl:ntoskrnl.exe
 0002:00000110       __imp__KeInitializeTimerEx@8 00022110     ntoskrnl:ntoskrnl.exe
 0002:00000114       __imp__KeQueryTimeIncrement@0 00022114     ntoskrnl:ntoskrnl.exe
 0002:00000118       __imp_@ExfInterlockedInsertTailList@12 00022118     ntoskrnl:ntoskrnl.exe
 0002:0000011c       __imp__KeResetEvent@4      0002211c     ntoskrnl:ntoskrnl.exe
 0002:00000120       __imp__RtlLengthSecurityDescriptor@4 00022120     ntoskrnl:ntoskrnl.exe
 0002:00000124       __imp__ObOpenObjectByPointer@28 00022124     ntoskrnl:ntoskrnl.exe
 0002:00000128       _SeTokenObjectType         00022128     ntoskrnl:ntoskrnl.exe
 0002:00000128       __imp__SeTokenObjectType   00022128     ntoskrnl:ntoskrnl.exe
 0002:0000012c       __imp__KeBugCheckEx@20     0002212c     ntoskrnl:ntoskrnl.exe
 0002:00000130       __imp_@ExReleaseResourceLite@4 00022130     ntoskrnl:ntoskrnl.exe
 0002:00000134       __imp__ExAcquireResourceExclusiveLite@8 00022134     ntoskrnl:ntoskrnl.exe
 0002:00000138       __imp__FsRtlRegisterUncProvider@12 00022138     ntoskrnl:ntoskrnl.exe
 0002:0000013c       __imp__DbgPrintEx          0002213c     ntoskrnl:ntoskrnl.exe
 0002:00000140       __imp__MmGetSystemRoutineAddress@4 00022140     wdmsec:ntoskrnl.exe
 0002:00000144       __imp__RtlUnwind@16        00022144     wdmsec:ntoskrnl.exe
 0002:00000148       __imp__ZwSetSecurityObject@12 00022148     wdmsec:ntoskrnl.exe
 0002:0000014c       _IoDeviceObjectType        0002214c     wdmsec:ntoskrnl.exe
 0002:0000014c       __imp__IoDeviceObjectType  0002214c     wdmsec:ntoskrnl.exe
 0002:00000150       __imp__RtlGetDaclSecurityDescriptor@16 00022150     wdmsec:ntoskrnl.exe
 0002:00000154       __imp__RtlGetSaclSecurityDescriptor@16 00022154     wdmsec:ntoskrnl.exe
 0002:00000158       __imp__RtlGetGroupSecurityDescriptor@12 00022158     wdmsec:ntoskrnl.exe
 0002:0000015c       __imp__RtlGetOwnerSecurityDescriptor@12 0002215c     wdmsec:ntoskrnl.exe
 0002:00000160       __imp___snwprintf          00022160     wdmsec:ntoskrnl.exe
 0002:00000164       __imp__SeCaptureSecurityDescriptor@20 00022164     wdmsec:ntoskrnl.exe
 0002:00000168       __imp__SeExports           00022168     wdmsec:ntoskrnl.exe
 0002:0000016c       __imp__IoIsWdmVersionAvailable@8 0002216c     wdmsec:ntoskrnl.exe
 0002:00000170       __imp___wcsnicmp           00022170     wdmsec:ntoskrnl.exe
 0002:00000174       __imp__RtlAddAccessAllowedAce@16 00022174     wdmsec:ntoskrnl.exe
 0002:00000178       __imp__RtlLengthSid@4      00022178     wdmsec:ntoskrnl.exe
 0002:0000017c       __imp__wcschr              0002217c     wdmsec:ntoskrnl.exe
 0002:00000180       __imp__RtlAbsoluteToSelfRelativeSD@12 00022180     wdmsec:ntoskrnl.exe
 0002:00000184       __imp__RtlSetDaclSecurityDescriptor@16 00022184     wdmsec:ntoskrnl.exe
 0002:00000188       __imp__RtlCreateSecurityDescriptor@8 00022188     wdmsec:ntoskrnl.exe
 0002:0000018c       __imp__ZwOpenKey@12        0002218c     wdmsec:ntoskrnl.exe
 0002:00000190       __imp__ZwCreateKey@28      00022190     wdmsec:ntoskrnl.exe
 0002:00000194       __imp__ZwQueryValueKey@24  00022194     wdmsec:ntoskrnl.exe
 0002:00000198       __imp__ZwSetValueKey@24    00022198     wdmsec:ntoskrnl.exe
 0002:0000019c       \177ntoskrnl_NULL_THUNK_DATA 0002219c     ntoskrnl:ntoskrnl.exe
 0002:000001c0       ??_C@_1EA@BAHCLPHE@?$AAI?$AAo?$AAV?$AAa?$AAl?$AAi?$AAd?$AAa?$AAt?$AAe?$AAD?$AAe?$AAv?$AAi?$AAc?$AAe?$AAI?$AAo?$AAC?$AAo?$AAn?$AAt?$AAr?$AAo?$AAl?$AAA?$AAc?$AAc?$AAe?$AAs?$AAs?$AA?$AA@ 000221c0     wdmsec:wlwrap.obj
 0002:00000200       ??_C@_1CK@LEEDIGFP@?$AAI?$AAo?$AAC?$AAr?$AAe?$AAa?$AAt?$AAe?$AAD?$AAe?$AAv?$AAi?$AAc?$AAe?$AAS?$AAe?$AAc?$AAu?$AAr?$AAe?$AA?$AA@ 00022200     wdmsec:wlwrap.obj
 0002:00000230       _SDDL_DEVOBJ_KERNEL_ONLY_buffer 00022230     wdmsec:iosddl.obj
 0002:00000238       _SDDL_DEVOBJ_KERNEL_ONLY   00022238     wdmsec:iosddl.obj
 0002:00000240       _SDDL_DEVOBJ_SYS_ALL_buffer 00022240     wdmsec:iosddl.obj
 0002:00000260       _SDDL_DEVOBJ_SYS_ALL       00022260     wdmsec:iosddl.obj
 0002:00000268       _SDDL_DEVOBJ_SYS_ALL_ADM_ALL_buffer 00022268     wdmsec:iosddl.obj
 0002:000002a0       _SDDL_DEVOBJ_SYS_ALL_ADM_ALL 000222a0     wdmsec:iosddl.obj
 0002:000002a8       _SDDL_DEVOBJ_SYS_ALL_ADM_RX_buffer 000222a8     wdmsec:iosddl.obj
 0002:000002e4       _SDDL_DEVOBJ_SYS_ALL_ADM_RX 000222e4     wdmsec:iosddl.obj
 0002:000002f0       _SDDL_DEVOBJ_SYS_ALL_ADM_RWX_WORLD_R_buffer 000222f0     wdmsec:iosddl.obj
 0002:00000348       _SDDL_DEVOBJ_SYS_ALL_ADM_RWX_WORLD_R 00022348     wdmsec:iosddl.obj
 0002:00000350       _SDDL_DEVOBJ_SYS_ALL_ADM_RWX_WORLD_R_RES_R_buffer 00022350     wdmsec:iosddl.obj
 0002:000003c0       _SDDL_DEVOBJ_SYS_ALL_ADM_RWX_WORLD_R_RES_R 000223c0     wdmsec:iosddl.obj
 0002:000003c8       _SDDL_DEVOBJ_SYS_ALL_ADM_RWX_WORLD_RW_RES_R_buffer 000223c8     wdmsec:iosddl.obj
 0002:0000043c       _SDDL_DEVOBJ_SYS_ALL_ADM_RWX_WORLD_RW_RES_R 0002243c     wdmsec:iosddl.obj
 0002:00000448       _SDDL_DEVOBJ_SYS_ALL_ADM_RWX_WORLD_RWX_RES_RWX_buffer 00022448     wdmsec:iosddl.obj
 0002:000004c8       _SDDL_DEVOBJ_SYS_ALL_ADM_RWX_WORLD_RWX_RES_RWX 000224c8     wdmsec:iosddl.obj
 0002:000004d0       ??_C@_1GG@FCALANDO@?$AA?$HL?$AA?$CF?$AA0?$AA8?$AAX?$AA?9?$AA?$CF?$AA0?$AA4?$AAX?$AA?9?$AA?$CF?$AA0?$AA4?$AAX?$AA?9?$AA?$CF?$AA0?$AA2?$AAX?$AA?$CF?$AA0?$AA2?$AAX?$AA?9?$AA?$CF?$AA0?$AA2?$AAX?$AA?$CF?$AA0?$AA2@ 000224d0     wdmsec:ppregstate.obj
 0002:00000538       ??_C@_1HC@DKINPPAJ@?$AA?2?$AAR?$AAe?$AAg?$AAi?$AAs?$AAt?$AAr?$AAy?$AA?2?$AAM?$AAa?$AAc?$AAh?$AAi?$AAn?$AAe?$AA?2?$AAS?$AAy?$AAs?$AAt?$AAe?$AAm?$AA?2?$AAC?$AAu?$AAr?$AAr?$AAe?$AAn?$AAt@ 00022538     wdmsec:ppregstate.obj
 0002:000005ac       ??_C@_1BC@FCJNIDNL@?$AAS?$AAe?$AAc?$AAu?$AAr?$AAi?$AAt?$AAy?$AA?$AA@ 000225ac     wdmsec:ppregstate.obj
 0002:000005c0       ??_C@_1BG@COALCEMK@?$AAP?$AAr?$AAo?$AAp?$AAe?$AAr?$AAt?$AAi?$AAe?$AAs?$AA?$AA@ 000225c0     wdmsec:ppregstate.obj
 0002:000005d8       ??_C@_1BE@DJHAJDEM@?$AAE?$AAx?$AAc?$AAl?$AAu?$AAs?$AAi?$AAv?$AAe?$AA?$AA@ 000225d8     wdmsec:ppregstate.obj
 0002:000005ec       ??_C@_1CM@DIJFBEC@?$AAD?$AAe?$AAv?$AAi?$AAc?$AAe?$AAC?$AAh?$AAa?$AAr?$AAa?$AAc?$AAt?$AAe?$AAr?$AAi?$AAs?$AAt?$AAi?$AAc?$AAs?$AA?$AA@ 000225ec     wdmsec:ppregstate.obj
 0002:00000618       ??_C@_1BG@KCOOGCNN@?$AAD?$AAe?$AAv?$AAi?$AAc?$AAe?$AAT?$AAy?$AAp?$AAe?$AA?$AA@ 00022618     wdmsec:ppregstate.obj
 0002:00000630       ??_C@_1BG@OPOOGLJC@?$AAN?$AAo?$AAU?$AAs?$AAe?$AAC?$AAl?$AAa?$AAs?$AAs?$AA?$AA@ 00022630     wdmsec:ppregstate.obj
 0002:00000648       ??_C@_1BO@DAOBINHA@?$AAN?$AAo?$AAD?$AAi?$AAs?$AAp?$AAl?$AAa?$AAy?$AAC?$AAl?$AAa?$AAs?$AAs?$AA?$AA@ 00022648     wdmsec:ppregstate.obj
 0002:00000668       ??_C@_1M@OAHBGIFG@?$AAC?$AAl?$AAa?$AAs?$AAs?$AA?$AA@ 00022668     wdmsec:ppregstate.obj
 0002:00000674       ??_C@_15FCNJEDMF@?$AAG?$AAX?$AA?$AA@ 00022674     wdmsec:sesddl.obj
 0002:0000067c       ??_C@_15KLKFDJD@?$AAG?$AAW?$AA?$AA@ 0002267c     wdmsec:sesddl.obj
 0002:00000684       ??_C@_15DNGEKDKB@?$AAG?$AAR?$AA?$AA@ 00022684     wdmsec:sesddl.obj
 0002:0000068c       ??_C@_15HPMIFLNA@?$AAG?$AAA?$AA?$AA@ 0002268c     wdmsec:sesddl.obj
 0002:00000694       ??_C@_15NAFBOLGP@?$AAS?$AAD?$AA?$AA@ 00022694     wdmsec:sesddl.obj
 0002:0000069c       ??_C@_15JMMBCOHI@?$AAW?$AAO?$AA?$AA@ 0002269c     wdmsec:sesddl.obj
 0002:000006a4       ??_C@_15ELMAKJHJ@?$AAW?$AAD?$AA?$AA@ 000226a4     wdmsec:sesddl.obj
 0002:000006ac       ??_C@_15IGNKAAHD@?$AAR?$AAC?$AA?$AA@ 000226ac     wdmsec:sesddl.obj
 0002:000006b4       ??_C@_13PNBDBPLL@?$AAA?$AA?$AA@ 000226b4     wdmsec:sesddl.obj
 0002:000006b8       __load_config_used         000226b8     ntoskrnl:loadcfg.obj
 0002:00000750       ___safe_se_handler_table   00022750     <linker-defined>
 0003:00000000       ___security_cookie         00023000     BufferOverflowK:gs_support.obj
 0003:00000004       ___security_cookie_complement 00023004     BufferOverflowK:gs_support.obj
 0003:00000008       __NLG_Destination          00023008     wdmsec:_nlgsupp.obj
 0003:00000018       _PiRegStateSysAllInherittedSecurityDescriptor 00023018     wdmsec:ppregstate.obj
 0003:000001a0       _g_Debug                   000231a0     dokan.obj
 0003:000001a4       _WdmlibInitialized         000231a4     wdmsec:wlwrap.obj
 0003:000001a8       _PfnIoCreateDeviceSecure   000231a8     wdmsec:wlwrap.obj
 0003:000001ac       _PfnIoValidateDeviceIoControlAccess 000231ac     wdmsec:wlwrap.obj
 0003:000001b0       _PiRegStateDiscriptor      000231b0     wdmsec:ppregstate.obj
 0003:000001b8       _FcbFileNameNull           000231b8     <common>
 0003:000001c0       _DokanIrpEntryLookasideList 000231c0     <common>
 0003:00000210       ___@@_PchSym_@00@UkilqvxghUwlpzmcUhbhUlyqxspPdmvgPcIGUrDIGUkivxlnkOlyq@dokanx 00023210     <common>
 0004:00000010       _DokanUnload@4             00024010 f   dokan.obj
 0004:00000120       _DokanDispatchShutdown@8   00024120 f   dokan.obj
 0004:000001d0       _DokanDispatchPnp@8        000241d0 f   dokan.obj
 0004:00000400       _DokanDispatchCreate@8     00024400 f   create.obj
 0004:00000b2d       _WdmlibInit@0              00024b2d f   wdmsec:wlwrap.obj
 0004:00000b8c       _WdmlibIoCreateDeviceSecure@36 00024b8c f   wdmsec:wlwrap.obj
 0004:00000bab       _IopDevObjAdjustNewDeviceParameters@16 00024bab f   wdmsec:iodevobj.obj
 0004:00000bed       _IopDevObjApplyPostCreationSettings@8 00024bed f   wdmsec:iodevobj.obj
 0004:00000c6c       _IoDevObjCreateDeviceSecure@36 00024c6c f   wdmsec:iodevobj.obj
 0004:00000d8e       _SeUtilSecurityInfoFromSecurityDescriptor@12 00024d8e f   wdmsec:seutil.obj
 0004:00000e42       _SeSetSecurityAccessMask@8 00024e42 f   wdmsec:seutil.obj
 0004:00000e7a       _PpRegStateInitEmptyCreationSettings@4 00024e7a f   wdmsec:ppregstate.obj
 0004:00000e9b       _PiRegStateOpenClassKey@20 00024e9b f   wdmsec:ppregstate.obj
 0004:00000f9b       _PpRegStateUpdateStackCreationSettings@8 00024f9b f   wdmsec:ppregstate.obj
 0004:0000106e       _PpRegStateFreeStackCreationSettings@4 0002506e f   wdmsec:ppregstate.obj
 0004:0000108f       _PpRegStateLoadSecurityDescriptor@8 0002508f f   wdmsec:ppregstate.obj
 0004:000010ac       _PiRegStateReadStackCreationSettingsFromKey@8 000250ac f   wdmsec:ppregstate.obj
 0004:000011ee       _PpRegStateReadCreateClassCreationSettings@12 000251ee f   wdmsec:ppregstate.obj
 0004:000012db       _SepSddlGetSidForString@12 000252db f   wdmsec:sesddl.obj
 0004:00001374       _SepSddlLookupAccessMaskInTable@12 00025374 f   wdmsec:sesddl.obj
 0004:000013e1       _SepSddlAddAceToAcl@28     000253e1 f   wdmsec:sesddl.obj
 0004:00001484       _SepSddlParseWideStringUlong@12 00025484 f   wdmsec:sesddl.obj
 0004:00001554       _SepSddlGetAclForString@12 00025554 f   wdmsec:sesddl.obj
 0004:00001853       _SepSddlDaclFromSDDLString@16 00025853 f   wdmsec:sesddl.obj
 0004:000018fa       _SepSddlSecurityDescriptorFromSDDLString@12 000258fa f   wdmsec:sesddl.obj
 0004:000019cd       _SeSddlSecurityDescriptorFromSDDL@12 000259cd f   wdmsec:sesddl.obj
 0004:00001a5e       _CmRegUtilOpenExistingUcKey@16 00025a5e f   wdmsec:cmregutil.obj
 0004:00001ab3       _CmRegUtilCreateUcKey@28   00025ab3 f   wdmsec:cmregutil.obj
 0004:00001b24       _CmRegUtilUcValueGetDword@16 00025b24 f   wdmsec:cmregutil.obj
 0004:00001b83       _CmRegUtilUcValueGetFullBuffer@20 00025b83 f   wdmsec:cmregutil.obj
 0004:00001c7d       _CmRegUtilUcValueSetFullBuffer@20 00025c7d f   wdmsec:cmregutil.obj
 0004:00001ca2       _CmRegUtilOpenExistingWstrKey@16 00025ca2 f   wdmsec:cmregutil.obj
 0004:00001cd4       _CmRegUtilCreateWstrKey@28 00025cd4 f   wdmsec:cmregutil.obj
 0004:00001d0f       _CmRegUtilWstrValueGetDword@16 00025d0f f   wdmsec:cmregutil.obj
 0004:00001d41       _CmRegUtilWstrValueGetFullBuffer@20 00025d41 f   wdmsec:cmregutil.obj
 0004:00001d76       _CmRegUtilWstrValueSetFullBuffer@20 00025d76 f   wdmsec:cmregutil.obj
 0004:00001dab       _CmpRegUtilAllocateUnicodeString@8 00025dab f   wdmsec:cmregutil.obj
 0004:00001df1       _CmRegUtilUcValueSetUcString@12 00025df1 f   wdmsec:cmregutil.obj
 0004:00001e9f       _CmRegUtilWstrValueSetUcString@12 00025e9f f   wdmsec:cmregutil.obj
 0004:00001ece       _CmRegUtilWstrValueSetWstrString@12 00025ece f   wdmsec:cmregutil.obj
 0004:00001f10       ??_C@_0BK@NJABNGPK@?$FLDokanFS?$FN?5?$DM?$DN?$DN?5DokanUnload?$AA@NNGAKEGL@ 00025f10     dokan.obj
 0004:00001f30       ??_C@_0CH@GHEEPPLI@?$FLDokanFS?$FN?5?5?5Delete?5Global?5Device@NNGAKEGL@ 00025f30     dokan.obj
 0004:00001f60       ??_C@_0BK@LAIGCLA@?$FLDokanFS?$FN?5?$DN?$DN?$DO?5DokanUnload?$AA@NNGAKEGL@ 00025f60     dokan.obj
 0004:00001f80       ??_C@_01GBGANLPD@0?$AA@NNGAKEGL@ 00025f80     dokan.obj
 0004:00001f90       ??_C@_0BP@ECACBEIP@d?3?2projects?2dokanx?2sys?2dokan?4c?$AA@NNGAKEGL@ 00025f90     dokan.obj
 0004:00001fb0       ??_C@_0CF@FOPNHIJF@EX?3?5Pageable?5code?5called?5at?5IRQL@NNGAKEGL@ 00025fb0     dokan.obj
 0004:00001fe0       ??_C@_1DC@JJHBEEBC@?$AA?2?$AAD?$AAo?$AAs?$AAD?$AAe?$AAv?$AAi?$AAc?$AAe?$AAs?$AA?2?$AAG?$AAl?$AAo?$AAb?$AAa?$AAl?$AA?2?$AAD?$AAo?$AAk?$AAa?$AAn?$AA?$AA@NNGAKEGL@ 00025fe0     dokan.obj
 0004:00002020       ??_C@_0BM@BKOAMMBC@?$FLDokanFS?$FN?5?$DM?$DN?$DN?5DokanShutdown?$AA@NNGAKEGL@ 00026020     dokan.obj
 0004:00002040       ??_C@_0BM@NMHKMOAB@?$FLDokanFS?$FN?5?$DN?$DN?$DO?5DokanShutdown?$AA@NNGAKEGL@ 00026040     dokan.obj
 0004:00002060       ??_C@_0BH@EGLFJJBD@?$FLDokanFS?$FN?5?$DM?$DN?$DN?5DokanPnp?$AA@NNGAKEGL@ 00026060     dokan.obj
 0004:00002080       ??_C@_0CH@GHDIJIE@?$FLDokanFS?$FN?5?5?5?5other?5minnor?5functi@NNGAKEGL@ 00026080     dokan.obj
 0004:000020b0       ??_C@_0CK@NHBNEDNN@?$FLDokanFS?$FN?5?5?5IRP_MN_QUERY_DEVICE_@NNGAKEGL@ 000260b0     dokan.obj
 0004:000020e0       ??_C@_0CI@MHPFGLC@?$FLDokanFS?$FN?5?5?5IRP_MN_CANCEL_REMOVE@NNGAKEGL@ 000260e0     dokan.obj
 0004:00002110       ??_C@_0CB@NILBPFF@?$FLDokanFS?$FN?5?5?5IRP_MN_REMOVE_DEVICE@NNGAKEGL@ 00026110     dokan.obj
 0004:00002140       ??_C@_0CE@HFCNCFCL@?$FLDokanFS?$FN?5?5?5IRP_MN_SURPRISE_REMO@NNGAKEGL@ 00026140     dokan.obj
 0004:00002170       ??_C@_0CH@DPPCJIGM@?$FLDokanFS?$FN?5?5?5IRP_MN_QUERY_REMOVE_@NNGAKEGL@ 00026170     dokan.obj
 0004:000021a0       ??_C@_0BH@CMBCGJH@?$FLDokanFS?$FN?5?$DN?$DN?$DO?5DokanPnp?$AA@NNGAKEGL@ 000261a0     dokan.obj
 0004:000021c0       ??_C@_0BK@EHCCPIHG@?$FLDokanFS?$FN?5?$DM?$DN?$DN?5DokanCreate?$AA@NNGAKEGL@ 000261c0     create.obj
 0004:000021e0       ??_C@_0CB@HPBGBMHG@?$FLDokanFS?$FN?5?5?5RelatedFileName?3?$CFwZ?6@NNGAKEGL@ 000261e0     create.obj
 0004:00002210       ??_C@_0BP@BMOJAHOB@?$FLDokanFS?$FN?5?5?5?5?5alternate?5stream?$AA@NNGAKEGL@ 00026210     create.obj
 0004:00002230       ??_C@_0FH@NJJAAOKL@?$FLDokanFS?$FN?5?5?5when?5RelatedFileObje@NNGAKEGL@ 00026230     create.obj
 0004:00002290       ??_C@_0CD@MEEBLB@?$FLDokanFS?$FN?5?5?5?5request?5for?5FS?5devi@NNGAKEGL@ 00026290     create.obj
 0004:000022c0       ??_C@_0DC@PPJGNHJC@?$FLDokanFS?$FN?5?5?5IrpSp?9?$DOFlags?5SL_OPEN@NNGAKEGL@ 000262c0     create.obj
 0004:00002300       ??_C@_0CN@PKJNFALP@?$FLDokanFS?$FN?5?5?5IrpSp?9?$DOFlags?5SL_OPEN@NNGAKEGL@ 00026300     create.obj
 0004:00002330       ??_C@_0CP@DNBPOKKB@?$FLDokanFS?$FN?5?5?5IrpSp?9?$DOFlags?5SL_FORC@NNGAKEGL@ 00026330     create.obj
 0004:00002360       ??_C@_0CL@IOJOCKLE@?$FLDokanFS?$FN?5?5?5IrpSp?9?$DOFlags?5SL_CASE@NNGAKEGL@ 00026360     create.obj
 0004:00002390       ??_C@_0BP@CGNJLGHF@?$FLDokanFS?$FN?5?5?5IrpSp?9?$DOFlags?5?$DN?5?$CFd?6?$AA@NNGAKEGL@ 00026390     create.obj
 0004:000023b0       ??_C@_0BK@EIDMBJFC@?$FLDokanFS?$FN?5?5?5FileName?3?$CFwZ?6?$AA@NNGAKEGL@ 000263b0     create.obj
 0004:000023d0       ??_C@_0BL@MFADMBAH@?$FLDokanFS?$FN?5?5?5ProcessId?5?$CFlu?6?$AA@NNGAKEGL@ 000263d0     create.obj
 0004:000023f0       ??_C@_0BP@CJHCKLAN@?$FLDokanFS?$FN?5?5?5fileObject?5?$DN?$DN?5NULL?$AA@NNGAKEGL@ 000263f0     create.obj
 0004:00002410       ??_C@_0BK@JFCLEMDM@?$FLDokanFS?$FN?5?$DN?$DN?$DO?5DokanCreate?$AA@NNGAKEGL@ 00026410     create.obj
 0004:00002430       ??_C@_0CA@POHCNICD@d?3?2projects?2dokanx?2sys?2create?4c?$AA@NNGAKEGL@ 00026430     create.obj
 0005:00000010       _DriverEntry@8             00027010 f   dokan.obj
 0005:000002a9       ___security_init_cookie    000272a9 f   BufferOverflowK:gs_support.obj
 0005:000002e2       _GsDriverEntry@8           000272e2 f   BufferOverflowK:gs_support.obj
 0005:00000300       ??_C@_0BK@FGPILMMJ@?$FLDokanFS?$FN?5?$DM?$DN?$DN?5DriverEntry?$AA@PBOPGDP@ 00027300     dokan.obj
 0005:00000320       ??_C@_0EC@DFDEMNAL@?$FLDokanFS?$FN?5?5?5FsRtlRegisterFileSys@PBOPGDP@ 00027320     dokan.obj
 0005:00000370       ??_C@_0CC@CFNLNALC@?$FLDokanFS?$FN?5?5?5ExAllocatePool?5faile@PBOPGDP@ 00027370     dokan.obj
 0005:000003a0       ??_C@_0CJ@LNIFNHPE@?$FLDokanFS?$FN?5?$DN?$DN?$DO?5DriverEntry?5ver?4?$CFx@PBOPGDP@ 000273a0     dokan.obj
 0005:000003d0       ??_C@_0M@PFMCCLLM@Jun?5?57?52013?$AA@PBOPGDP@ 000273d0     dokan.obj
 0005:000003e0       ??_C@_08GGOJLIMO@11?311?352?$AA@PBOPGDP@ 000273e0     dokan.obj
 0005:000003ec       __IMPORT_DESCRIPTOR_ntoskrnl 000273ec     ntoskrnl:ntoskrnl.exe
 0005:00000400       __IMPORT_DESCRIPTOR_HAL    00027400     hal:HAL.dll
 0005:00000414       __NULL_IMPORT_DESCRIPTOR   00027414     ntoskrnl:ntoskrnl.exe

 entry point at        0005:000002e2

 Static symbols

 0001:00001a50       _RtlStringValidateDestW@12 00012a50 f   init.obj
 0001:00001a80       _RtlStringValidateDestAndLengthW@16 00012a80 f   init.obj
 0001:00001ad0       _RtlStringLengthWorkerW@12 00012ad0 f   init.obj
 0001:00001b50       _RtlStringCopyWorkerW@20   00012b50 f   init.obj
 0001:0000c4b8       __unwind_handler4          0001d4b8 f   wdmsec:exsup4.obj
